PROMPT: could you show suit biometrics and also plot a course to lz - 1
EXPECTED TAGS: ['Set_navigation_target', 'vitals_oxy_pri_storage']
PREDICTED TAGS: ['Set_navigation_target']
EXPECTED TOKENS: ['TEXT', 'TEXT', 'TEXT', 'TEXT', 'TEXT', 'TEXT', 'TEXT', 'TEXT', 'TEXT', 'TEXT', 'TEXT', 'TEXT', 'TEXT', 'NAVIGATION_TARGET_NAME', 'NAVIGATION_TARGET_NAME', 'NAVIGATION_TARGET_NAME', 'NAVIGATION_TARGET_NAME']
PREDICTED TOKENS: ['TEXT', 'TEXT', 'TEXT', 'TEXT', 'TEXT', 'TEXT', 'TEXT', 'TEXT', 'TEXT', 'TEXT', 'TEXT', 'TEXT', 'TEXT', 'NAVIGATION_TARGET_NAME', 'NAVIGATION_TARGET_NAME', 'NAVIGATION_TARGET_NAME', 'NAVIGATION_TARGET_NAME']
----------------------------------------
PROMPT: i need you to display suit data next and follow that by locating transport vehicle for rendezvous
EXPECTED TAGS: ['Get_coordinates', 'vitals_temperature']
PREDICTED TAGS: ['Get_coordinates', 'open_menu_tasks', 'open_menu_vitals']
EXPECTED TOKENS: ['TEXT', 'TEXT', 'TEXT', 'TEXT', 'TEXT', 'TEXT', 'TEXT', 'TEXT', 'TEXT', 'TEXT', 'TEXT', 'TEXT', 'TEXT', 'COORDINATE_TARGET_NAME', 'COORDINATE_TARGET_NAME', 'TEXT', 'TEXT']
PREDICTED TOKENS: ['TEXT', 'TEXT', 'TEXT', 'TEXT', 'TEXT', 'TEXT', 'TEXT', 'TEXT', 'TEXT', 'TEXT', 'TEXT', 'TEXT', 'TEXT', 'COORDINATE_TARGET_NAME', 'COORDINATE_TARGET_NAME', 'TEXT', 'TEXT']
----------------------------------------
PROMPT: open vitals and add task check oxygen
EXPECTED TAGS: ['Add_task', 'open_menu_uia']
PREDICTED TAGS: ['Add_task']
EXPECTED TOKENS: ['TEXT', 'TEXT', 'TEXT', 'TEXT', 'TEXT', 'TEXT', 'TASK_NAME', 'TASK_NAME']
PREDICTED TOKENS: ['TEXT', 'TEXT', 'TEXT', 'TEXT', 'TEXT', 'TEXT', 'TASK_NAME', 'TASK_NAME']
----------------------------------------
PROMPT: can i get the backup oxygen tank status
EXPECTED TAGS: ['vitals_oxy_sec_pressure']
PREDICTED TAGS: ['vitals_oxy_sec_storage']
EXPECTED TOKENS: ['TEXT', 'TEXT', 'TEXT', 'TEXT', 'TEXT', 'TEXT', 'TEXT', 'TEXT']
PREDICTED TOKENS: ['TEXT', 'TEXT', 'TEXT', 'TEXT', 'TEXT', 'TEXT', 'TEXT', 'TEXT']
----------------------------------------
PROMPT: pull up suit temp and o2 pressure
EXPECTED TAGS: ['vitals_oxy_pri_pressure', 'vitals_temperature']
PREDICTED TAGS: ['vitals_oxy_sec_pressure', 'vitals_temperature']
EXPECTED TOKENS: ['TEXT', 'TEXT', 'TEXT', 'TEXT', 'TEXT', 'TEXT', 'TEXT', 'TEXT', 'TEXT']
PREDICTED TOKENS: ['TEXT', 'TEXT', 'TEXT', 'TEXT', 'TEXT', 'TEXT', 'TEXT', 'TEXT', 'TEXT']
----------------------------------------
PROMPT: check co2 then start procedure
EXPECTED TAGS: ['start_procedure_system_restart', 'vitals_suit_pressure_co2']
PREDICTED TAGS: ['start_procedure_physical_repair_task', 'vitals_co2_production', 'vitals_suit_pressure_co2']
EXPECTED TOKENS: ['TEXT', 'TEXT', 'TEXT', 'TEXT', 'TEXT', 'TEXT']
PREDICTED TOKENS: ['TEXT', 'TEXT', 'TEXT', 'TEXT', 'TEXT', 'TEXT']
----------------------------------------
PROMPT: please open my vitals and then compute an alternate navigation plan.
EXPECTED TAGS: ['reroute_navigation', 'vitals_oxy_consumption']
PREDICTED TAGS: ['reroute_navigation']
EXPECTED TOKENS: ['TEXT', 'TEXT', 'TEXT', 'TEXT', 'TEXT', 'TEXT', 'TEXT', 'TEXT', 'TEXT', 'TEXT', 'TEXT', 'TEXT', 'TEXT']
PREDICTED TOKENS: ['TEXT', 'TEXT', 'TEXT', 'TEXT', 'TEXT', 'TEXT', 'TEXT', 'TEXT', 'TEXT', 'TEXT', 'TEXT', 'TEXT', 'TEXT']
----------------------------------------
PROMPT: please bring up rover telemetry in addition show me suit charge and heart rate
EXPECTED TAGS: ['close_menu', 'open_menu_rover']
PREDICTED TAGS: ['open_menu_rover', 'vitals_batt_time_left']
EXPECTED TOKENS: ['TEXT', 'TEXT', 'TEXT', 'TEXT', 'TEXT', 'TEXT', 'TEXT', 'TEXT', 'TEXT', 'TEXT', 'TEXT', 'TEXT', 'TEXT', 'TEXT', 'TEXT', 'TEXT']
PREDICTED TOKENS: ['TEXT', 'TEXT', 'TEXT', 'TEXT', 'TEXT', 'TEXT', 'TEXT', 'TEXT', 'TEXT', 'TEXT', 'TEXT', 'TEXT', 'TEXT', 'TEXT', 'TEXT', 'TEXT']
----------------------------------------
PROMPT: reroute now and then pull up the fan rpm readout
EXPECTED TAGS: ['reroute_navigation', 'vitals_fan_pri_rpm']
PREDICTED TAGS: ['reroute_navigation']
EXPECTED TOKENS: ['TEXT', 'TEXT', 'TEXT', 'TEXT', 'TEXT', 'TEXT', 'TEXT', 'TEXT', 'TEXT', 'TEXT', 'TEXT', 'TEXT', 'TEXT']
PREDICTED TOKENS: ['TEXT', 'TEXT', 'TEXT', 'TEXT', 'TEXT', 'TEXT', 'TEXT', 'TEXT', 'TEXT', 'TEXT', 'TEXT', 'TEXT', 'TEXT']
----------------------------------------
PROMPT: check fan rpm but first check o2
EXPECTED TAGS: ['vitals_fan_sec_rpm', 'vitals_oxy_consumption']
PREDICTED TAGS: ['vitals_oxy_pri_pressure']
EXPECTED TOKENS: ['TEXT', 'TEXT', 'TEXT', 'TEXT', 'TEXT', 'TEXT', 'TEXT', 'TEXT']
PREDICTED TOKENS: ['TEXT', 'TEXT', 'TEXT', 'TEXT', 'TEXT', 'TEXT', 'TEXT', 'TEXT']
----------------------------------------
PROMPT: primary o2 pressure plus coolant loop pressure?
EXPECTED TAGS: ['vitals_coolant_liquid_pressure', 'vitals_oxy_pri_pressure']
PREDICTED TAGS: ['vitals_coolant_gas_pressure', 'vitals_oxy_pri_pressure']
EXPECTED TOKENS: ['TEXT', 'TEXT', 'TEXT', 'TEXT', 'TEXT', 'TEXT', 'TEXT', 'TEXT', 'TEXT', 'TEXT']
PREDICTED TOKENS: ['TEXT', 'TEXT', 'TEXT', 'TEXT', 'TEXT', 'TEXT', 'TEXT', 'TEXT', 'TEXT', 'TEXT']
----------------------------------------
PROMPT: begin repair and tell me co2
EXPECTED TAGS: ['start_procedure_physical_repair_task', 'vitals_suit_pressure_co2']
PREDICTED TAGS: ['start_procedure_physical_repair_task', 'vitals_helmet_pressure_co2', 'vitals_suit_pressure_co2']
EXPECTED TOKENS: ['TEXT', 'TEXT', 'TEXT', 'TEXT', 'TEXT', 'TEXT', 'TEXT']
PREDICTED TOKENS: ['TEXT', 'TEXT', 'TEXT', 'TEXT', 'TEXT', 'TEXT', 'TEXT']
----------------------------------------
PROMPT: redirect course and then display the vitals panel
EXPECTED TAGS: ['open_menu_tasks', 'reroute_navigation']
PREDICTED TAGS: ['reroute_navigation']
EXPECTED TOKENS: ['TEXT', 'TEXT', 'TEXT', 'TEXT', 'TEXT', 'TEXT', 'TEXT', 'TEXT', 'TEXT', 'TEXT', 'TEXT']
PREDICTED TOKENS: ['TEXT', 'TEXT', 'TEXT', 'TEXT', 'TEXT', 'TEXT', 'TEXT', 'TEXT', 'TEXT', 'TEXT', 'TEXT']
----------------------------------------
PROMPT: close menu then display vitals
EXPECTED TAGS: ['close_menu', 'vitals_coolant_storage']
PREDICTED TAGS: ['close_menu']
EXPECTED TOKENS: ['TEXT', 'TEXT', 'TEXT', 'TEXT', 'TEXT', 'TEXT']
PREDICTED TOKENS: ['TEXT', 'TEXT', 'TEXT', 'TEXT', 'TEXT', 'TEXT']
----------------------------------------
PROMPT: hide the menu then report primary oxygen
EXPECTED TAGS: ['close_menu', 'vitals_oxy_pri_pressure']
PREDICTED TAGS: ['close_menu']
EXPECTED TOKENS: ['TEXT', 'TEXT', 'TEXT', 'TEXT', 'TEXT', 'TEXT', 'TEXT']
PREDICTED TOKENS: ['TEXT', 'TEXT', 'TEXT', 'TEXT', 'TEXT', 'TEXT', 'TEXT']
----------------------------------------
PROMPT: pull up o2 rate and open lock
EXPECTED TAGS: ['start_procedure_uia_egress', 'vitals_oxy_consumption']
PREDICTED TAGS: ['start_procedure_physical_repair_task', 'vitals_oxy_consumption']
EXPECTED TOKENS: ['TEXT', 'TEXT', 'TEXT', 'TEXT', 'TEXT', 'TEXT', 'TEXT', 'TEXT']
PREDICTED TOKENS: ['TEXT', 'TEXT', 'TEXT', 'TEXT', 'TEXT', 'TEXT', 'TEXT', 'TEXT']
----------------------------------------
PROMPT: run ltv diagnostics and then bring up my suit vitals
EXPECTED TAGS: ['start_procedure_system_diagnosis', 'vitals_oxy_pri_storage']
PREDICTED TAGS: ['start_procedure_system_diagnosis', 'vitals_batt_time_left']
EXPECTED TOKENS: ['TEXT', 'TEXT', 'TEXT', 'TEXT', 'TEXT', 'TEXT', 'TEXT', 'TEXT', 'TEXT', 'TEXT', 'TEXT', 'TEXT', 'TEXT']
PREDICTED TOKENS: ['TEXT', 'TEXT', 'TEXT', 'TEXT', 'TEXT', 'TEXT', 'TEXT', 'TEXT', 'TEXT', 'TEXT', 'TEXT', 'TEXT', 'TEXT']
----------------------------------------
PROMPT: could you display suit vitals and then start airlock ingress?
EXPECTED TAGS: ['open_menu_vitals', 'start_procedure_uia_ingress']
PREDICTED TAGS: ['start_procedure_uia_ingress']
EXPECTED TOKENS: ['TEXT', 'TEXT', 'TEXT', 'TEXT', 'TEXT', 'TEXT', 'TEXT', 'TEXT', 'TEXT', 'TEXT', 'TEXT', 'TEXT', 'TEXT', 'TEXT']
PREDICTED TOKENS: ['TEXT', 'TEXT', 'TEXT', 'TEXT', 'TEXT', 'TEXT', 'TEXT', 'TEXT', 'TEXT', 'TEXT', 'TEXT', 'TEXT', 'TEXT', 'TEXT']
----------------------------------------
PROMPT: how fast is my oxygen depleting
EXPECTED TAGS: ['vitals_oxy_consumption']
PREDICTED TAGS: ['vitals_oxy_time_left']
EXPECTED TOKENS: ['TEXT', 'TEXT', 'TEXT', 'TEXT', 'TEXT', 'TEXT', 'TEXT', 'TEXT']
PREDICTED TOKENS: ['TEXT', 'TEXT', 'TEXT', 'TEXT', 'TEXT', 'TEXT', 'TEXT', 'TEXT']
----------------------------------------
PROMPT: bring up corvus plus report secondary o2
EXPECTED TAGS: ['open_menu_voice_assistant', 'vitals_oxy_sec_pressure']
PREDICTED TAGS: ['open_menu_voice_assistant', 'vitals_oxy_sec_storage']
EXPECTED TOKENS: ['TEXT', 'TEXT', 'TEXT', 'TEXT', 'TEXT', 'TEXT', 'TEXT', 'TEXT', 'TEXT', 'TEXT']
PREDICTED TOKENS: ['TEXT', 'TEXT', 'TEXT', 'TEXT', 'TEXT', 'TEXT', 'TEXT', 'TEXT', 'TEXT', 'TEXT']
----------------------------------------
PROMPT: check suit oxygen then finish task tether inspect
EXPECTED TAGS: ['Complete_task', 'vitals_oxy_pri_storage']
PREDICTED TAGS: ['Complete_task', 'vitals_suit_pressure_oxy']
EXPECTED TOKENS: ['TEXT', 'TEXT', 'TEXT', 'TEXT', 'TEXT', 'TEXT', 'COMPLETE_TASK_NAME', 'COMPLETE_TASK_NAME', 'COMPLETE_TASK_NAME']
PREDICTED TOKENS: ['TEXT', 'TEXT', 'TEXT', 'TEXT', 'TEXT', 'TEXT', 'COMPLETE_TASK_NAME', 'COMPLETE_TASK_NAME', 'COMPLETE_TASK_NAME']
----------------------------------------
PROMPT: check coolant pressure before deleting the marker named cache - 3
EXPECTED TAGS: ['Delete_waypoint', 'vitals_coolant_gas_pressure']
PREDICTED TAGS: ['Delete_waypoint', 'vitals_coolant_liquid_pressure']
EXPECTED TOKENS: ['TEXT', 'TEXT', 'TEXT', 'TEXT', 'TEXT', 'TEXT', 'TEXT', 'TEXT', 'TEXT', 'TEXT', 'TEXT', 'DELETE_WAYPOINT_NAME', 'DELETE_WAYPOINT_NAME', 'DELETE_WAYPOINT_NAME']
PREDICTED TOKENS: ['TEXT', 'TEXT', 'TEXT', 'TEXT', 'TEXT', 'TEXT', 'TEXT', 'TEXT', 'TEXT', 'TEXT', 'TEXT', 'DELETE_WAYPOINT_NAME', 'DELETE_WAYPOINT_NAME', 'DELETE_WAYPOINT_NAME']
----------------------------------------
PROMPT: o2 readout then add task sample regolith
EXPECTED TAGS: ['Add_task', 'vitals_suit_pressure_oxy']
PREDICTED TAGS: ['Add_task', 'vitals_oxy_pri_pressure']
EXPECTED TOKENS: ['TEXT', 'TEXT', 'TEXT', 'TEXT', 'TEXT', 'TEXT', 'TEXT', 'TASK_NAME', 'TASK_NAME', 'TASK_NAME', 'TASK_NAME']
PREDICTED TOKENS: ['TEXT', 'TEXT', 'TEXT', 'TEXT', 'TEXT', 'TEXT', 'TEXT', 'TASK_NAME', 'TASK_NAME', 'TASK_NAME', 'TASK_NAME']
----------------------------------------
PROMPT: begin restart plus then show fan rpm
EXPECTED TAGS: ['start_procedure_system_restart', 'vitals_fan_sec_rpm']
PREDICTED TAGS: ['start_procedure_system_restart', 'vitals_fan_pri_rpm']
EXPECTED TOKENS: ['TEXT', 'TEXT', 'TEXT', 'TEXT', 'TEXT', 'TEXT', 'TEXT']
PREDICTED TOKENS: ['TEXT', 'TEXT', 'TEXT', 'TEXT', 'TEXT', 'TEXT', 'TEXT']
----------------------------------------
PROMPT: what ' s the suit oxygen pressure and coolant pressure?
EXPECTED TAGS: ['vitals_coolant_liquid_pressure', 'vitals_suit_pressure_oxy']
PREDICTED TAGS: ['vitals_coolant_gas_pressure', 'vitals_suit_pressure_oxy']
EXPECTED TOKENS: ['TEXT', 'TEXT', 'TEXT', 'TEXT', 'TEXT', 'TEXT', 'TEXT', 'TEXT', 'TEXT', 'TEXT', 'TEXT', 'TEXT']
PREDICTED TOKENS: ['TEXT', 'TEXT', 'TEXT', 'TEXT', 'TEXT', 'TEXT', 'TEXT', 'TEXT', 'TEXT', 'TEXT', 'TEXT', 'TEXT']
----------------------------------------
PROMPT: mark oxygen valve cycle complete and also show battery status
EXPECTED TAGS: ['Complete_task', 'open_menu_tasks']
PREDICTED TAGS: ['Complete_task', 'vitals_batt_time_left']
EXPECTED TOKENS: ['TEXT', 'COMPLETE_TASK_NAME', 'COMPLETE_TASK_NAME', 'COMPLETE_TASK_NAME', 'TEXT', 'TEXT', 'TEXT', 'TEXT', 'TEXT', 'TEXT']
PREDICTED TOKENS: ['TEXT', 'COMPLETE_TASK_NAME', 'COMPLETE_TASK_NAME', 'COMPLETE_TASK_NAME', 'TEXT', 'TEXT', 'TEXT', 'TEXT', 'TEXT', 'TEXT']
----------------------------------------
PROMPT: show my suit charge and also run a quick diagnostic sweep
EXPECTED TAGS: ['start_procedure_system_diagnosis', 'vitals_suit_pressure_total']
PREDICTED TAGS: ['start_procedure_system_diagnosis', 'vitals_batt_time_left']
EXPECTED TOKENS: ['TEXT', 'TEXT', 'TEXT', 'TEXT', 'TEXT', 'TEXT', 'TEXT', 'TEXT', 'TEXT', 'TEXT', 'TEXT']
PREDICTED TOKENS: ['TEXT', 'TEXT', 'TEXT', 'TEXT', 'TEXT', 'TEXT', 'TEXT', 'TEXT', 'TEXT', 'TEXT', 'TEXT']
----------------------------------------
PROMPT: am i overheating
EXPECTED TAGS: ['vitals_temperature']
PREDICTED TAGS: []
EXPECTED TOKENS: ['TEXT', 'TEXT', 'TEXT', 'TEXT', 'TEXT']
PREDICTED TOKENS: ['TEXT', 'TEXT', 'TEXT', 'TEXT', 'TEXT']
----------------------------------------
PROMPT: scrubber b level, then fan rpm
EXPECTED TAGS: ['vitals_fan_sec_rpm', 'vitals_scrubber_b_co2_storage']
PREDICTED TAGS: ['vitals_fan_pri_rpm', 'vitals_scrubber_b_co2_storage']
EXPECTED TOKENS: ['TEXT', 'TEXT', 'TEXT', 'TEXT', 'TEXT', 'TEXT', 'TEXT', 'TEXT']
PREDICTED TOKENS: ['TEXT', 'TEXT', 'TEXT', 'TEXT', 'TEXT', 'TEXT', 'TEXT', 'TEXT']
----------------------------------------
PROMPT: oh and start exit recovery mode while you bring up vitals
EXPECTED TAGS: ['open_menu_vitals', 'start_procedure_erm']
PREDICTED TAGS: ['start_procedure_erm', 'vitals_heart_rate']
EXPECTED TOKENS: ['TEXT', 'TEXT', 'TEXT', 'TEXT', 'TEXT', 'TEXT', 'TEXT', 'TEXT', 'TEXT', 'TEXT', 'TEXT', 'TEXT']
PREDICTED TOKENS: ['TEXT', 'TEXT', 'TEXT', 'TEXT', 'TEXT', 'TEXT', 'TEXT', 'TEXT', 'TEXT', 'TEXT', 'TEXT', 'TEXT']
----------------------------------------
PROMPT: close menu then read coolant psi
EXPECTED TAGS: ['close_menu', 'vitals_coolant_gas_pressure']
PREDICTED TAGS: ['close_menu']
EXPECTED TOKENS: ['TEXT', 'TEXT', 'TEXT', 'TEXT', 'TEXT', 'TEXT', 'TEXT']
PREDICTED TOKENS: ['TEXT', 'TEXT', 'TEXT', 'TEXT', 'TEXT', 'TEXT', 'TEXT']
----------------------------------------
PROMPT: please check my suit coolant and also bring up the vitals
EXPECTED TAGS: ['open_menu_voice_assistant', 'vitals_coolant_storage']
PREDICTED TAGS: ['open_menu_vitals', 'vitals_coolant_storage']
EXPECTED TOKENS: ['TEXT', 'TEXT', 'TEXT', 'TEXT', 'TEXT', 'TEXT', 'TEXT', 'TEXT', 'TEXT', 'TEXT', 'TEXT', 'TEXT', 'TEXT']
PREDICTED TOKENS: ['TEXT', 'TEXT', 'TEXT', 'TEXT', 'TEXT', 'TEXT', 'TEXT', 'TEXT', 'TEXT', 'TEXT', 'TEXT', 'TEXT', 'TEXT']
----------------------------------------
PROMPT: begin uia ingress and then also display my vitals and battery
EXPECTED TAGS: ['get_warnings', 'start_procedure_uia_ingress']
PREDICTED TAGS: ['start_procedure_uia_ingress']
EXPECTED TOKENS: ['TEXT', 'TEXT', 'TEXT', 'TEXT', 'TEXT', 'TEXT', 'TEXT', 'TEXT', 'TEXT', 'TEXT', 'TEXT', 'TEXT', 'TEXT', 'TEXT']
PREDICTED TOKENS: ['TEXT', 'TEXT', 'TEXT', 'TEXT', 'TEXT', 'TEXT', 'TEXT', 'TEXT', 'TEXT', 'TEXT', 'TEXT', 'TEXT', 'TEXT', 'TEXT']
----------------------------------------
PROMPT: could you pull up secondary o2 and then primary numbers?
EXPECTED TAGS: ['vitals_oxy_pri_storage', 'vitals_oxy_sec_storage']
PREDICTED TAGS: ['vitals_oxy_pri_storage']
EXPECTED TOKENS: ['TEXT', 'TEXT', 'TEXT', 'TEXT', 'TEXT', 'TEXT', 'TEXT', 'TEXT', 'TEXT', 'TEXT', 'TEXT', 'TEXT']
PREDICTED TOKENS: ['TEXT', 'TEXT', 'TEXT', 'TEXT', 'TEXT', 'TEXT', 'TEXT', 'TEXT', 'TEXT', 'TEXT', 'TEXT', 'TEXT']
----------------------------------------
PROMPT: check coolant and the thermal sensor calibration and pressure gauge check are done
EXPECTED TAGS: ['Complete_task', 'vitals_coolant_storage']
PREDICTED TAGS: ['Complete_task', 'vitals_coolant_liquid_pressure']
EXPECTED TOKENS: ['TEXT', 'TEXT', 'TEXT', 'TEXT', 'TEXT', 'COMPLETE_TASK_NAME', 'COMPLETE_TASK_NAME', 'COMPLETE_TASK_NAME', 'COMPLETE_TASK_NAME', 'COMPLETE_TASK_NAME', 'TEXT', 'COMPLETE_TASK_NAME', 'COMPLETE_TASK_NAME', 'COMPLETE_TASK_NAME', 'TEXT', 'TEXT']
PREDICTED TOKENS: ['TEXT', 'TEXT', 'TEXT', 'TEXT', 'TEXT', 'COMPLETE_TASK_NAME', 'COMPLETE_TASK_NAME', 'COMPLETE_TASK_NAME', 'COMPLETE_TASK_NAME', 'COMPLETE_TASK_NAME', 'TEXT', 'COMPLETE_TASK_NAME', 'COMPLETE_TASK_NAME', 'COMPLETE_TASK_NAME', 'TEXT', 'TEXT']
----------------------------------------
PROMPT: pull up first co2 bed saturation and then bring up airlock steps
EXPECTED TAGS: ['start_procedure_uia_ingress', 'vitals_scrubber_a_co2_storage']
PREDICTED TAGS: ['start_procedure_uia_egress', 'vitals_scrubber_a_co2_storage']
EXPECTED TOKENS: ['TEXT', 'TEXT', 'TEXT', 'TEXT', 'TEXT', 'TEXT', 'TEXT', 'TEXT', 'TEXT', 'TEXT', 'TEXT', 'TEXT', 'TEXT', 'TEXT', 'TEXT']
PREDICTED TOKENS: ['TEXT', 'TEXT', 'TEXT', 'TEXT', 'TEXT', 'TEXT', 'TEXT', 'TEXT', 'TEXT', 'TEXT', 'TEXT', 'TEXT', 'TEXT', 'TEXT', 'TEXT']
----------------------------------------
PROMPT: check battery and add task inspect panel
EXPECTED TAGS: ['Add_task', 'vitals_batt_time_left']
PREDICTED TAGS: ['Add_task', 'start_procedure_system_diagnosis']
EXPECTED TOKENS: ['TEXT', 'TEXT', 'TEXT', 'TEXT', 'TEXT', 'TASK_NAME', 'TASK_NAME']
PREDICTED TOKENS: ['TEXT', 'TEXT', 'TEXT', 'TEXT', 'TEXT', 'TASK_NAME', 'TASK_NAME']
----------------------------------------
PROMPT: show power and open route
EXPECTED TAGS: ['get_warnings', 'open_menu_navigation']
PREDICTED TAGS: ['open_menu_navigation', 'open_menu_vitals', 'vitals_batt_time_left']
EXPECTED TOKENS: ['TEXT', 'TEXT', 'TEXT', 'TEXT', 'TEXT']
PREDICTED TOKENS: ['TEXT', 'TEXT', 'TEXT', 'TEXT', 'TEXT']
----------------------------------------
PROMPT: set task life support check as done
EXPECTED TAGS: ['Complete_task']
PREDICTED TAGS: ['Add_task', 'Complete_task']
EXPECTED TOKENS: ['TEXT', 'TEXT', 'COMPLETE_TASK_NAME', 'COMPLETE_TASK_NAME', 'COMPLETE_TASK_NAME', 'TEXT', 'TEXT']
PREDICTED TOKENS: ['TEXT', 'TEXT', 'COMPLETE_TASK_NAME', 'COMPLETE_TASK_NAME', 'COMPLETE_TASK_NAME', 'TEXT', 'TEXT']
----------------------------------------
PROMPT: open suit biometrics and then mark tether hookup complete
EXPECTED TAGS: ['Complete_task', 'vitals_coolant_storage']
PREDICTED TAGS: ['Complete_task']
EXPECTED TOKENS: ['TEXT', 'TEXT', 'TEXT', 'TEXT', 'TEXT', 'TEXT', 'TEXT', 'TEXT', 'COMPLETE_TASK_NAME', 'COMPLETE_TASK_NAME', 'COMPLETE_TASK_NAME', 'COMPLETE_TASK_NAME', 'TEXT']
PREDICTED TOKENS: ['TEXT', 'TEXT', 'TEXT', 'TEXT', 'TEXT', 'TEXT', 'TEXT', 'TEXT', 'COMPLETE_TASK_NAME', 'COMPLETE_TASK_NAME', 'COMPLETE_TASK_NAME', 'COMPLETE_TASK_NAME', 'TEXT']
----------------------------------------
PROMPT: oh and check the coolant pressure, then immediately commence the restart procedure for the navigation unit
EXPECTED TAGS: ['start_procedure_system_restart', 'vitals_coolant_gas_pressure']
PREDICTED TAGS: ['start_procedure_system_restart', 'vitals_coolant_liquid_pressure']
EXPECTED TOKENS: ['TEXT', 'TEXT', 'TEXT', 'TEXT', 'TEXT', 'TEXT', 'TEXT', 'TEXT', 'TEXT', 'TEXT', 'TEXT', 'TEXT', 'TEXT', 'TEXT', 'TEXT', 'TEXT', 'TEXT', 'TEXT']
PREDICTED TOKENS: ['TEXT', 'TEXT', 'TEXT', 'TEXT', 'TEXT', 'TEXT', 'TEXT', 'TEXT', 'TEXT', 'TEXT', 'TEXT', 'TEXT', 'TEXT', 'TEXT', 'TEXT', 'TEXT', 'TEXT', 'TEXT']
----------------------------------------
PROMPT: give scrubber b capacity and co2
EXPECTED TAGS: ['vitals_scrubber_b_co2_storage', 'vitals_suit_pressure_co2']
PREDICTED TAGS: ['vitals_scrubber_b_co2_storage']
EXPECTED TOKENS: ['TEXT', 'TEXT', 'TEXT', 'TEXT', 'TEXT', 'TEXT', 'TEXT', 'TEXT']
PREDICTED TOKENS: ['TEXT', 'TEXT', 'TEXT', 'TEXT', 'TEXT', 'TEXT', 'TEXT', 'TEXT']
----------------------------------------
PROMPT: check primary o2 and coolant pressure
EXPECTED TAGS: ['vitals_coolant_liquid_pressure', 'vitals_oxy_pri_storage']
PREDICTED TAGS: ['vitals_coolant_gas_pressure', 'vitals_oxy_pri_storage']
EXPECTED TOKENS: ['TEXT', 'TEXT', 'TEXT', 'TEXT', 'TEXT', 'TEXT', 'TEXT', 'TEXT']
PREDICTED TOKENS: ['TEXT', 'TEXT', 'TEXT', 'TEXT', 'TEXT', 'TEXT', 'TEXT', 'TEXT']
----------------------------------------
PROMPT: can you verify secondary o2 then also report helmet co2 levels?
EXPECTED TAGS: ['vitals_helmet_pressure_co2', 'vitals_oxy_sec_pressure']
PREDICTED TAGS: ['vitals_helmet_pressure_co2', 'vitals_oxy_sec_storage']
EXPECTED TOKENS: ['TEXT', 'TEXT', 'TEXT', 'TEXT', 'TEXT', 'TEXT', 'TEXT', 'TEXT', 'TEXT', 'TEXT', 'TEXT', 'TEXT', 'TEXT', 'TEXT']
PREDICTED TOKENS: ['TEXT', 'TEXT', 'TEXT', 'TEXT', 'TEXT', 'TEXT', 'TEXT', 'TEXT', 'TEXT', 'TEXT', 'TEXT', 'TEXT', 'TEXT', 'TEXT']
----------------------------------------
PROMPT: diagnose faults and check coolant
EXPECTED TAGS: ['start_procedure_system_diagnosis', 'vitals_coolant_liquid_pressure']
PREDICTED TAGS: ['start_procedure_system_diagnosis']
EXPECTED TOKENS: ['TEXT', 'TEXT', 'TEXT', 'TEXT', 'TEXT', 'TEXT', 'TEXT', 'TEXT']
PREDICTED TOKENS: ['TEXT', 'TEXT', 'TEXT', 'TEXT', 'TEXT', 'TEXT', 'TEXT', 'TEXT']
----------------------------------------
PROMPT: could you pull up liquid coolant pressure and then show fan rpm
EXPECTED TAGS: ['vitals_coolant_liquid_pressure', 'vitals_fan_pri_rpm']
PREDICTED TAGS: ['vitals_coolant_liquid_pressure', 'vitals_fan_sec_rpm']
EXPECTED TOKENS: ['TEXT', 'TEXT', 'TEXT', 'TEXT', 'TEXT', 'TEXT', 'TEXT', 'TEXT', 'TEXT', 'TEXT', 'TEXT', 'TEXT', 'TEXT']
PREDICTED TOKENS: ['TEXT', 'TEXT', 'TEXT', 'TEXT', 'TEXT', 'TEXT', 'TEXT', 'TEXT', 'TEXT', 'TEXT', 'TEXT', 'TEXT', 'TEXT']
----------------------------------------
PROMPT: open suit vitals, additionally report co2 and drop waypoint lz - 3
EXPECTED TAGS: ['Add_waypoint', 'vitals_co2_production']
PREDICTED TAGS: ['Add_waypoint', 'vitals_suit_pressure_co2']
EXPECTED TOKENS: ['TEXT', 'TEXT', 'TEXT', 'TEXT', 'TEXT', 'TEXT', 'TEXT', 'TEXT', 'TEXT', 'TEXT', 'TEXT', 'TEXT', 'TEXT', 'WAYPOINT_NAME', 'WAYPOINT_NAME', 'WAYPOINT_NAME', 'WAYPOINT_NAME']
PREDICTED TOKENS: ['TEXT', 'TEXT', 'TEXT', 'TEXT', 'TEXT', 'TEXT', 'TEXT', 'TEXT', 'TEXT', 'TEXT', 'TEXT', 'TEXT', 'TEXT', 'WAYPOINT_NAME', 'WAYPOINT_NAME', 'WAYPOINT_NAME', 'WAYPOINT_NAME']
----------------------------------------
PROMPT: dont worry about comms relay test
EXPECTED TAGS: ['Delete_task']
PREDICTED TAGS: ['Add_task']
EXPECTED TOKENS: ['TEXT', 'TEXT', 'TEXT', 'TEXT', 'DELETE_TASK_NAME', 'DELETE_TASK_NAME', 'DELETE_TASK_NAME', 'DELETE_TASK_NAME']
PREDICTED TOKENS: ['TEXT', 'TEXT', 'TEXT', 'TEXT', 'TASK_NAME', 'TASK_NAME', 'TASK_NAME', 'TASK_NAME']
----------------------------------------
PROMPT: check thermal loop and then open the chat window
EXPECTED TAGS: ['open_menu_messaging', 'vitals_coolant_storage']
PREDICTED TAGS: ['open_menu_messaging', 'vitals_coolant_liquid_pressure']
EXPECTED TOKENS: ['TEXT', 'TEXT', 'TEXT', 'TEXT', 'TEXT', 'TEXT', 'TEXT', 'TEXT', 'TEXT']
PREDICTED TOKENS: ['TEXT', 'TEXT', 'TEXT', 'TEXT', 'TEXT', 'TEXT', 'TEXT', 'TEXT', 'TEXT']
----------------------------------------
PROMPT: could you show messaging history and then pull up my biometric vitals plus projected power timeline?
EXPECTED TAGS: ['open_menu_messaging', 'vitals_batt_time_left']
PREDICTED TAGS: ['open_menu_messaging', 'open_menu_vitals', 'vitals_batt_time_left']
EXPECTED TOKENS: ['TEXT', 'TEXT', 'TEXT', 'TEXT', 'TEXT', 'TEXT', 'TEXT', 'TEXT', 'TEXT', 'TEXT', 'TEXT', 'TEXT', 'TEXT', 'TEXT', 'TEXT', 'TEXT', 'TEXT', 'TEXT', 'TEXT']
PREDICTED TOKENS: ['TEXT', 'TEXT', 'TEXT', 'TEXT', 'TEXT', 'TEXT', 'TEXT', 'TEXT', 'TEXT', 'TEXT', 'TEXT', 'TEXT', 'TEXT', 'TEXT', 'TEXT', 'TEXT', 'TEXT', 'TEXT', 'TEXT']
----------------------------------------
PROMPT: could you open the repair checklist and then additionally display the coolant loop pressure trend over time
EXPECTED TAGS: ['start_procedure_physical_repair_task', 'vitals_coolant_liquid_pressure']
PREDICTED TAGS: ['start_procedure_physical_repair_task', 'vitals_coolant_gas_pressure']
EXPECTED TOKENS: ['TEXT', 'TEXT', 'TEXT', 'TEXT', 'TEXT', 'TEXT', 'TEXT', 'TEXT', 'TEXT', 'TEXT', 'TEXT', 'TEXT', 'TEXT', 'TEXT', 'TEXT', 'TEXT', 'TEXT', 'TEXT', 'TEXT']
PREDICTED TOKENS: ['TEXT', 'TEXT', 'TEXT', 'TEXT', 'TEXT', 'TEXT', 'TEXT', 'TEXT', 'TEXT', 'TEXT', 'TEXT', 'TEXT', 'TEXT', 'TEXT', 'TEXT', 'TEXT', 'TEXT', 'TEXT', 'TEXT']
----------------------------------------
PROMPT: remove the home marker while also pulling up coolant pressure readout
EXPECTED TAGS: ['Delete_waypoint', 'vitals_coolant_gas_pressure']
PREDICTED TAGS: ['Delete_waypoint', 'vitals_coolant_liquid_pressure']
EXPECTED TOKENS: ['TEXT', 'TEXT', 'DELETE_WAYPOINT_NAME', 'TEXT', 'TEXT', 'TEXT', 'TEXT', 'TEXT', 'TEXT', 'TEXT', 'TEXT', 'TEXT', 'TEXT']
PREDICTED TOKENS: ['TEXT', 'TEXT', 'DELETE_WAYPOINT_NAME', 'TEXT', 'TEXT', 'TEXT', 'TEXT', 'TEXT', 'TEXT', 'TEXT', 'TEXT', 'TEXT', 'TEXT']
----------------------------------------
PROMPT: hey, open coolant pressure and also show the backup fan rpm
EXPECTED TAGS: ['vitals_coolant_liquid_pressure', 'vitals_fan_sec_rpm']
PREDICTED TAGS: ['vitals_coolant_gas_pressure', 'vitals_fan_sec_rpm']
EXPECTED TOKENS: ['TEXT', 'TEXT', 'TEXT', 'TEXT', 'TEXT', 'TEXT', 'TEXT', 'TEXT', 'TEXT', 'TEXT', 'TEXT', 'TEXT', 'TEXT']
PREDICTED TOKENS: ['TEXT', 'TEXT', 'TEXT', 'TEXT', 'TEXT', 'TEXT', 'TEXT', 'TEXT', 'TEXT', 'TEXT', 'TEXT', 'TEXT', 'TEXT']
----------------------------------------
PROMPT: i need you to check the secondary o2 and delete sciencesite next
EXPECTED TAGS: ['Delete_waypoint', 'vitals_oxy_sec_pressure']
PREDICTED TAGS: ['Delete_waypoint', 'vitals_oxy_sec_storage']
EXPECTED TOKENS: ['TEXT', 'TEXT', 'TEXT', 'TEXT', 'TEXT', 'TEXT', 'TEXT', 'TEXT', 'TEXT', 'TEXT', 'TEXT', 'TEXT', 'DELETE_WAYPOINT_NAME', 'DELETE_WAYPOINT_NAME', 'TEXT']
PREDICTED TOKENS: ['TEXT', 'TEXT', 'TEXT', 'TEXT', 'TEXT', 'TEXT', 'TEXT', 'TEXT', 'TEXT', 'TEXT', 'TEXT', 'TEXT', 'DELETE_WAYPOINT_NAME', 'DELETE_WAYPOINT_NAME', 'TEXT']
----------------------------------------
PROMPT: open suit data and then direct me to the med bay
EXPECTED TAGS: ['Set_navigation_target', 'open_menu_tasks']
PREDICTED TAGS: ['Set_navigation_target', 'open_menu_vitals']
EXPECTED TOKENS: ['TEXT', 'TEXT', 'TEXT', 'TEXT', 'TEXT', 'TEXT', 'TEXT', 'TEXT', 'TEXT', 'NAVIGATION_TARGET_NAME', 'NAVIGATION_TARGET_NAME']
PREDICTED TOKENS: ['TEXT', 'TEXT', 'TEXT', 'TEXT', 'TEXT', 'TEXT', 'TEXT', 'TEXT', 'TEXT', 'NAVIGATION_TARGET_NAME', 'NAVIGATION_TARGET_NAME']
----------------------------------------
PROMPT: co2 status then display biometrics
EXPECTED TAGS: ['open_menu_vitals', 'vitals_suit_pressure_co2']
PREDICTED TAGS: ['open_menu_vitals']
EXPECTED TOKENS: ['TEXT', 'TEXT', 'TEXT', 'TEXT', 'TEXT', 'TEXT', 'TEXT', 'TEXT']
PREDICTED TOKENS: ['TEXT', 'TEXT', 'TEXT', 'TEXT', 'TEXT', 'TEXT', 'TEXT', 'TEXT']
----------------------------------------
PROMPT: drop a waypoint named ridge crest and also report o2 levels
EXPECTED TAGS: ['Add_waypoint', 'vitals_suit_pressure_oxy']
PREDICTED TAGS: ['Add_waypoint']
EXPECTED TOKENS: ['TEXT', 'TEXT', 'TEXT', 'TEXT', 'TEXT', 'WAYPOINT_NAME', 'WAYPOINT_NAME', 'TEXT', 'TEXT', 'TEXT', 'TEXT', 'TEXT', 'TEXT']
PREDICTED TOKENS: ['TEXT', 'TEXT', 'TEXT', 'TEXT', 'TEXT', 'WAYPOINT_NAME', 'WAYPOINT_NAME', 'TEXT', 'TEXT', 'TEXT', 'TEXT', 'TEXT', 'TEXT']
----------------------------------------
PROMPT: please pull primary oxygen pressure and after that mark the radiation monitor reset entry as completed for the timeline
EXPECTED TAGS: ['Complete_task', 'vitals_oxy_pri_pressure']
PREDICTED TAGS: ['Complete_task', 'vitals_oxy_pri_pressure']
EXPECTED TOKENS: ['TEXT', 'TEXT', 'TEXT', 'TEXT', 'TEXT', 'TEXT', 'TEXT', 'TEXT', 'TEXT', 'TEXT', 'COMPLETE_TASK_NAME', 'COMPLETE_TASK_NAME', 'COMPLETE_TASK_NAME', 'TEXT', 'TEXT', 'TEXT', 'TEXT', 'TEXT', 'TEXT']
PREDICTED TOKENS: ['TEXT', 'TEXT', 'TEXT', 'TEXT', 'TEXT', 'TEXT', 'TEXT', 'TEXT', 'TEXT', 'TEXT', 'COMPLETE_TASK_NAME', 'COMPLETE_TASK_NAME', 'COMPLETE_TASK_NAME', 'COMPLETE_TASK_NAME', 'TEXT', 'TEXT', 'TEXT', 'TEXT', 'TEXT']
----------------------------------------
PROMPT: find new path, followed by opening my vitals monitoring panel
EXPECTED TAGS: ['reroute_navigation', 'vitals_batt_time_left']
PREDICTED TAGS: ['reroute_navigation']
EXPECTED TOKENS: ['TEXT', 'TEXT', 'TEXT', 'TEXT', 'TEXT', 'TEXT', 'TEXT', 'TEXT', 'TEXT', 'TEXT', 'TEXT', 'TEXT']
PREDICTED TOKENS: ['TEXT', 'TEXT', 'TEXT', 'TEXT', 'TEXT', 'TEXT', 'TEXT', 'TEXT', 'TEXT', 'TEXT', 'TEXT', 'TEXT']
----------------------------------------
PROMPT: close window and show suit data
EXPECTED TAGS: ['close_menu', 'open_menu_vitals']
PREDICTED TAGS: ['close_menu']
EXPECTED TOKENS: ['TEXT', 'TEXT', 'TEXT', 'TEXT', 'TEXT', 'TEXT']
PREDICTED TOKENS: ['TEXT', 'TEXT', 'TEXT', 'TEXT', 'TEXT', 'TEXT']
----------------------------------------
PROMPT: please start a system restart and then bring up co2 levels
EXPECTED TAGS: ['start_procedure_system_restart', 'vitals_co2_production']
PREDICTED TAGS: ['start_procedure_system_restart', 'vitals_suit_pressure_co2']
EXPECTED TOKENS: ['TEXT', 'TEXT', 'TEXT', 'TEXT', 'TEXT', 'TEXT', 'TEXT', 'TEXT', 'TEXT', 'TEXT', 'TEXT', 'TEXT']
PREDICTED TOKENS: ['TEXT', 'TEXT', 'TEXT', 'TEXT', 'TEXT', 'TEXT', 'TEXT', 'TEXT', 'TEXT', 'TEXT', 'TEXT', 'TEXT']
----------------------------------------
PROMPT: please pull up rover power levels as well as delete ridgepoint on the navigation layer
EXPECTED TAGS: ['Delete_waypoint', 'open_menu_rover']
PREDICTED TAGS: ['Delete_waypoint', 'open_menu_rover']
EXPECTED TOKENS: ['TEXT', 'TEXT', 'TEXT', 'TEXT', 'TEXT', 'TEXT', 'TEXT', 'TEXT', 'TEXT', 'TEXT', 'TEXT', 'DELETE_WAYPOINT_NAME', 'DELETE_WAYPOINT_NAME', 'TEXT', 'TEXT', 'TEXT', 'TEXT']
PREDICTED TOKENS: ['TEXT', 'TEXT', 'TEXT', 'TEXT', 'TEXT', 'TEXT', 'TEXT', 'TEXT', 'TEXT', 'TEXT', 'TEXT', 'DELETE_WAYPOINT_NAME', 'DELETE_WAYPOINT_NAME', 'TEXT', 'TEXT', 'DELETE_WAYPOINT_NAME', 'DELETE_WAYPOINT_NAME']
----------------------------------------
PROMPT: open repair checklist and then also bring up my biometrics display
EXPECTED TAGS: ['start_procedure_physical_repair_task', 'vitals_temperature']
PREDICTED TAGS: ['start_procedure_physical_repair_task']
EXPECTED TOKENS: ['TEXT', 'TEXT', 'TEXT', 'TEXT', 'TEXT', 'TEXT', 'TEXT', 'TEXT', 'TEXT', 'TEXT', 'TEXT', 'TEXT', 'TEXT', 'TEXT']
PREDICTED TOKENS: ['TEXT', 'TEXT', 'TEXT', 'TEXT', 'TEXT', 'TEXT', 'TEXT', 'TEXT', 'TEXT', 'TEXT', 'TEXT', 'TEXT', 'TEXT', 'TEXT']
----------------------------------------
PROMPT: please pull up the remaining battery time, and then also display my oxygen consumption estimate
EXPECTED TAGS: ['vitals_batt_time_left', 'vitals_oxy_time_left']
PREDICTED TAGS: ['vitals_batt_time_left', 'vitals_oxy_consumption']
EXPECTED TOKENS: ['TEXT', 'TEXT', 'TEXT', 'TEXT', 'TEXT', 'TEXT', 'TEXT', 'TEXT', 'TEXT', 'TEXT', 'TEXT', 'TEXT', 'TEXT', 'TEXT', 'TEXT', 'TEXT']
PREDICTED TOKENS: ['TEXT', 'TEXT', 'TEXT', 'TEXT', 'TEXT', 'TEXT', 'TEXT', 'TEXT', 'TEXT', 'TEXT', 'TEXT', 'TEXT', 'TEXT', 'TEXT', 'TEXT', 'TEXT']
----------------------------------------
PROMPT: open voice assistant and check coolant
EXPECTED TAGS: ['open_menu_voice_assistant', 'vitals_coolant_gas_pressure']
PREDICTED TAGS: ['open_menu_voice_assistant', 'vitals_coolant_storage']
EXPECTED TOKENS: ['TEXT', 'TEXT', 'TEXT', 'TEXT', 'TEXT', 'TEXT', 'TEXT']
PREDICTED TOKENS: ['TEXT', 'TEXT', 'TEXT', 'TEXT', 'TEXT', 'TEXT', 'TEXT']
----------------------------------------
PROMPT: hey check coolant also the fuel check and battery swap are resolved
EXPECTED TAGS: ['Complete_task', 'vitals_coolant_liquid_pressure']
PREDICTED TAGS: ['Complete_task', 'vitals_coolant_storage']
EXPECTED TOKENS: ['TEXT', 'TEXT', 'TEXT', 'TEXT', 'TEXT', 'TEXT', 'COMPLETE_TASK_NAME', 'COMPLETE_TASK_NAME', 'TEXT', 'COMPLETE_TASK_NAME', 'COMPLETE_TASK_NAME', 'TEXT', 'TEXT']
PREDICTED TOKENS: ['TEXT', 'TEXT', 'TEXT', 'TEXT', 'TEXT', 'TEXT', 'COMPLETE_TASK_NAME', 'COMPLETE_TASK_NAME', 'TEXT', 'COMPLETE_TASK_NAME', 'COMPLETE_TASK_NAME', 'TEXT', 'TEXT']
----------------------------------------
PROMPT: i need you to measure my core body temperature and then bring up the vitals display
EXPECTED TAGS: ['open_menu_voice_assistant', 'vitals_temperature']
PREDICTED TAGS: ['open_menu_vitals', 'vitals_temperature']
EXPECTED TOKENS: ['TEXT', 'TEXT', 'TEXT', 'TEXT', 'TEXT', 'TEXT', 'TEXT', 'TEXT', 'TEXT', 'TEXT', 'TEXT', 'TEXT', 'TEXT', 'TEXT', 'TEXT', 'TEXT', 'TEXT']
PREDICTED TOKENS: ['TEXT', 'TEXT', 'TEXT', 'TEXT', 'TEXT', 'TEXT', 'TEXT', 'TEXT', 'TEXT', 'TEXT', 'TEXT', 'TEXT', 'TEXT', 'TEXT', 'TEXT', 'TEXT', 'TEXT']
----------------------------------------
PROMPT: show me waypoints then check battery levels please
EXPECTED TAGS: ['open_menu_navigation', 'vitals_batt_time_left']
PREDICTED TAGS: ['open_menu_navigation', 'start_procedure_system_diagnosis']
EXPECTED TOKENS: ['TEXT', 'TEXT', 'TEXT', 'TEXT', 'TEXT', 'TEXT', 'TEXT', 'TEXT', 'TEXT']
PREDICTED TOKENS: ['TEXT', 'TEXT', 'TEXT', 'TEXT', 'TEXT', 'TEXT', 'TEXT', 'TEXT', 'TEXT']
----------------------------------------
PROMPT: check co2 levels and then delete alpha site from map
EXPECTED TAGS: ['Delete_waypoint', 'vitals_suit_pressure_co2']
PREDICTED TAGS: ['Delete_waypoint', 'vitals_co2_production']
EXPECTED TOKENS: ['TEXT', 'TEXT', 'TEXT', 'TEXT', 'TEXT', 'TEXT', 'TEXT', 'TEXT', 'DELETE_WAYPOINT_NAME', 'DELETE_WAYPOINT_NAME', 'TEXT', 'TEXT']
PREDICTED TOKENS: ['TEXT', 'TEXT', 'TEXT', 'TEXT', 'TEXT', 'TEXT', 'TEXT', 'TEXT', 'DELETE_WAYPOINT_NAME', 'DELETE_WAYPOINT_NAME', 'TEXT', 'TEXT']
----------------------------------------
PROMPT: need o2 tank and coolant psi
EXPECTED TAGS: ['vitals_coolant_gas_pressure', 'vitals_oxy_pri_storage']
PREDICTED TAGS: ['vitals_coolant_liquid_pressure', 'vitals_oxy_pri_storage']
EXPECTED TOKENS: ['TEXT', 'TEXT', 'TEXT', 'TEXT', 'TEXT', 'TEXT', 'TEXT', 'TEXT']
PREDICTED TOKENS: ['TEXT', 'TEXT', 'TEXT', 'TEXT', 'TEXT', 'TEXT', 'TEXT', 'TEXT']
----------------------------------------
PROMPT: could you reroute navigation and also display coolant pressure?
EXPECTED TAGS: ['reroute_navigation', 'vitals_coolant_gas_pressure']
PREDICTED TAGS: ['reroute_navigation', 'vitals_coolant_liquid_pressure']
EXPECTED TOKENS: ['TEXT', 'TEXT', 'TEXT', 'TEXT', 'TEXT', 'TEXT', 'TEXT', 'TEXT', 'TEXT', 'TEXT', 'TEXT', 'TEXT', 'TEXT']
PREDICTED TOKENS: ['TEXT', 'TEXT', 'TEXT', 'TEXT', 'TEXT', 'TEXT', 'TEXT', 'TEXT', 'TEXT', 'TEXT', 'TEXT', 'TEXT', 'TEXT']
----------------------------------------
PROMPT: open voice assistant and report co2
EXPECTED TAGS: ['open_menu_voice_assistant', 'vitals_suit_pressure_co2']
PREDICTED TAGS: ['open_menu_voice_assistant', 'vitals_helmet_pressure_co2']
EXPECTED TOKENS: ['TEXT', 'TEXT', 'TEXT', 'TEXT', 'TEXT', 'TEXT', 'TEXT']
PREDICTED TOKENS: ['TEXT', 'TEXT', 'TEXT', 'TEXT', 'TEXT', 'TEXT', 'TEXT']
----------------------------------------
PROMPT: save current loc as camp and save target loc as lab
EXPECTED TAGS: ['Add_waypoint']
PREDICTED TAGS: ['Add_waypoint']
EXPECTED TOKENS: ['TEXT', 'TEXT', 'TEXT', 'TEXT', 'TEXT', 'WAYPOINT_NAME', 'TEXT', 'TEXT', 'TEXT', 'TEXT', 'TEXT', 'TEXT', 'WAYPOINT_NAME']
PREDICTED TOKENS: ['TEXT', 'TEXT', 'TEXT', 'TEXT', 'TEXT', 'WAYPOINT_NAME', 'TEXT', 'TEXT', 'TEXT', 'WAYPOINT_NAME', 'TEXT', 'TEXT', 'WAYPOINT_NAME']
----------------------------------------
PROMPT: find new path then show vitals
EXPECTED TAGS: ['reroute_navigation', 'vitals_temperature']
PREDICTED TAGS: ['reroute_navigation', 'vitals_batt_time_left']
EXPECTED TOKENS: ['TEXT', 'TEXT', 'TEXT', 'TEXT', 'TEXT', 'TEXT', 'TEXT']
PREDICTED TOKENS: ['TEXT', 'TEXT', 'TEXT', 'TEXT', 'TEXT', 'TEXT', 'TEXT']
----------------------------------------
PROMPT: measure co2 then check power
EXPECTED TAGS: ['vitals_batt_time_left', 'vitals_helmet_pressure_co2']
PREDICTED TAGS: ['vitals_batt_time_left', 'vitals_suit_pressure_co2']
EXPECTED TOKENS: ['TEXT', 'TEXT', 'TEXT', 'TEXT', 'TEXT', 'TEXT']
PREDICTED TOKENS: ['TEXT', 'TEXT', 'TEXT', 'TEXT', 'TEXT', 'TEXT']
----------------------------------------
PROMPT: find alternate route and read fan rpm
EXPECTED TAGS: ['reroute_navigation', 'vitals_fan_sec_rpm']
PREDICTED TAGS: ['reroute_navigation', 'vitals_fan_pri_rpm', 'vitals_fan_sec_rpm']
EXPECTED TOKENS: ['TEXT', 'TEXT', 'TEXT', 'TEXT', 'TEXT', 'TEXT', 'TEXT']
PREDICTED TOKENS: ['TEXT', 'TEXT', 'TEXT', 'TEXT', 'TEXT', 'TEXT', 'TEXT']
----------------------------------------
PROMPT: could you read primary o2 first and then co2 levels?
EXPECTED TAGS: ['vitals_oxy_pri_storage', 'vitals_suit_pressure_co2']
PREDICTED TAGS: ['vitals_oxy_pri_pressure', 'vitals_oxy_pri_storage', 'vitals_suit_pressure_co2']
EXPECTED TOKENS: ['TEXT', 'TEXT', 'TEXT', 'TEXT', 'TEXT', 'TEXT', 'TEXT', 'TEXT', 'TEXT', 'TEXT', 'TEXT', 'TEXT', 'TEXT']
PREDICTED TOKENS: ['TEXT', 'TEXT', 'TEXT', 'TEXT', 'TEXT', 'TEXT', 'TEXT', 'TEXT', 'TEXT', 'TEXT', 'TEXT', 'TEXT', 'TEXT']
----------------------------------------
PROMPT: please check co2 level and also pull up biometrics
EXPECTED TAGS: ['open_menu_vitals', 'vitals_suit_pressure_co2']
PREDICTED TAGS: ['open_menu_vitals', 'vitals_helmet_pressure_co2']
EXPECTED TOKENS: ['TEXT', 'TEXT', 'TEXT', 'TEXT', 'TEXT', 'TEXT', 'TEXT', 'TEXT', 'TEXT', 'TEXT', 'TEXT', 'TEXT']
PREDICTED TOKENS: ['TEXT', 'TEXT', 'TEXT', 'TEXT', 'TEXT', 'TEXT', 'TEXT', 'TEXT', 'TEXT', 'TEXT', 'TEXT', 'TEXT']
----------------------------------------
PROMPT: check co2 and diagnose ltv
EXPECTED TAGS: ['start_procedure_system_diagnosis', 'vitals_co2_production']
PREDICTED TAGS: ['start_procedure_system_diagnosis', 'vitals_suit_pressure_co2']
EXPECTED TOKENS: ['TEXT', 'TEXT', 'TEXT', 'TEXT', 'TEXT', 'TEXT', 'TEXT', 'TEXT', 'TEXT']
PREDICTED TOKENS: ['TEXT', 'TEXT', 'TEXT', 'TEXT', 'TEXT', 'TEXT', 'TEXT', 'TEXT', 'TEXT']
----------------------------------------
PROMPT: need power readout and a new navigational route
EXPECTED TAGS: ['open_menu_vitals', 'reroute_navigation']
PREDICTED TAGS: ['reroute_navigation', 'vitals_batt_time_left']
EXPECTED TOKENS: ['TEXT', 'TEXT', 'TEXT', 'TEXT', 'TEXT', 'TEXT', 'TEXT', 'TEXT', 'TEXT', 'TEXT']
PREDICTED TOKENS: ['TEXT', 'TEXT', 'TEXT', 'TEXT', 'TEXT', 'TEXT', 'TEXT', 'TEXT', 'TEXT', 'TEXT']
----------------------------------------
PROMPT: start diagnostics on suit systems and then, as well as reporting faults, show me the primary o2 gauge readings
EXPECTED TAGS: ['start_procedure_system_diagnosis', 'vitals_oxy_pri_pressure']
PREDICTED TAGS: ['start_procedure_system_diagnosis', 'vitals_oxy_pri_storage']
EXPECTED TOKENS: ['TEXT', 'TEXT', 'TEXT', 'TEXT', 'TEXT', 'TEXT', 'TEXT', 'TEXT', 'TEXT', 'TEXT', 'TEXT', 'TEXT', 'TEXT', 'TEXT', 'TEXT', 'TEXT', 'TEXT', 'TEXT', 'TEXT', 'TEXT', 'TEXT', 'TEXT', 'TEXT']
PREDICTED TOKENS: ['TEXT', 'TEXT', 'TEXT', 'TEXT', 'TEXT', 'TEXT', 'TEXT', 'TEXT', 'TEXT', 'TEXT', 'TEXT', 'TEXT', 'TEXT', 'TEXT', 'TEXT', 'TEXT', 'TEXT', 'TEXT', 'TEXT', 'TEXT', 'TEXT', 'TEXT', 'TEXT']
----------------------------------------
PROMPT: start physical repair and then check o2
EXPECTED TAGS: ['start_procedure_physical_repair_task', 'vitals_oxy_sec_storage']
PREDICTED TAGS: ['start_procedure_physical_repair_task', 'vitals_oxy_pri_storage']
EXPECTED TOKENS: ['TEXT', 'TEXT', 'TEXT', 'TEXT', 'TEXT', 'TEXT', 'TEXT', 'TEXT']
PREDICTED TOKENS: ['TEXT', 'TEXT', 'TEXT', 'TEXT', 'TEXT', 'TEXT', 'TEXT', 'TEXT']
----------------------------------------
PROMPT: bring up co2 readings at the same time open the messages
EXPECTED TAGS: ['open_menu_messaging', 'vitals_co2_production']
PREDICTED TAGS: ['open_menu_messaging', 'vitals_suit_pressure_co2']
EXPECTED TOKENS: ['TEXT', 'TEXT', 'TEXT', 'TEXT', 'TEXT', 'TEXT', 'TEXT', 'TEXT', 'TEXT', 'TEXT', 'TEXT', 'TEXT']
PREDICTED TOKENS: ['TEXT', 'TEXT', 'TEXT', 'TEXT', 'TEXT', 'TEXT', 'TEXT', 'TEXT', 'TEXT', 'TEXT', 'TEXT', 'TEXT']
----------------------------------------
PROMPT: put a task on the list
EXPECTED TAGS: ['Add_task']
PREDICTED TAGS: ['Add_task']
EXPECTED TOKENS: ['TEXT', 'TEXT', 'TEXT', 'TEXT', 'TEXT', 'TEXT']
PREDICTED TOKENS: ['TEXT', 'TEXT', 'TEXT', 'TEXT', 'TASK_NAME', 'TEXT']
----------------------------------------
PROMPT: remove the depot waypoint and then at the same time bring up co2 numbers for the last ten minutes
EXPECTED TAGS: ['Delete_waypoint', 'vitals_co2_production']
PREDICTED TAGS: ['Delete_waypoint', 'vitals_suit_pressure_co2']
EXPECTED TOKENS: ['TEXT', 'TEXT', 'DELETE_WAYPOINT_NAME', 'TEXT', 'TEXT', 'TEXT', 'TEXT', 'TEXT', 'TEXT', 'TEXT', 'TEXT', 'TEXT', 'TEXT', 'TEXT', 'TEXT', 'TEXT', 'TEXT', 'TEXT', 'TEXT', 'TEXT', 'TEXT']
PREDICTED TOKENS: ['TEXT', 'TEXT', 'DELETE_WAYPOINT_NAME', 'TEXT', 'TEXT', 'TEXT', 'TEXT', 'TEXT', 'TEXT', 'TEXT', 'TEXT', 'TEXT', 'TEXT', 'TEXT', 'TEXT', 'TEXT', 'TEXT', 'TEXT', 'TEXT', 'TEXT', 'TEXT']
----------------------------------------
PROMPT: please display checklist additionally remove the replace filter job
EXPECTED TAGS: ['Delete_task', 'open_menu_tasks']
PREDICTED TAGS: ['Delete_task', 'open_menu_tasks']
EXPECTED TOKENS: ['TEXT', 'TEXT', 'TEXT', 'TEXT', 'TEXT', 'TEXT', 'TEXT', 'DELETE_TASK_NAME', 'DELETE_TASK_NAME', 'TEXT']
PREDICTED TOKENS: ['TEXT', 'TEXT', 'TEXT', 'TEXT', 'TEXT', 'TEXT', 'TEXT', 'DELETE_TASK_NAME', 'DELETE_TASK_NAME', 'DELETE_TASK_NAME']
----------------------------------------
PROMPT: read co2 then also arm the airlock for uia
EXPECTED TAGS: ['start_procedure_uia_egress', 'vitals_suit_pressure_co2']
PREDICTED TAGS: ['vitals_suit_pressure_co2']
EXPECTED TOKENS: ['TEXT', 'TEXT', 'TEXT', 'TEXT', 'TEXT', 'TEXT', 'TEXT', 'TEXT', 'TEXT', 'TEXT', 'TEXT', 'TEXT']
PREDICTED TOKENS: ['TEXT', 'TEXT', 'TEXT', 'TEXT', 'TEXT', 'TEXT', 'TEXT', 'TEXT', 'TEXT', 'TEXT', 'TEXT', 'TEXT']
----------------------------------------
PROMPT: primary oxygen tank level plus fan speed
EXPECTED TAGS: ['vitals_fan_pri_rpm', 'vitals_oxy_pri_storage']
PREDICTED TAGS: ['vitals_oxy_pri_storage']
EXPECTED TOKENS: ['TEXT', 'TEXT', 'TEXT', 'TEXT', 'TEXT', 'TEXT', 'TEXT']
PREDICTED TOKENS: ['TEXT', 'TEXT', 'TEXT', 'TEXT', 'TEXT', 'TEXT', 'TEXT']
----------------------------------------
PROMPT: shadow zone change route
EXPECTED TAGS: ['reroute_navigation']
PREDICTED TAGS: ['Delete_waypoint', 'reroute_navigation']
EXPECTED TOKENS: ['TEXT', 'TEXT', 'TEXT', 'TEXT']
PREDICTED TOKENS: ['DELETE_WAYPOINT_NAME', 'DELETE_WAYPOINT_NAME', 'TEXT', 'TEXT']
----------------------------------------
PROMPT: open backup oxygen readout and then remove the home marker
EXPECTED TAGS: ['Delete_waypoint', 'vitals_oxy_sec_storage']
PREDICTED TAGS: ['Delete_waypoint', 'vitals_oxy_sec_storage']
EXPECTED TOKENS: ['TEXT', 'TEXT', 'TEXT', 'TEXT', 'TEXT', 'TEXT', 'TEXT', 'TEXT', 'TEXT', 'TEXT', 'TEXT']
PREDICTED TOKENS: ['TEXT', 'TEXT', 'TEXT', 'TEXT', 'TEXT', 'TEXT', 'TEXT', 'TEXT', 'TEXT', 'DELETE_WAYPOINT_NAME', 'TEXT']
----------------------------------------
PROMPT: before starting depressurization, open the uia menu and then verify coolant gas loop pressure in addition to seals
EXPECTED TAGS: ['open_menu_uia', 'vitals_coolant_gas_pressure']
PREDICTED TAGS: ['open_menu_uia', 'start_procedure_uia_egress', 'vitals_coolant_gas_pressure']
EXPECTED TOKENS: ['TEXT', 'TEXT', 'TEXT', 'TEXT', 'TEXT', 'TEXT', 'TEXT', 'TEXT', 'TEXT', 'TEXT', 'TEXT', 'TEXT', 'TEXT', 'TEXT', 'TEXT', 'TEXT', 'TEXT', 'TEXT', 'TEXT', 'TEXT', 'TEXT', 'TEXT', 'TEXT', 'TEXT']
PREDICTED TOKENS: ['TEXT', 'TEXT', 'TEXT', 'TEXT', 'TEXT', 'TEXT', 'TEXT', 'TEXT', 'TEXT', 'TEXT', 'TEXT', 'TEXT', 'TEXT', 'TEXT', 'TEXT', 'TEXT', 'TEXT', 'TEXT', 'TEXT', 'TEXT', 'TEXT', 'TEXT', 'TEXT', 'TEXT']
----------------------------------------
PROMPT: could you pull up vitals then additionally read suit pressure
EXPECTED TAGS: ['open_menu_vitals', 'vitals_suit_pressure_total']
PREDICTED TAGS: ['vitals_suit_pressure_total']
EXPECTED TOKENS: ['TEXT', 'TEXT', 'TEXT', 'TEXT', 'TEXT', 'TEXT', 'TEXT', 'TEXT', 'TEXT', 'TEXT', 'TEXT']
PREDICTED TOKENS: ['TEXT', 'TEXT', 'TEXT', 'TEXT', 'TEXT', 'TEXT', 'TEXT', 'TEXT', 'TEXT', 'TEXT', 'TEXT']
----------------------------------------
PROMPT: please check primary ventilation fan rpm and display coolant pressure
EXPECTED TAGS: ['vitals_coolant_liquid_pressure', 'vitals_fan_pri_rpm']
PREDICTED TAGS: ['vitals_coolant_gas_pressure', 'vitals_fan_pri_rpm']
EXPECTED TOKENS: ['TEXT', 'TEXT', 'TEXT', 'TEXT', 'TEXT', 'TEXT', 'TEXT', 'TEXT', 'TEXT', 'TEXT', 'TEXT']
PREDICTED TOKENS: ['TEXT', 'TEXT', 'TEXT', 'TEXT', 'TEXT', 'TEXT', 'TEXT', 'TEXT', 'TEXT', 'TEXT', 'TEXT']
----------------------------------------
PROMPT: bring up my suit data and follow with a diagnostic on the power unit
EXPECTED TAGS: ['start_procedure_system_diagnosis', 'vitals_heart_rate']
PREDICTED TAGS: ['start_procedure_system_diagnosis']
EXPECTED TOKENS: ['TEXT', 'TEXT', 'TEXT', 'TEXT', 'TEXT', 'TEXT', 'TEXT', 'TEXT', 'TEXT', 'TEXT', 'TEXT', 'TEXT', 'TEXT', 'TEXT']
PREDICTED TOKENS: ['TEXT', 'TEXT', 'TEXT', 'TEXT', 'TEXT', 'TEXT', 'TEXT', 'TEXT', 'TEXT', 'TEXT', 'TEXT', 'TEXT', 'TEXT', 'TEXT']
----------------------------------------
PROMPT: begin erm and then display battery, heart rate, and suit pressures
EXPECTED TAGS: ['get_warnings', 'start_procedure_erm']
PREDICTED TAGS: ['start_procedure_erm']
EXPECTED TOKENS: ['TEXT', 'TEXT', 'TEXT', 'TEXT', 'TEXT', 'TEXT', 'TEXT', 'TEXT', 'TEXT', 'TEXT', 'TEXT', 'TEXT', 'TEXT', 'TEXT']
PREDICTED TOKENS: ['TEXT', 'TEXT', 'TEXT', 'TEXT', 'TEXT', 'TEXT', 'TEXT', 'TEXT', 'TEXT', 'TEXT', 'TEXT', 'TEXT', 'TEXT', 'TEXT']
----------------------------------------
PROMPT: hey open messaging plus check the current co2 levels for me
EXPECTED TAGS: ['open_menu_messaging', 'vitals_co2_production']
PREDICTED TAGS: ['open_menu_messaging', 'vitals_suit_pressure_co2']
EXPECTED TOKENS: ['TEXT', 'TEXT', 'TEXT', 'TEXT', 'TEXT', 'TEXT', 'TEXT', 'TEXT', 'TEXT', 'TEXT', 'TEXT', 'TEXT']
PREDICTED TOKENS: ['TEXT', 'TEXT', 'TEXT', 'TEXT', 'TEXT', 'TEXT', 'TEXT', 'TEXT', 'TEXT', 'TEXT', 'TEXT', 'TEXT']
----------------------------------------
PROMPT: check systems and then mark cache 2
EXPECTED TAGS: ['Add_waypoint', 'start_procedure_final_system_checks']
PREDICTED TAGS: ['Add_waypoint', 'start_procedure_system_diagnosis']
EXPECTED TOKENS: ['TEXT', 'TEXT', 'TEXT', 'TEXT', 'TEXT', 'WAYPOINT_NAME', 'WAYPOINT_NAME']
PREDICTED TOKENS: ['TEXT', 'TEXT', 'TEXT', 'TEXT', 'TEXT', 'WAYPOINT_NAME', 'WAYPOINT_NAME']
----------------------------------------
PROMPT: check the co2 in my helmet, oh and while you ' re at it compute remaining oxygen minutes with current vent rate.
EXPECTED TAGS: ['vitals_helmet_pressure_co2', 'vitals_oxy_time_left']
PREDICTED TAGS: ['vitals_helmet_pressure_co2', 'vitals_oxy_time_left', 'vitals_suit_pressure_co2']
EXPECTED TOKENS: ['TEXT', 'TEXT', 'TEXT', 'TEXT', 'TEXT', 'TEXT', 'TEXT', 'TEXT', 'TEXT', 'TEXT', 'TEXT', 'TEXT', 'TEXT', 'TEXT', 'TEXT', 'TEXT', 'TEXT', 'TEXT', 'TEXT', 'TEXT', 'TEXT', 'TEXT', 'TEXT', 'TEXT', 'TEXT']
PREDICTED TOKENS: ['TEXT', 'TEXT', 'TEXT', 'TEXT', 'TEXT', 'TEXT', 'TEXT', 'TEXT', 'TEXT', 'TEXT', 'TEXT', 'TEXT', 'TEXT', 'TEXT', 'TEXT', 'TEXT', 'TEXT', 'TEXT', 'TEXT', 'TEXT', 'TEXT', 'TEXT', 'TEXT', 'TEXT', 'TEXT']
----------------------------------------
PROMPT: battery remaining and coolant pressure please
EXPECTED TAGS: ['vitals_batt_time_left', 'vitals_coolant_gas_pressure']
PREDICTED TAGS: ['vitals_batt_time_left']
EXPECTED TOKENS: ['TEXT', 'TEXT', 'TEXT', 'TEXT', 'TEXT', 'TEXT', 'TEXT']
PREDICTED TOKENS: ['TEXT', 'TEXT', 'TEXT', 'TEXT', 'TEXT', 'TEXT', 'TEXT']
----------------------------------------
PROMPT: open my biometrics dashboard while also showing the first co2 scrubber ' s fill percentage
EXPECTED TAGS: ['vitals_heart_rate', 'vitals_scrubber_a_co2_storage']
PREDICTED TAGS: ['open_menu_vitals', 'vitals_scrubber_a_co2_storage']
EXPECTED TOKENS: ['TEXT', 'TEXT', 'TEXT', 'TEXT', 'TEXT', 'TEXT', 'TEXT', 'TEXT', 'TEXT', 'TEXT', 'TEXT', 'TEXT', 'TEXT', 'TEXT', 'TEXT', 'TEXT', 'TEXT', 'TEXT', 'TEXT']
PREDICTED TOKENS: ['TEXT', 'TEXT', 'TEXT', 'TEXT', 'TEXT', 'TEXT', 'TEXT', 'TEXT', 'TEXT', 'TEXT', 'TEXT', 'TEXT', 'TEXT', 'TEXT', 'TEXT', 'TEXT', 'TEXT', 'TEXT', 'TEXT']
----------------------------------------
PROMPT: yo tell oxygen rate plus coolant pressure
EXPECTED TAGS: ['vitals_coolant_liquid_pressure', 'vitals_oxy_consumption']
PREDICTED TAGS: ['vitals_coolant_gas_pressure', 'vitals_oxy_consumption']
EXPECTED TOKENS: ['TEXT', 'TEXT', 'TEXT', 'TEXT', 'TEXT', 'TEXT', 'TEXT', 'TEXT']
PREDICTED TOKENS: ['TEXT', 'TEXT', 'TEXT', 'TEXT', 'TEXT', 'TEXT', 'TEXT', 'TEXT']
----------------------------------------
PROMPT: check primary fan rpm and coolant pressure
EXPECTED TAGS: ['vitals_coolant_liquid_pressure', 'vitals_fan_pri_rpm']
PREDICTED TAGS: ['vitals_fan_pri_rpm']
EXPECTED TOKENS: ['TEXT', 'TEXT', 'TEXT', 'TEXT', 'TEXT', 'TEXT', 'TEXT', 'TEXT']
PREDICTED TOKENS: ['TEXT', 'TEXT', 'TEXT', 'TEXT', 'TEXT', 'TEXT', 'TEXT', 'TEXT']
----------------------------------------
PROMPT: test battery and add task swap pack
EXPECTED TAGS: ['Add_task', 'start_procedure_system_diagnosis']
PREDICTED TAGS: ['Add_task', 'start_procedure_system_diagnosis']
EXPECTED TOKENS: ['TEXT', 'TEXT', 'TEXT', 'TEXT', 'TEXT', 'TASK_NAME', 'TASK_NAME']
PREDICTED TOKENS: ['TASK_NAME', 'TASK_NAME', 'TEXT', 'TEXT', 'TEXT', 'TASK_NAME', 'TASK_NAME']
----------------------------------------
PROMPT: oxygen levels critical
EXPECTED TAGS: ['start_procedure_erm']
PREDICTED TAGS: ['vitals_oxy_pri_storage']
EXPECTED TOKENS: ['TEXT', 'TEXT', 'TEXT']
PREDICTED TOKENS: ['TEXT', 'TEXT', 'TEXT']
----------------------------------------
PROMPT: gimme my core temp and open the checklist
EXPECTED TAGS: ['open_menu_tasks', 'vitals_temperature']
PREDICTED TAGS: ['open_menu_tasks', 'start_procedure_physical_repair_task', 'vitals_temperature']
EXPECTED TOKENS: ['TEXT', 'TEXT', 'TEXT', 'TEXT', 'TEXT', 'TEXT', 'TEXT', 'TEXT', 'TEXT', 'TEXT', 'TEXT']
PREDICTED TOKENS: ['TEXT', 'TEXT', 'TEXT', 'TEXT', 'TEXT', 'TEXT', 'TEXT', 'TEXT', 'TEXT', 'TEXT', 'TEXT']
----------------------------------------
PROMPT: where ' s research outpost and also open my biometrics panel
EXPECTED TAGS: ['Get_coordinates', 'vitals_temperature']
PREDICTED TAGS: ['Get_coordinates', 'vitals_batt_time_left', 'vitals_temperature']
EXPECTED TOKENS: ['TEXT', 'TEXT', 'TEXT', 'COORDINATE_TARGET_NAME', 'COORDINATE_TARGET_NAME', 'TEXT', 'TEXT', 'TEXT', 'TEXT', 'TEXT', 'TEXT', 'TEXT', 'TEXT']
PREDICTED TOKENS: ['TEXT', 'TEXT', 'TEXT', 'COORDINATE_TARGET_NAME', 'COORDINATE_TARGET_NAME', 'TEXT', 'TEXT', 'TEXT', 'TEXT', 'TEXT', 'TEXT', 'TEXT', 'TEXT']
----------------------------------------
PROMPT: yo, show my vitals and along with that open scrubber b status
EXPECTED TAGS: ['vitals_heart_rate', 'vitals_scrubber_b_co2_storage']
PREDICTED TAGS: ['open_menu_vitals', 'vitals_scrubber_b_co2_storage']
EXPECTED TOKENS: ['TEXT', 'TEXT', 'TEXT', 'TEXT', 'TEXT', 'TEXT', 'TEXT', 'TEXT', 'TEXT', 'TEXT', 'TEXT', 'TEXT', 'TEXT', 'TEXT', 'TEXT']
PREDICTED TOKENS: ['TEXT', 'TEXT', 'TEXT', 'TEXT', 'TEXT', 'TEXT', 'TEXT', 'TEXT', 'TEXT', 'TEXT', 'TEXT', 'TEXT', 'TEXT', 'TEXT', 'TEXT']
----------------------------------------
PROMPT: open rover dashboard and check coolant
EXPECTED TAGS: ['open_menu_rover', 'vitals_coolant_liquid_pressure']
PREDICTED TAGS: ['open_menu_rover', 'vitals_coolant_storage']
EXPECTED TOKENS: ['TEXT', 'TEXT', 'TEXT', 'TEXT', 'TEXT', 'TEXT', 'TEXT']
PREDICTED TOKENS: ['TEXT', 'TEXT', 'TEXT', 'TEXT', 'TEXT', 'TEXT', 'TEXT']
----------------------------------------
PROMPT: i need you to display co2 levels and then start the physical repair procedure, followed by tool inventory confirmation
EXPECTED TAGS: ['start_procedure_physical_repair_task', 'vitals_co2_production']
PREDICTED TAGS: ['start_procedure_physical_repair_task', 'vitals_suit_pressure_co2']
EXPECTED TOKENS: ['TEXT', 'TEXT', 'TEXT', 'TEXT', 'TEXT', 'TEXT', 'TEXT', 'TEXT', 'TEXT', 'TEXT', 'TEXT', 'TEXT', 'TEXT', 'TEXT', 'TEXT', 'TEXT', 'TEXT', 'TEXT', 'TEXT', 'TEXT', 'TEXT']
PREDICTED TOKENS: ['TEXT', 'TEXT', 'TEXT', 'TEXT', 'TEXT', 'TEXT', 'TEXT', 'TEXT', 'TEXT', 'TEXT', 'TEXT', 'TEXT', 'TEXT', 'TEXT', 'TEXT', 'TEXT', 'TEXT', 'TEXT', 'TEXT', 'TEXT', 'TEXT']
----------------------------------------
PROMPT: please close the display before you check coolant pressure
EXPECTED TAGS: ['close_menu', 'vitals_coolant_liquid_pressure']
PREDICTED TAGS: ['close_menu']
EXPECTED TOKENS: ['TEXT', 'TEXT', 'TEXT', 'TEXT', 'TEXT', 'TEXT', 'TEXT', 'TEXT', 'TEXT', 'TEXT']
PREDICTED TOKENS: ['TEXT', 'TEXT', 'TEXT', 'TEXT', 'TEXT', 'TEXT', 'TEXT', 'TEXT', 'TEXT', 'TEXT']
----------------------------------------
PROMPT: mark power relay then also pull up the suit oxygen partial pressure
EXPECTED TAGS: ['Complete_task', 'vitals_suit_pressure_oxy']
PREDICTED TAGS: ['Add_waypoint', 'vitals_suit_pressure_oxy']
EXPECTED TOKENS: ['TEXT', 'COMPLETE_TASK_NAME', 'COMPLETE_TASK_NAME', 'TEXT', 'TEXT', 'TEXT', 'TEXT', 'TEXT', 'TEXT', 'TEXT', 'TEXT', 'TEXT']
PREDICTED TOKENS: ['TEXT', 'WAYPOINT_NAME', 'WAYPOINT_NAME', 'TEXT', 'TEXT', 'TEXT', 'TEXT', 'TEXT', 'TEXT', 'TEXT', 'TEXT', 'TEXT']
----------------------------------------
PROMPT: hey, pull up biometrics, oh and then start the airlock egress process
EXPECTED TAGS: ['start_procedure_uia_egress', 'vitals_temperature']
PREDICTED TAGS: ['open_menu_vitals', 'start_procedure_uia_egress']
EXPECTED TOKENS: ['TEXT', 'TEXT', 'TEXT', 'TEXT', 'TEXT', 'TEXT', 'TEXT', 'TEXT', 'TEXT', 'TEXT', 'TEXT', 'TEXT', 'TEXT', 'TEXT', 'TEXT', 'TEXT', 'TEXT', 'TEXT', 'TEXT']
PREDICTED TOKENS: ['TEXT', 'TEXT', 'TEXT', 'TEXT', 'TEXT', 'TEXT', 'TEXT', 'TEXT', 'TEXT', 'TEXT', 'TEXT', 'TEXT', 'TEXT', 'TEXT', 'TEXT', 'TEXT', 'TEXT', 'TEXT', 'TEXT']
----------------------------------------
PROMPT: before you proceed, verify the helmet co2 reading and next draw route to the greenhouse area
EXPECTED TAGS: ['Set_navigation_target', 'vitals_helmet_pressure_co2']
PREDICTED TAGS: ['Set_navigation_target', 'vitals_helmet_pressure_co2']
EXPECTED TOKENS: ['TEXT', 'TEXT', 'TEXT', 'TEXT', 'TEXT', 'TEXT', 'TEXT', 'TEXT', 'TEXT', 'TEXT', 'TEXT', 'TEXT', 'TEXT', 'TEXT', 'TEXT', 'TEXT', 'TEXT', 'TEXT']
PREDICTED TOKENS: ['TEXT', 'TEXT', 'TEXT', 'TEXT', 'TEXT', 'TEXT', 'TEXT', 'TEXT', 'TEXT', 'TEXT', 'TEXT', 'TEXT', 'TEXT', 'TEXT', 'TEXT', 'TEXT', 'NAVIGATION_TARGET_NAME', 'NAVIGATION_TARGET_NAME']
----------------------------------------
PROMPT: what ' s my o2 consumption and open checklist
EXPECTED TAGS: ['open_menu_tasks', 'vitals_oxy_consumption']
PREDICTED TAGS: ['start_procedure_physical_repair_task', 'vitals_oxy_consumption']
EXPECTED TOKENS: ['TEXT', 'TEXT', 'TEXT', 'TEXT', 'TEXT', 'TEXT', 'TEXT', 'TEXT', 'TEXT', 'TEXT', 'TEXT']
PREDICTED TOKENS: ['TEXT', 'TEXT', 'TEXT', 'TEXT', 'TEXT', 'TEXT', 'TEXT', 'TEXT', 'TEXT', 'TEXT', 'TEXT']
----------------------------------------
PROMPT: fan speed status then bring up biometrics
EXPECTED TAGS: ['open_menu_vitals', 'vitals_fan_sec_rpm']
PREDICTED TAGS: ['open_menu_vitals', 'vitals_fan_pri_rpm']
EXPECTED TOKENS: ['TEXT', 'TEXT', 'TEXT', 'TEXT', 'TEXT', 'TEXT', 'TEXT', 'TEXT', 'TEXT']
PREDICTED TOKENS: ['TEXT', 'TEXT', 'TEXT', 'TEXT', 'TEXT', 'TEXT', 'TEXT', 'TEXT', 'TEXT']
----------------------------------------
PROMPT: read my co2 and also secondary o2
EXPECTED TAGS: ['vitals_oxy_sec_pressure', 'vitals_suit_pressure_co2']
PREDICTED TAGS: ['vitals_oxy_sec_storage', 'vitals_suit_pressure_co2']
EXPECTED TOKENS: ['TEXT', 'TEXT', 'TEXT', 'TEXT', 'TEXT', 'TEXT', 'TEXT', 'TEXT', 'TEXT']
PREDICTED TOKENS: ['TEXT', 'TEXT', 'TEXT', 'TEXT', 'TEXT', 'TEXT', 'TEXT', 'TEXT', 'TEXT']
----------------------------------------
PROMPT: what are the coolant loop pressure readings and can you also open storage metrics?
EXPECTED TAGS: ['vitals_coolant_gas_pressure', 'vitals_coolant_storage']
PREDICTED TAGS: ['vitals_coolant_gas_pressure', 'vitals_oxy_sec_storage']
EXPECTED TOKENS: ['TEXT', 'TEXT', 'TEXT', 'TEXT', 'TEXT', 'TEXT', 'TEXT', 'TEXT', 'TEXT', 'TEXT', 'TEXT', 'TEXT', 'TEXT', 'TEXT', 'TEXT', 'TEXT', 'TEXT']
PREDICTED TOKENS: ['TEXT', 'TEXT', 'TEXT', 'TEXT', 'TEXT', 'TEXT', 'TEXT', 'TEXT', 'TEXT', 'TEXT', 'TEXT', 'TEXT', 'TEXT', 'TEXT', 'TEXT', 'TEXT', 'TEXT']
----------------------------------------
PROMPT: initiate erm, and then display suit data for review
EXPECTED TAGS: ['open_menu_vitals', 'start_procedure_erm']
PREDICTED TAGS: ['get_warnings', 'start_procedure_erm']
EXPECTED TOKENS: ['TEXT', 'TEXT', 'TEXT', 'TEXT', 'TEXT', 'TEXT', 'TEXT', 'TEXT', 'TEXT', 'TEXT', 'TEXT']
PREDICTED TOKENS: ['TEXT', 'TEXT', 'TEXT', 'TEXT', 'TEXT', 'TEXT', 'TEXT', 'TEXT', 'TEXT', 'TEXT', 'TEXT']
----------------------------------------
PROMPT: i need secondary tank pressure and then the uia ingress sequence started
EXPECTED TAGS: ['start_procedure_uia_ingress', 'vitals_oxy_sec_pressure']
PREDICTED TAGS: ['start_procedure_uia_ingress', 'vitals_oxy_sec_storage']
EXPECTED TOKENS: ['TEXT', 'TEXT', 'TEXT', 'TEXT', 'TEXT', 'TEXT', 'TEXT', 'TEXT', 'TEXT', 'TEXT', 'TEXT', 'TEXT', 'TEXT', 'TEXT']
PREDICTED TOKENS: ['TEXT', 'TEXT', 'TEXT', 'TEXT', 'TEXT', 'TEXT', 'TEXT', 'TEXT', 'TEXT', 'TEXT', 'TEXT', 'TEXT', 'TEXT', 'TEXT']
----------------------------------------
PROMPT: hey oxygen check btw crushed signal boost
EXPECTED TAGS: ['Complete_task', 'vitals_suit_pressure_oxy']
PREDICTED TAGS: ['Complete_task', 'vitals_oxy_pri_storage']
EXPECTED TOKENS: ['TEXT', 'TEXT', 'TEXT', 'TEXT', 'TEXT', 'TEXT', 'COMPLETE_TASK_NAME', 'COMPLETE_TASK_NAME']
PREDICTED TOKENS: ['TEXT', 'TEXT', 'TEXT', 'TEXT', 'TEXT', 'TEXT', 'COMPLETE_TASK_NAME', 'COMPLETE_TASK_NAME']
----------------------------------------
PROMPT: tell co2 production also fan rpm
EXPECTED TAGS: ['vitals_co2_production', 'vitals_fan_sec_rpm']
PREDICTED TAGS: ['vitals_co2_production', 'vitals_fan_pri_rpm']
EXPECTED TOKENS: ['TEXT', 'TEXT', 'TEXT', 'TEXT', 'TEXT', 'TEXT', 'TEXT']
PREDICTED TOKENS: ['TEXT', 'TEXT', 'TEXT', 'TEXT', 'TEXT', 'TEXT', 'TEXT']
----------------------------------------
PROMPT: drop waypoints waypoint a and waypoint b followed by add tasks check ambient and log readings
EXPECTED TAGS: ['Add_task', 'Add_waypoint']
PREDICTED TAGS: ['Add_task', 'Add_waypoint']
EXPECTED TOKENS: ['TEXT', 'TEXT', 'TEXT', 'WAYPOINT_NAME', 'WAYPOINT_NAME', 'WAYPOINT_NAME', 'TEXT', 'WAYPOINT_NAME', 'WAYPOINT_NAME', 'WAYPOINT_NAME', 'TEXT', 'TEXT', 'TEXT', 'TEXT', 'TASK_NAME', 'TASK_NAME', 'TEXT', 'TASK_NAME', 'TASK_NAME']
PREDICTED TOKENS: ['TEXT', 'TEXT', 'TEXT', 'WAYPOINT_NAME', 'WAYPOINT_NAME', 'WAYPOINT_NAME', 'TEXT', 'TEXT', 'WAYPOINT_NAME', 'WAYPOINT_NAME', 'TEXT', 'TEXT', 'TEXT', 'TEXT', 'TASK_NAME', 'TASK_NAME', 'TEXT', 'TASK_NAME', 'TASK_NAME']
----------------------------------------
PROMPT: show me corvus and then also while it ' s on tell me the pressure in the secondary oxygen tank
EXPECTED TAGS: ['open_menu_voice_assistant', 'vitals_oxy_sec_storage']
PREDICTED TAGS: ['open_menu_voice_assistant', 'vitals_oxy_sec_pressure']
EXPECTED TOKENS: ['TEXT', 'TEXT', 'TEXT', 'TEXT', 'TEXT', 'TEXT', 'TEXT', 'TEXT', 'TEXT', 'TEXT', 'TEXT', 'TEXT', 'TEXT', 'TEXT', 'TEXT', 'TEXT', 'TEXT', 'TEXT', 'TEXT', 'TEXT', 'TEXT', 'TEXT']
PREDICTED TOKENS: ['TEXT', 'TEXT', 'TEXT', 'TEXT', 'TEXT', 'TEXT', 'TEXT', 'TEXT', 'TEXT', 'TEXT', 'TEXT', 'TEXT', 'TEXT', 'TEXT', 'TEXT', 'TEXT', 'TEXT', 'TEXT', 'TEXT', 'TEXT', 'TEXT', 'TEXT']
----------------------------------------
PROMPT: delete the marker called cargo hold then pull up my vitals
EXPECTED TAGS: ['Delete_waypoint', 'vitals_temperature']
PREDICTED TAGS: ['Delete_waypoint', 'open_menu_vitals']
EXPECTED TOKENS: ['TEXT', 'TEXT', 'TEXT', 'TEXT', 'TEXT', 'DELETE_WAYPOINT_NAME', 'DELETE_WAYPOINT_NAME', 'TEXT', 'TEXT', 'TEXT', 'TEXT', 'TEXT', 'TEXT']
PREDICTED TOKENS: ['TEXT', 'TEXT', 'TEXT', 'TEXT', 'TEXT', 'DELETE_WAYPOINT_NAME', 'DELETE_WAYPOINT_NAME', 'TEXT', 'TEXT', 'TEXT', 'TEXT', 'TEXT', 'TEXT']
----------------------------------------
PROMPT: status reserve oxygen, also fan rpm.
EXPECTED TAGS: ['vitals_fan_sec_rpm', 'vitals_oxy_sec_storage']
PREDICTED TAGS: ['vitals_fan_pri_rpm', 'vitals_oxy_sec_storage']
EXPECTED TOKENS: ['TEXT', 'TEXT', 'TEXT', 'TEXT', 'TEXT', 'TEXT', 'TEXT', 'TEXT']
PREDICTED TOKENS: ['TEXT', 'TEXT', 'TEXT', 'TEXT', 'TEXT', 'TEXT', 'TEXT', 'TEXT']
----------------------------------------
PROMPT: yo check backup o2 and also the coolant pressure
EXPECTED TAGS: ['vitals_coolant_liquid_pressure', 'vitals_oxy_sec_pressure']
PREDICTED TAGS: ['vitals_coolant_gas_pressure', 'vitals_oxy_sec_storage']
EXPECTED TOKENS: ['TEXT', 'TEXT', 'TEXT', 'TEXT', 'TEXT', 'TEXT', 'TEXT', 'TEXT', 'TEXT', 'TEXT', 'TEXT']
PREDICTED TOKENS: ['TEXT', 'TEXT', 'TEXT', 'TEXT', 'TEXT', 'TEXT', 'TEXT', 'TEXT', 'TEXT', 'TEXT', 'TEXT']
----------------------------------------
PROMPT: navigate command module then check rpm
EXPECTED TAGS: ['Set_navigation_target', 'vitals_fan_sec_rpm']
PREDICTED TAGS: ['Set_navigation_target']
EXPECTED TOKENS: ['TEXT', 'NAVIGATION_TARGET_NAME', 'NAVIGATION_TARGET_NAME', 'TEXT', 'TEXT', 'TEXT']
PREDICTED TOKENS: ['TEXT', 'NAVIGATION_TARGET_NAME', 'NAVIGATION_TARGET_NAME', 'TEXT', 'TEXT', 'TEXT']
----------------------------------------
PROMPT: nailed the drill calibration so check coolant loop pressure
EXPECTED TAGS: ['Complete_task', 'vitals_coolant_gas_pressure']
PREDICTED TAGS: ['Complete_task', 'vitals_coolant_liquid_pressure']
EXPECTED TOKENS: ['TEXT', 'TEXT', 'COMPLETE_TASK_NAME', 'COMPLETE_TASK_NAME', 'COMPLETE_TASK_NAME', 'COMPLETE_TASK_NAME', 'TEXT', 'TEXT', 'TEXT', 'TEXT', 'TEXT', 'TEXT']
PREDICTED TOKENS: ['TEXT', 'TEXT', 'COMPLETE_TASK_NAME', 'COMPLETE_TASK_NAME', 'COMPLETE_TASK_NAME', 'COMPLETE_TASK_NAME', 'TEXT', 'TEXT', 'TEXT', 'TEXT', 'TEXT', 'TEXT']
----------------------------------------
PROMPT: tell me warnings along with opening the vitals screen
EXPECTED TAGS: ['get_warnings', 'vitals_heart_rate']
PREDICTED TAGS: ['get_warnings', 'open_menu_vitals']
EXPECTED TOKENS: ['TEXT', 'TEXT', 'TEXT', 'TEXT', 'TEXT', 'TEXT', 'TEXT', 'TEXT', 'TEXT', 'TEXT']
PREDICTED TOKENS: ['TEXT', 'TEXT', 'TEXT', 'TEXT', 'TEXT', 'TEXT', 'TEXT', 'TEXT', 'TEXT', 'TEXT']
----------------------------------------
PROMPT: add task calibrate arm then check coolant
EXPECTED TAGS: ['Add_task', 'vitals_coolant_liquid_pressure']
PREDICTED TAGS: ['Add_task', 'vitals_coolant_storage']
EXPECTED TOKENS: ['TEXT', 'TEXT', 'TASK_NAME', 'TASK_NAME', 'TASK_NAME', 'TASK_NAME', 'TEXT', 'TEXT', 'TEXT', 'TEXT']
PREDICTED TOKENS: ['TEXT', 'TEXT', 'TASK_NAME', 'TASK_NAME', 'TASK_NAME', 'TASK_NAME', 'TEXT', 'TEXT', 'TEXT', 'TEXT']
----------------------------------------
PROMPT: tell me o2 pressure, mark site one
EXPECTED TAGS: ['Add_waypoint', 'vitals_suit_pressure_oxy']
PREDICTED TAGS: ['Add_waypoint', 'vitals_oxy_pri_pressure']
EXPECTED TOKENS: ['TEXT', 'TEXT', 'TEXT', 'TEXT', 'TEXT', 'TEXT', 'TEXT', 'WAYPOINT_NAME', 'WAYPOINT_NAME']
PREDICTED TOKENS: ['TEXT', 'TEXT', 'TEXT', 'TEXT', 'TEXT', 'TEXT', 'TEXT', 'WAYPOINT_NAME', 'WAYPOINT_NAME']
----------------------------------------
PROMPT: where ' s the crv and also check the secondary oxygen tank
EXPECTED TAGS: ['Get_coordinates', 'vitals_oxy_sec_pressure']
PREDICTED TAGS: ['Get_coordinates', 'vitals_oxy_sec_storage']
EXPECTED TOKENS: ['TEXT', 'TEXT', 'TEXT', 'TEXT', 'COORDINATE_TARGET_NAME', 'COORDINATE_TARGET_NAME', 'TEXT', 'TEXT', 'TEXT', 'TEXT', 'TEXT', 'TEXT', 'TEXT']
PREDICTED TOKENS: ['TEXT', 'TEXT', 'TEXT', 'TEXT', 'COORDINATE_TARGET_NAME', 'COORDINATE_TARGET_NAME', 'TEXT', 'TEXT', 'TEXT', 'TEXT', 'TEXT', 'TEXT', 'TEXT']
----------------------------------------
PROMPT: hey check my oxygen reserves and open the navigation map next
EXPECTED TAGS: ['open_menu_navigation', 'vitals_oxy_pri_storage']
PREDICTED TAGS: ['open_menu_navigation', 'vitals_oxy_pri_storage', 'vitals_oxy_time_left']
EXPECTED TOKENS: ['TEXT', 'TEXT', 'TEXT', 'TEXT', 'TEXT', 'TEXT', 'TEXT', 'TEXT', 'TEXT', 'TEXT', 'TEXT']
PREDICTED TOKENS: ['TEXT', 'TEXT', 'TEXT', 'TEXT', 'TEXT', 'TEXT', 'TEXT', 'TEXT', 'TEXT', 'TEXT', 'TEXT']
----------------------------------------
PROMPT: add task run co2 scrubber diagnostics and then show suit data
EXPECTED TAGS: ['Add_task', 'open_menu_tasks']
PREDICTED TAGS: ['Add_task', 'open_menu_vitals']
EXPECTED TOKENS: ['TEXT', 'TEXT', 'TASK_NAME', 'TASK_NAME', 'TASK_NAME', 'TASK_NAME', 'TASK_NAME', 'TASK_NAME', 'TASK_NAME', 'TEXT', 'TEXT', 'TEXT', 'TEXT', 'TEXT']
PREDICTED TOKENS: ['TEXT', 'TEXT', 'TASK_NAME', 'TASK_NAME', 'TASK_NAME', 'TASK_NAME', 'TASK_NAME', 'TASK_NAME', 'TASK_NAME', 'TEXT', 'TEXT', 'TEXT', 'TEXT', 'TEXT']
----------------------------------------
PROMPT: add nav point charlie, add nav point delta
EXPECTED TAGS: ['Add_waypoint']
PREDICTED TAGS: ['Add_waypoint']
EXPECTED TOKENS: ['TEXT', 'TEXT', 'TEXT', 'TEXT', 'WAYPOINT_NAME', 'TEXT', 'TEXT', 'TEXT', 'TEXT', 'TEXT', 'WAYPOINT_NAME']
PREDICTED TOKENS: ['TEXT', 'WAYPOINT_NAME', 'WAYPOINT_NAME', 'WAYPOINT_NAME', 'WAYPOINT_NAME', 'TEXT', 'TEXT', 'TEXT', 'TEXT', 'WAYPOINT_NAME', 'WAYPOINT_NAME']
----------------------------------------
PROMPT: open the vitals display followed by getting coordinates for the lunar gateway and include timestamps
EXPECTED TAGS: ['Get_coordinates', 'open_menu_tasks']
PREDICTED TAGS: ['Get_coordinates', 'open_menu_vitals']
EXPECTED TOKENS: ['TEXT', 'TEXT', 'TEXT', 'TEXT', 'TEXT', 'TEXT', 'TEXT', 'TEXT', 'TEXT', 'TEXT', 'TEXT', 'COORDINATE_TARGET_NAME', 'COORDINATE_TARGET_NAME', 'TEXT', 'TEXT', 'TEXT', 'TEXT', 'TEXT']
PREDICTED TOKENS: ['TEXT', 'TEXT', 'TEXT', 'TEXT', 'TEXT', 'TEXT', 'TEXT', 'TEXT', 'TEXT', 'TEXT', 'TEXT', 'COORDINATE_TARGET_NAME', 'COORDINATE_TARGET_NAME', 'TEXT', 'TEXT', 'TEXT', 'TEXT', 'TEXT']
----------------------------------------
PROMPT: open vitals meanwhile remove the sample cache waypoint please
EXPECTED TAGS: ['Delete_waypoint', 'vitals_batt_time_left']
PREDICTED TAGS: ['Delete_waypoint', 'open_menu_vitals']
EXPECTED TOKENS: ['TEXT', 'TEXT', 'TEXT', 'TEXT', 'TEXT', 'TEXT', 'DELETE_WAYPOINT_NAME', 'DELETE_WAYPOINT_NAME', 'TEXT', 'TEXT', 'TEXT']
PREDICTED TOKENS: ['TEXT', 'TEXT', 'TEXT', 'TEXT', 'TEXT', 'TEXT', 'DELETE_WAYPOINT_NAME', 'DELETE_WAYPOINT_NAME', 'TEXT', 'TEXT', 'TEXT']
----------------------------------------
PROMPT: yo check trace gas partials and then navigate to the sample manager, make a note of readings
EXPECTED TAGS: ['open_menu_geosamples', 'vitals_suit_pressure_other']
PREDICTED TAGS: ['Set_navigation_target', 'vitals_suit_pressure_other']
EXPECTED TOKENS: ['TEXT', 'TEXT', 'TEXT', 'TEXT', 'TEXT', 'TEXT', 'TEXT', 'TEXT', 'TEXT', 'TEXT', 'TEXT', 'TEXT', 'TEXT', 'TEXT', 'TEXT', 'TEXT', 'TEXT', 'TEXT', 'TEXT']
PREDICTED TOKENS: ['TEXT', 'TEXT', 'TEXT', 'TEXT', 'TEXT', 'TEXT', 'TEXT', 'TEXT', 'TEXT', 'TEXT', 'TEXT', 'NAVIGATION_TARGET_NAME', 'NAVIGATION_TARGET_NAME', 'TEXT', 'TEXT', 'TEXT', 'TEXT', 'TEXT', 'TEXT']
----------------------------------------
PROMPT: what ' s scrubber b capacity and then give secondary o2 reading
EXPECTED TAGS: ['vitals_oxy_sec_storage', 'vitals_scrubber_b_co2_storage']
PREDICTED TAGS: ['vitals_oxy_sec_pressure', 'vitals_oxy_sec_storage', 'vitals_scrubber_b_co2_storage']
EXPECTED TOKENS: ['TEXT', 'TEXT', 'TEXT', 'TEXT', 'TEXT', 'TEXT', 'TEXT', 'TEXT', 'TEXT', 'TEXT', 'TEXT', 'TEXT', 'TEXT', 'TEXT']
PREDICTED TOKENS: ['TEXT', 'TEXT', 'TEXT', 'TEXT', 'TEXT', 'TEXT', 'TEXT', 'TEXT', 'TEXT', 'TEXT', 'TEXT', 'TEXT', 'TEXT', 'TEXT']
----------------------------------------
PROMPT: hey pull up coolant psi also the fuel check and battery swap are resolved
EXPECTED TAGS: ['Complete_task', 'vitals_coolant_gas_pressure']
PREDICTED TAGS: ['Complete_task', 'vitals_coolant_liquid_pressure']
EXPECTED TOKENS: ['TEXT', 'TEXT', 'TEXT', 'TEXT', 'TEXT', 'TEXT', 'TEXT', 'TEXT', 'COMPLETE_TASK_NAME', 'COMPLETE_TASK_NAME', 'TEXT', 'COMPLETE_TASK_NAME', 'COMPLETE_TASK_NAME', 'TEXT', 'TEXT']
PREDICTED TOKENS: ['TEXT', 'TEXT', 'TEXT', 'TEXT', 'TEXT', 'TEXT', 'TEXT', 'TEXT', 'COMPLETE_TASK_NAME', 'COMPLETE_TASK_NAME', 'TEXT', 'COMPLETE_TASK_NAME', 'COMPLETE_TASK_NAME', 'TEXT', 'TEXT']
----------------------------------------
PROMPT: diagnose the power system and then show vitals along with suit telemetry
EXPECTED TAGS: ['open_menu_messaging', 'start_procedure_system_diagnosis']
PREDICTED TAGS: ['start_procedure_system_diagnosis']
EXPECTED TOKENS: ['TEXT', 'TEXT', 'TEXT', 'TEXT', 'TEXT', 'TEXT', 'TEXT', 'TEXT', 'TEXT', 'TEXT', 'TEXT', 'TEXT', 'TEXT', 'TEXT', 'TEXT', 'TEXT', 'TEXT']
PREDICTED TOKENS: ['TEXT', 'TEXT', 'TEXT', 'TEXT', 'TEXT', 'TEXT', 'TEXT', 'TEXT', 'TEXT', 'TEXT', 'TEXT', 'TEXT', 'TEXT', 'TEXT', 'TEXT', 'TEXT', 'TEXT']
----------------------------------------
PROMPT: complete battery check and then status secondary o2
EXPECTED TAGS: ['Complete_task', 'vitals_oxy_sec_storage']
PREDICTED TAGS: ['Complete_task', 'vitals_oxy_sec_pressure']
EXPECTED TOKENS: ['TEXT', 'COMPLETE_TASK_NAME', 'COMPLETE_TASK_NAME', 'TEXT', 'TEXT', 'TEXT', 'TEXT', 'TEXT', 'TEXT']
PREDICTED TOKENS: ['TEXT', 'COMPLETE_TASK_NAME', 'COMPLETE_TASK_NAME', 'TEXT', 'TEXT', 'TEXT', 'TEXT', 'TEXT', 'TEXT']
----------------------------------------
PROMPT: open vitals and add task reset comms
EXPECTED TAGS: ['Add_task', 'open_menu_rover']
PREDICTED TAGS: ['Add_task', 'open_menu_vitals']
EXPECTED TOKENS: ['TEXT', 'TEXT', 'TEXT', 'TEXT', 'TEXT', 'TEXT', 'TASK_NAME', 'TASK_NAME', 'TASK_NAME']
PREDICTED TOKENS: ['TEXT', 'TEXT', 'TEXT', 'TEXT', 'TEXT', 'TEXT', 'TASK_NAME', 'TASK_NAME', 'TASK_NAME']
----------------------------------------
PROMPT: start the emergency repair tasks and then display suit data as well
EXPECTED TAGS: ['open_menu_voice_assistant', 'start_procedure_physical_repair_task']
PREDICTED TAGS: ['start_procedure_physical_repair_task']
EXPECTED TOKENS: ['TEXT', 'TEXT', 'TEXT', 'TEXT', 'TEXT', 'TEXT', 'TEXT', 'TEXT', 'TEXT', 'TEXT', 'TEXT', 'TEXT']
PREDICTED TOKENS: ['TEXT', 'TEXT', 'TEXT', 'TEXT', 'TEXT', 'TEXT', 'TEXT', 'TEXT', 'TEXT', 'TEXT', 'TEXT', 'TEXT']
----------------------------------------
PROMPT: after you compute oxygen time remaining, also pull up co2 trends and current partial pressures for the suit.
EXPECTED TAGS: ['vitals_oxy_time_left', 'vitals_suit_pressure_co2']
PREDICTED TAGS: ['vitals_co2_production', 'vitals_oxy_time_left', 'vitals_suit_pressure_co2']
EXPECTED TOKENS: ['TEXT', 'TEXT', 'TEXT', 'TEXT', 'TEXT', 'TEXT', 'TEXT', 'TEXT', 'TEXT', 'TEXT', 'TEXT', 'TEXT', 'TEXT', 'TEXT', 'TEXT', 'TEXT', 'TEXT', 'TEXT', 'TEXT', 'TEXT', 'TEXT']
PREDICTED TOKENS: ['TEXT', 'TEXT', 'TEXT', 'TEXT', 'TEXT', 'TEXT', 'TEXT', 'TEXT', 'TEXT', 'TEXT', 'TEXT', 'TEXT', 'TEXT', 'TEXT', 'TEXT', 'TEXT', 'TEXT', 'TEXT', 'TEXT', 'TEXT', 'TEXT']
----------------------------------------
PROMPT: set waypoint supply along with o2
EXPECTED TAGS: ['Set_navigation_target', 'vitals_oxy_consumption']
PREDICTED TAGS: ['Add_waypoint', 'vitals_oxy_pri_pressure', 'vitals_oxy_pri_storage']
EXPECTED TOKENS: ['TEXT', 'TEXT', 'TEXT', 'NAVIGATION_TARGET_NAME', 'TEXT', 'TEXT', 'TEXT', 'TEXT']
PREDICTED TOKENS: ['TEXT', 'TEXT', 'TEXT', 'WAYPOINT_NAME', 'TEXT', 'TEXT', 'TEXT', 'TEXT']
----------------------------------------
PROMPT: co2 in headspace and open menu
EXPECTED TAGS: ['open_menu_voice_assistant', 'vitals_helmet_pressure_co2']
PREDICTED TAGS: ['vitals_helmet_pressure_co2']
EXPECTED TOKENS: ['TEXT', 'TEXT', 'TEXT', 'TEXT', 'TEXT', 'TEXT', 'TEXT', 'TEXT']
PREDICTED TOKENS: ['TEXT', 'TEXT', 'TEXT', 'TEXT', 'TEXT', 'TEXT', 'TEXT', 'TEXT']
----------------------------------------
PROMPT: could you start uia egress and additionally report co2?
EXPECTED TAGS: ['start_procedure_uia_egress', 'vitals_co2_production']
PREDICTED TAGS: ['start_procedure_uia_egress', 'vitals_suit_pressure_co2']
EXPECTED TOKENS: ['TEXT', 'TEXT', 'TEXT', 'TEXT', 'TEXT', 'TEXT', 'TEXT', 'TEXT', 'TEXT', 'TEXT', 'TEXT', 'TEXT', 'TEXT', 'TEXT']
PREDICTED TOKENS: ['TEXT', 'TEXT', 'TEXT', 'TEXT', 'TEXT', 'TEXT', 'TEXT', 'TEXT', 'TEXT', 'TEXT', 'TEXT', 'TEXT', 'TEXT', 'TEXT']
----------------------------------------
PROMPT: could you find relay - 2 and then pull up primary o2 status?
EXPECTED TAGS: ['Get_coordinates', 'vitals_oxy_pri_storage']
PREDICTED TAGS: ['Get_coordinates', 'vitals_oxy_pri_pressure']
EXPECTED TOKENS: ['TEXT', 'TEXT', 'TEXT', 'COORDINATE_TARGET_NAME', 'COORDINATE_TARGET_NAME', 'COORDINATE_TARGET_NAME', 'TEXT', 'TEXT', 'TEXT', 'TEXT', 'TEXT', 'TEXT', 'TEXT', 'TEXT', 'TEXT']
PREDICTED TOKENS: ['TEXT', 'TEXT', 'TEXT', 'COORDINATE_TARGET_NAME', 'COORDINATE_TARGET_NAME', 'COORDINATE_TARGET_NAME', 'TEXT', 'TEXT', 'TEXT', 'TEXT', 'TEXT', 'TEXT', 'TEXT', 'TEXT', 'TEXT']
----------------------------------------
PROMPT: can you confirm backup oxygen reserve levels and additionally pull up detailed suit vitals including o2 consumption rate
EXPECTED TAGS: ['open_menu_vitals', 'vitals_oxy_sec_storage']
PREDICTED TAGS: ['vitals_oxy_consumption', 'vitals_oxy_sec_storage']
EXPECTED TOKENS: ['TEXT', 'TEXT', 'TEXT', 'TEXT', 'TEXT', 'TEXT', 'TEXT', 'TEXT', 'TEXT', 'TEXT', 'TEXT', 'TEXT', 'TEXT', 'TEXT', 'TEXT', 'TEXT', 'TEXT', 'TEXT', 'TEXT', 'TEXT']
PREDICTED TOKENS: ['TEXT', 'TEXT', 'TEXT', 'TEXT', 'TEXT', 'TEXT', 'TEXT', 'TEXT', 'TEXT', 'TEXT', 'TEXT', 'TEXT', 'TEXT', 'TEXT', 'TEXT', 'TEXT', 'TEXT', 'TEXT', 'TEXT', 'TEXT']
----------------------------------------
PROMPT: suit pressure check also got battery swap handled
EXPECTED TAGS: ['Complete_task', 'vitals_suit_pressure_total']
PREDICTED TAGS: ['Complete_task', 'vitals_suit_pressure_total']
EXPECTED TOKENS: ['TEXT', 'TEXT', 'TEXT', 'TEXT', 'TEXT', 'COMPLETE_TASK_NAME', 'COMPLETE_TASK_NAME', 'TEXT']
PREDICTED TOKENS: ['TEXT', 'TEXT', 'COMPLETE_TASK_NAME', 'TEXT', 'TEXT', 'COMPLETE_TASK_NAME', 'COMPLETE_TASK_NAME', 'TEXT']
----------------------------------------
PROMPT: check o2 and open navigation
EXPECTED TAGS: ['open_menu_navigation', 'vitals_oxy_pri_storage']
PREDICTED TAGS: ['open_menu_navigation', 'vitals_oxy_pri_storage', 'vitals_oxy_sec_pressure']
EXPECTED TOKENS: ['TEXT', 'TEXT', 'TEXT', 'TEXT', 'TEXT', 'TEXT']
PREDICTED TOKENS: ['TEXT', 'TEXT', 'TEXT', 'TEXT', 'TEXT', 'TEXT']
----------------------------------------
PROMPT: please display my biometrics and then execute the final verification checklist, next report status
EXPECTED TAGS: ['start_procedure_final_system_checks', 'vitals_temperature']
PREDICTED TAGS: ['open_menu_vitals', 'start_procedure_final_system_checks']
EXPECTED TOKENS: ['TEXT', 'TEXT', 'TEXT', 'TEXT', 'TEXT', 'TEXT', 'TEXT', 'TEXT', 'TEXT', 'TEXT', 'TEXT', 'TEXT', 'TEXT', 'TEXT', 'TEXT', 'TEXT', 'TEXT', 'TEXT']
PREDICTED TOKENS: ['TEXT', 'TEXT', 'TEXT', 'TEXT', 'TEXT', 'TEXT', 'TEXT', 'TEXT', 'TEXT', 'TEXT', 'TEXT', 'TEXT', 'TEXT', 'TEXT', 'TEXT', 'TEXT', 'TEXT', 'TEXT']
----------------------------------------
PROMPT: open suit data and then initiate reboot of the ltv nav
EXPECTED TAGS: ['start_procedure_system_restart', 'vitals_suit_pressure_other']
PREDICTED TAGS: ['open_menu_vitals', 'start_procedure_system_restart']
EXPECTED TOKENS: ['TEXT', 'TEXT', 'TEXT', 'TEXT', 'TEXT', 'TEXT', 'TEXT', 'TEXT', 'TEXT', 'TEXT', 'TEXT', 'TEXT', 'TEXT', 'TEXT']
PREDICTED TOKENS: ['TEXT', 'TEXT', 'TEXT', 'TEXT', 'TEXT', 'TEXT', 'TEXT', 'TEXT', 'TEXT', 'TEXT', 'TEXT', 'TEXT', 'TEXT', 'TEXT']
----------------------------------------
PROMPT: could you show suit data and then begin restarting the guidance computer?
EXPECTED TAGS: ['start_procedure_system_restart', 'vitals_temperature']
PREDICTED TAGS: ['start_procedure_system_restart']
EXPECTED TOKENS: ['TEXT', 'TEXT', 'TEXT', 'TEXT', 'TEXT', 'TEXT', 'TEXT', 'TEXT', 'TEXT', 'TEXT', 'TEXT', 'TEXT', 'TEXT', 'TEXT']
PREDICTED TOKENS: ['TEXT', 'TEXT', 'TEXT', 'TEXT', 'TEXT', 'TEXT', 'TEXT', 'TEXT', 'TEXT', 'TEXT', 'TEXT', 'TEXT', 'TEXT', 'TEXT']
----------------------------------------
PROMPT: show comms and then start the uia checklist
EXPECTED TAGS: ['open_menu_messaging', 'start_procedure_uia_egress']
PREDICTED TAGS: ['open_menu_messaging', 'start_procedure_uia_ingress']
EXPECTED TOKENS: ['TEXT', 'TEXT', 'TEXT', 'TEXT', 'TEXT', 'TEXT', 'TEXT', 'TEXT', 'TEXT', 'TEXT', 'TEXT']
PREDICTED TOKENS: ['TEXT', 'TEXT', 'TEXT', 'TEXT', 'TEXT', 'TEXT', 'TEXT', 'TEXT', 'TEXT', 'TEXT', 'TEXT']
----------------------------------------
PROMPT: tasks menu, then read primary o2
EXPECTED TAGS: ['open_menu_tasks', 'vitals_oxy_pri_storage']
PREDICTED TAGS: ['open_menu_tasks', 'vitals_oxy_pri_pressure']
EXPECTED TOKENS: ['TEXT', 'TEXT', 'TEXT', 'TEXT', 'TEXT', 'TEXT', 'TEXT', 'TEXT']
PREDICTED TOKENS: ['TEXT', 'TEXT', 'TEXT', 'TEXT', 'TEXT', 'TEXT', 'TEXT', 'TEXT']
----------------------------------------
PROMPT: primary oxygen pressure plus suit?
EXPECTED TAGS: ['vitals_oxy_pri_pressure', 'vitals_suit_pressure_total']
PREDICTED TAGS: ['vitals_oxy_pri_pressure', 'vitals_suit_pressure_oxy']
EXPECTED TOKENS: ['TEXT', 'TEXT', 'TEXT', 'TEXT', 'TEXT', 'TEXT']
PREDICTED TOKENS: ['TEXT', 'TEXT', 'TEXT', 'TEXT', 'TEXT', 'TEXT']
----------------------------------------
PROMPT: start final checks next and also give me a readout of suit power as well as biometrics
EXPECTED TAGS: ['get_warnings', 'start_procedure_final_system_checks']
PREDICTED TAGS: ['start_procedure_final_system_checks', 'vitals_batt_time_left']
EXPECTED TOKENS: ['TEXT', 'TEXT', 'TEXT', 'TEXT', 'TEXT', 'TEXT', 'TEXT', 'TEXT', 'TEXT', 'TEXT', 'TEXT', 'TEXT', 'TEXT', 'TEXT', 'TEXT', 'TEXT', 'TEXT', 'TEXT', 'TEXT', 'TEXT']
PREDICTED TOKENS: ['TEXT', 'TEXT', 'TEXT', 'TEXT', 'TEXT', 'TEXT', 'TEXT', 'TEXT', 'TEXT', 'TEXT', 'TEXT', 'TEXT', 'TEXT', 'TEXT', 'TEXT', 'TEXT', 'TEXT', 'TEXT', 'TEXT', 'TEXT']
----------------------------------------
PROMPT: oh and check helmet co2, and then mark the oxygen gauge calibration step on my checklist
EXPECTED TAGS: ['Complete_task', 'vitals_helmet_pressure_co2']
PREDICTED TAGS: ['Complete_task', 'vitals_helmet_pressure_co2']
EXPECTED TOKENS: ['TEXT', 'TEXT', 'TEXT', 'TEXT', 'TEXT', 'TEXT', 'TEXT', 'TEXT', 'TEXT', 'TEXT', 'TEXT', 'COMPLETE_TASK_NAME', 'COMPLETE_TASK_NAME', 'COMPLETE_TASK_NAME', 'COMPLETE_TASK_NAME', 'COMPLETE_TASK_NAME', 'TEXT', 'TEXT', 'TEXT', 'TEXT', 'TEXT']
PREDICTED TOKENS: ['TEXT', 'TEXT', 'TEXT', 'TEXT', 'TEXT', 'TEXT', 'TEXT', 'TEXT', 'TEXT', 'TEXT', 'TEXT', 'COMPLETE_TASK_NAME', 'COMPLETE_TASK_NAME', 'COMPLETE_TASK_NAME', 'COMPLETE_TASK_NAME', 'COMPLETE_TASK_NAME', 'COMPLETE_TASK_NAME', 'TEXT', 'TEXT', 'TEXT', 'TEXT']
----------------------------------------
PROMPT: add task record timestamp and then open vitals panel
EXPECTED TAGS: ['Add_task', 'vitals_heart_rate']
PREDICTED TAGS: ['Add_task', 'vitals_temperature']
EXPECTED TOKENS: ['TEXT', 'TEXT', 'TASK_NAME', 'TASK_NAME', 'TASK_NAME', 'TASK_NAME', 'TEXT', 'TEXT', 'TEXT', 'TEXT', 'TEXT', 'TEXT']
PREDICTED TOKENS: ['TEXT', 'TEXT', 'TASK_NAME', 'TASK_NAME', 'TASK_NAME', 'TASK_NAME', 'TEXT', 'TEXT', 'TEXT', 'TEXT', 'TEXT', 'TEXT']
----------------------------------------
PROMPT: erase north base marker first then show my battery time remaining
EXPECTED TAGS: ['Delete_waypoint', 'vitals_batt_time_left']
PREDICTED TAGS: ['Delete_waypoint', 'vitals_batt_time_left']
EXPECTED TOKENS: ['TEXT', 'DELETE_WAYPOINT_NAME', 'DELETE_WAYPOINT_NAME', 'TEXT', 'TEXT', 'TEXT', 'TEXT', 'TEXT', 'TEXT', 'TEXT', 'TEXT']
PREDICTED TOKENS: ['TEXT', 'DELETE_WAYPOINT_NAME', 'DELETE_WAYPOINT_NAME', 'DELETE_WAYPOINT_NAME', 'TEXT', 'TEXT', 'TEXT', 'TEXT', 'TEXT', 'TEXT', 'TEXT']
----------------------------------------
PROMPT: hey, open vitals display and also plan a detour
EXPECTED TAGS: ['reroute_navigation', 'vitals_heart_rate']
PREDICTED TAGS: ['reroute_navigation', 'vitals_temperature']
EXPECTED TOKENS: ['TEXT', 'TEXT', 'TEXT', 'TEXT', 'TEXT', 'TEXT', 'TEXT', 'TEXT', 'TEXT', 'TEXT', 'TEXT', 'TEXT']
PREDICTED TOKENS: ['TEXT', 'TEXT', 'TEXT', 'TEXT', 'TEXT', 'TEXT', 'TEXT', 'TEXT', 'TEXT', 'TEXT', 'TEXT', 'TEXT']
----------------------------------------
PROMPT: alter course and open biometrics.
EXPECTED TAGS: ['reroute_navigation', 'vitals_suit_pressure_oxy']
PREDICTED TAGS: ['reroute_navigation']
EXPECTED TOKENS: ['TEXT', 'TEXT', 'TEXT', 'TEXT', 'TEXT', 'TEXT', 'TEXT', 'TEXT']
PREDICTED TOKENS: ['TEXT', 'TEXT', 'TEXT', 'TEXT', 'TEXT', 'TEXT', 'TEXT', 'TEXT']
----------------------------------------
PROMPT: also pull up co2 and samples
EXPECTED TAGS: ['open_menu_geosamples', 'vitals_co2_production']
PREDICTED TAGS: ['open_menu_geosamples', 'vitals_suit_pressure_co2']
EXPECTED TOKENS: ['TEXT', 'TEXT', 'TEXT', 'TEXT', 'TEXT', 'TEXT', 'TEXT']
PREDICTED TOKENS: ['TEXT', 'TEXT', 'TEXT', 'TEXT', 'TEXT', 'TEXT', 'TEXT']
----------------------------------------
PROMPT: please pull up my vitals and add waypoint landing beacon?
EXPECTED TAGS: ['Add_waypoint', 'open_menu_vitals']
PREDICTED TAGS: ['Add_waypoint']
EXPECTED TOKENS: ['TEXT', 'TEXT', 'TEXT', 'TEXT', 'TEXT', 'TEXT', 'TEXT', 'TEXT', 'TEXT', 'TEXT', 'WAYPOINT_NAME', 'WAYPOINT_NAME', 'TEXT']
PREDICTED TOKENS: ['TEXT', 'TEXT', 'TEXT', 'TEXT', 'TEXT', 'TEXT', 'TEXT', 'TEXT', 'TEXT', 'TEXT', 'WAYPOINT_NAME', 'WAYPOINT_NAME', 'TEXT']
----------------------------------------
PROMPT: begin uia ingress then check secondary o2
EXPECTED TAGS: ['start_procedure_uia_ingress', 'vitals_oxy_sec_pressure']
PREDICTED TAGS: ['start_procedure_uia_ingress', 'vitals_oxy_sec_storage']
EXPECTED TOKENS: ['TEXT', 'TEXT', 'TEXT', 'TEXT', 'TEXT', 'TEXT', 'TEXT', 'TEXT', 'TEXT', 'TEXT']
PREDICTED TOKENS: ['TEXT', 'TEXT', 'TEXT', 'TEXT', 'TEXT', 'TEXT', 'TEXT', 'TEXT', 'TEXT', 'TEXT']
----------------------------------------
PROMPT: could you open suit oxygen partial and then the primary o2 data?
EXPECTED TAGS: ['vitals_oxy_pri_pressure', 'vitals_suit_pressure_oxy']
PREDICTED TAGS: ['vitals_oxy_pri_storage', 'vitals_suit_pressure_oxy']
EXPECTED TOKENS: ['TEXT', 'TEXT', 'TEXT', 'TEXT', 'TEXT', 'TEXT', 'TEXT', 'TEXT', 'TEXT', 'TEXT', 'TEXT', 'TEXT', 'TEXT', 'TEXT']
PREDICTED TOKENS: ['TEXT', 'TEXT', 'TEXT', 'TEXT', 'TEXT', 'TEXT', 'TEXT', 'TEXT', 'TEXT', 'TEXT', 'TEXT', 'TEXT', 'TEXT', 'TEXT']
----------------------------------------
PROMPT: hey o2 pressure real quick also crushed eva prep
EXPECTED TAGS: ['Complete_task', 'vitals_suit_pressure_oxy']
PREDICTED TAGS: ['Complete_task', 'vitals_oxy_pri_pressure', 'vitals_suit_pressure_oxy']
EXPECTED TOKENS: ['TEXT', 'TEXT', 'TEXT', 'TEXT', 'TEXT', 'TEXT', 'TEXT', 'TEXT', 'COMPLETE_TASK_NAME', 'COMPLETE_TASK_NAME']
PREDICTED TOKENS: ['TEXT', 'TEXT', 'TEXT', 'TEXT', 'TEXT', 'TEXT', 'TEXT', 'TEXT', 'COMPLETE_TASK_NAME', 'COMPLETE_TASK_NAME']
----------------------------------------
PROMPT: read primary o2 pressure and fan rpm?
EXPECTED TAGS: ['vitals_fan_sec_rpm', 'vitals_oxy_pri_pressure']
PREDICTED TAGS: ['vitals_fan_pri_rpm', 'vitals_oxy_pri_pressure']
EXPECTED TOKENS: ['TEXT', 'TEXT', 'TEXT', 'TEXT', 'TEXT', 'TEXT', 'TEXT', 'TEXT', 'TEXT']
PREDICTED TOKENS: ['TEXT', 'TEXT', 'TEXT', 'TEXT', 'TEXT', 'TEXT', 'TEXT', 'TEXT', 'TEXT']
----------------------------------------
PROMPT: open navigation, is primary o2 ok?
EXPECTED TAGS: ['open_menu_navigation', 'vitals_oxy_pri_pressure']
PREDICTED TAGS: ['open_menu_navigation', 'vitals_oxy_pri_pressure', 'vitals_oxy_pri_storage']
EXPECTED TOKENS: ['TEXT', 'TEXT', 'TEXT', 'TEXT', 'TEXT', 'TEXT', 'TEXT', 'TEXT', 'TEXT']
PREDICTED TOKENS: ['TEXT', 'TEXT', 'TEXT', 'TEXT', 'TEXT', 'TEXT', 'TEXT', 'TEXT', 'TEXT']
----------------------------------------
PROMPT: show uia, then read coolant psi
EXPECTED TAGS: ['open_menu_uia', 'vitals_coolant_gas_pressure']
PREDICTED TAGS: ['open_menu_uia', 'vitals_coolant_liquid_pressure']
EXPECTED TOKENS: ['TEXT', 'TEXT', 'TEXT', 'TEXT', 'TEXT', 'TEXT', 'TEXT', 'TEXT', 'TEXT']
PREDICTED TOKENS: ['TEXT', 'TEXT', 'TEXT', 'TEXT', 'TEXT', 'TEXT', 'TEXT', 'TEXT', 'TEXT']
----------------------------------------
PROMPT: could you display biometrics and add task verify suit seals
EXPECTED TAGS: ['Add_task', 'vitals_heart_rate']
PREDICTED TAGS: ['Add_task']
EXPECTED TOKENS: ['TEXT', 'TEXT', 'TEXT', 'TEXT', 'TEXT', 'TEXT', 'TEXT', 'TEXT', 'TEXT', 'TASK_NAME', 'TASK_NAME', 'TASK_NAME']
PREDICTED TOKENS: ['TEXT', 'TEXT', 'TEXT', 'TEXT', 'TEXT', 'TEXT', 'TEXT', 'TEXT', 'TEXT', 'TASK_NAME', 'TASK_NAME', 'TASK_NAME']
----------------------------------------
PROMPT: start uia ingress and check o2
EXPECTED TAGS: ['start_procedure_uia_ingress', 'vitals_oxy_time_left']
PREDICTED TAGS: ['start_procedure_uia_ingress']
EXPECTED TOKENS: ['TEXT', 'TEXT', 'TEXT', 'TEXT', 'TEXT', 'TEXT', 'TEXT', 'TEXT', 'TEXT']
PREDICTED TOKENS: ['TEXT', 'TEXT', 'TEXT', 'TEXT', 'TEXT', 'TEXT', 'TEXT', 'TEXT', 'TEXT']
----------------------------------------
PROMPT: read liquid coolant pressure also scrubber status
EXPECTED TAGS: ['vitals_coolant_liquid_pressure', 'vitals_scrubber_a_co2_storage']
PREDICTED TAGS: ['vitals_coolant_liquid_pressure', 'vitals_scrubber_b_co2_storage']
EXPECTED TOKENS: ['TEXT', 'TEXT', 'TEXT', 'TEXT', 'TEXT', 'TEXT', 'TEXT', 'TEXT', 'TEXT']
PREDICTED TOKENS: ['TEXT', 'TEXT', 'TEXT', 'TEXT', 'TEXT', 'TEXT', 'TEXT', 'TEXT', 'TEXT']
----------------------------------------
PROMPT: display route next and remove beta marker now
EXPECTED TAGS: ['Delete_waypoint', 'open_menu_navigation']
PREDICTED TAGS: ['Delete_waypoint', 'open_menu_navigation']
EXPECTED TOKENS: ['TEXT', 'TEXT', 'TEXT', 'TEXT', 'TEXT', 'DELETE_WAYPOINT_NAME', 'TEXT', 'TEXT']
PREDICTED TOKENS: ['TEXT', 'TEXT', 'TEXT', 'TEXT', 'TEXT', 'DELETE_WAYPOINT_NAME', 'DELETE_WAYPOINT_NAME', 'TEXT']
----------------------------------------
PROMPT: gotta wrap this up
EXPECTED TAGS: ['start_procedure_final_system_checks']
PREDICTED TAGS: []
EXPECTED TOKENS: ['TEXT', 'TEXT', 'TEXT', 'TEXT']
PREDICTED TOKENS: ['TEXT', 'TEXT', 'TEXT', 'TEXT']
----------------------------------------
PROMPT: display scrubber a fullness and at the same time show fan rpm
EXPECTED TAGS: ['vitals_fan_pri_rpm', 'vitals_scrubber_a_co2_storage']
PREDICTED TAGS: ['vitals_fan_sec_rpm', 'vitals_scrubber_a_co2_storage']
EXPECTED TOKENS: ['TEXT', 'TEXT', 'TEXT', 'TEXT', 'TEXT', 'TEXT', 'TEXT', 'TEXT', 'TEXT', 'TEXT', 'TEXT', 'TEXT', 'TEXT', 'TEXT']
PREDICTED TOKENS: ['TEXT', 'TEXT', 'TEXT', 'TEXT', 'TEXT', 'TEXT', 'TEXT', 'TEXT', 'TEXT', 'TEXT', 'TEXT', 'TEXT', 'TEXT', 'TEXT']
----------------------------------------
PROMPT: need current coolant pressure plus add task replace o - ring next
EXPECTED TAGS: ['Add_task', 'vitals_coolant_liquid_pressure']
PREDICTED TAGS: ['Add_task', 'vitals_coolant_gas_pressure']
EXPECTED TOKENS: ['TEXT', 'TEXT', 'TEXT', 'TEXT', 'TEXT', 'TEXT', 'TEXT', 'TEXT', 'TASK_NAME', 'TASK_NAME', 'TASK_NAME', 'TASK_NAME', 'TEXT']
PREDICTED TOKENS: ['TEXT', 'TEXT', 'TEXT', 'TEXT', 'TEXT', 'TEXT', 'TEXT', 'TEXT', 'TASK_NAME', 'TASK_NAME', 'TASK_NAME', 'TASK_NAME', 'TASK_NAME']
----------------------------------------
PROMPT: begin final system checks followed by displaying suit vitals
EXPECTED TAGS: ['open_menu_navigation', 'start_procedure_final_system_checks']
PREDICTED TAGS: ['open_menu_rover', 'start_procedure_final_system_checks']
EXPECTED TOKENS: ['TEXT', 'TEXT', 'TEXT', 'TEXT', 'TEXT', 'TEXT', 'TEXT', 'TEXT', 'TEXT', 'TEXT']
PREDICTED TOKENS: ['TEXT', 'TEXT', 'TEXT', 'TEXT', 'TEXT', 'TEXT', 'TEXT', 'TEXT', 'TEXT', 'TEXT']
----------------------------------------
PROMPT: show o2 pressure and locate base - 2
EXPECTED TAGS: ['Get_coordinates', 'vitals_oxy_pri_pressure']
PREDICTED TAGS: ['Get_coordinates', 'vitals_suit_pressure_oxy']
EXPECTED TOKENS: ['TEXT', 'TEXT', 'TEXT', 'TEXT', 'TEXT', 'TEXT', 'COORDINATE_TARGET_NAME', 'COORDINATE_TARGET_NAME', 'COORDINATE_TARGET_NAME']
PREDICTED TOKENS: ['TEXT', 'TEXT', 'TEXT', 'TEXT', 'TEXT', 'TEXT', 'COORDINATE_TARGET_NAME', 'COORDINATE_TARGET_NAME', 'COORDINATE_TARGET_NAME']
----------------------------------------
PROMPT: as well as o2 and co2, open the suit ' s trace gas partial pressures and then verify scrubber a ' s saturation percentage.
EXPECTED TAGS: ['vitals_scrubber_a_co2_storage', 'vitals_suit_pressure_other']
PREDICTED TAGS: ['vitals_scrubber_a_co2_storage', 'vitals_suit_pressure_other', 'vitals_suit_pressure_oxy']
EXPECTED TOKENS: ['TEXT', 'TEXT', 'TEXT', 'TEXT', 'TEXT', 'TEXT', 'TEXT', 'TEXT', 'TEXT', 'TEXT', 'TEXT', 'TEXT', 'TEXT', 'TEXT', 'TEXT', 'TEXT', 'TEXT', 'TEXT', 'TEXT', 'TEXT', 'TEXT', 'TEXT', 'TEXT', 'TEXT', 'TEXT', 'TEXT', 'TEXT', 'TEXT', 'TEXT', 'TEXT']
PREDICTED TOKENS: ['TEXT', 'TEXT', 'TEXT', 'TEXT', 'TEXT', 'TEXT', 'TEXT', 'TEXT', 'TEXT', 'TEXT', 'TEXT', 'TEXT', 'TEXT', 'TEXT', 'TEXT', 'TEXT', 'TEXT', 'TEXT', 'TEXT', 'TEXT', 'TEXT', 'TEXT', 'TEXT', 'TEXT', 'TEXT', 'TEXT', 'TEXT', 'TEXT', 'TEXT', 'TEXT']
----------------------------------------
PROMPT: please pull up the secondary o2 pressure as well as complete life support sync along with preflight checks
EXPECTED TAGS: ['Complete_task', 'vitals_oxy_sec_pressure']
PREDICTED TAGS: ['Complete_task', 'vitals_oxy_sec_pressure']
EXPECTED TOKENS: ['TEXT', 'TEXT', 'TEXT', 'TEXT', 'TEXT', 'TEXT', 'TEXT', 'TEXT', 'TEXT', 'TEXT', 'TEXT', 'TEXT', 'COMPLETE_TASK_NAME', 'COMPLETE_TASK_NAME', 'COMPLETE_TASK_NAME', 'TEXT', 'TEXT', 'TEXT', 'TEXT', 'TEXT']
PREDICTED TOKENS: ['TEXT', 'TEXT', 'TEXT', 'TEXT', 'TEXT', 'TEXT', 'TEXT', 'TEXT', 'TEXT', 'TEXT', 'TEXT', 'TEXT', 'COMPLETE_TASK_NAME', 'COMPLETE_TASK_NAME', 'COMPLETE_TASK_NAME', 'TEXT', 'TEXT', 'TEXT', 'COMPLETE_TASK_NAME', 'COMPLETE_TASK_NAME']
----------------------------------------
PROMPT: primary oxygen and coolant check
EXPECTED TAGS: ['vitals_coolant_liquid_pressure', 'vitals_oxy_pri_storage']
PREDICTED TAGS: ['vitals_coolant_liquid_pressure', 'vitals_coolant_storage', 'vitals_oxy_pri_storage']
EXPECTED TOKENS: ['TEXT', 'TEXT', 'TEXT', 'TEXT', 'TEXT', 'TEXT']
PREDICTED TOKENS: ['TEXT', 'TEXT', 'TEXT', 'TEXT', 'TEXT', 'TEXT']
----------------------------------------
PROMPT: we ' ve got a temp spike — verify coolant loop liquid pressure and then pull up my heart rate telemetry
EXPECTED TAGS: ['vitals_coolant_liquid_pressure', 'vitals_heart_rate']
PREDICTED TAGS: ['vitals_coolant_liquid_pressure', 'vitals_heart_rate', 'vitals_temperature']
EXPECTED TOKENS: ['TEXT', 'TEXT', 'TEXT', 'TEXT', 'TEXT', 'TEXT', 'TEXT', 'TEXT', 'TEXT', 'TEXT', 'TEXT', 'TEXT', 'TEXT', 'TEXT', 'TEXT', 'TEXT', 'TEXT', 'TEXT', 'TEXT', 'TEXT', 'TEXT', 'TEXT', 'TEXT', 'TEXT', 'TEXT']
PREDICTED TOKENS: ['TEXT', 'TEXT', 'TEXT', 'TEXT', 'TEXT', 'TEXT', 'TEXT', 'TEXT', 'TEXT', 'TEXT', 'TEXT', 'TEXT', 'TEXT', 'TEXT', 'TEXT', 'TEXT', 'TEXT', 'TEXT', 'TEXT', 'TEXT', 'TEXT', 'TEXT', 'TEXT', 'TEXT', 'TEXT']
----------------------------------------
PROMPT: read primary o2 tank level
EXPECTED TAGS: ['vitals_oxy_pri_storage']
PREDICTED TAGS: ['vitals_oxy_pri_pressure']
EXPECTED TOKENS: ['TEXT', 'TEXT', 'TEXT', 'TEXT', 'TEXT', 'TEXT']
PREDICTED TOKENS: ['TEXT', 'TEXT', 'TEXT', 'TEXT', 'TEXT', 'TEXT']
----------------------------------------
PROMPT: open the map next and then bring up my biometrics for status
EXPECTED TAGS: ['open_menu_navigation', 'open_menu_vitals']
PREDICTED TAGS: ['open_menu_navigation', 'vitals_batt_time_left']
EXPECTED TOKENS: ['TEXT', 'TEXT', 'TEXT', 'TEXT', 'TEXT', 'TEXT', 'TEXT', 'TEXT', 'TEXT', 'TEXT', 'TEXT', 'TEXT', 'TEXT', 'TEXT']
PREDICTED TOKENS: ['TEXT', 'TEXT', 'TEXT', 'TEXT', 'TEXT', 'TEXT', 'TEXT', 'TEXT', 'TEXT', 'TEXT', 'TEXT', 'TEXT', 'TEXT', 'TEXT']
----------------------------------------
PROMPT: o2 read and add task check hud
EXPECTED TAGS: ['Add_task', 'vitals_suit_pressure_oxy']
PREDICTED TAGS: ['Add_task', 'vitals_oxy_pri_pressure']
EXPECTED TOKENS: ['TEXT', 'TEXT', 'TEXT', 'TEXT', 'TEXT', 'TEXT', 'TASK_NAME', 'TASK_NAME', 'TASK_NAME']
PREDICTED TOKENS: ['TEXT', 'TEXT', 'TEXT', 'TEXT', 'TEXT', 'TEXT', 'TASK_NAME', 'TASK_NAME', 'TASK_NAME']
----------------------------------------
PROMPT: check coolant pressure across the thermal control loops and after that instruct me to cycle airlock valves
EXPECTED TAGS: ['start_procedure_uia_egress', 'vitals_coolant_liquid_pressure']
PREDICTED TAGS: ['Add_task', 'vitals_coolant_liquid_pressure']
EXPECTED TOKENS: ['TEXT', 'TEXT', 'TEXT', 'TEXT', 'TEXT', 'TEXT', 'TEXT', 'TEXT', 'TEXT', 'TEXT', 'TEXT', 'TEXT', 'TEXT', 'TEXT', 'TEXT', 'TEXT', 'TEXT', 'TEXT', 'TEXT', 'TEXT']
PREDICTED TOKENS: ['TEXT', 'TEXT', 'TEXT', 'TEXT', 'TEXT', 'TEXT', 'TEXT', 'TEXT', 'TEXT', 'TEXT', 'TEXT', 'TEXT', 'TEXT', 'TEXT', 'TEXT', 'TEXT', 'TASK_NAME', 'TASK_NAME', 'TASK_NAME', 'TASK_NAME']
----------------------------------------
PROMPT: show messaging plus scrubber status
EXPECTED TAGS: ['open_menu_messaging', 'vitals_scrubber_a_co2_storage']
PREDICTED TAGS: ['open_menu_messaging', 'vitals_scrubber_b_co2_storage']
EXPECTED TOKENS: ['TEXT', 'TEXT', 'TEXT', 'TEXT', 'TEXT', 'TEXT']
PREDICTED TOKENS: ['TEXT', 'TEXT', 'TEXT', 'TEXT', 'TEXT', 'TEXT']
----------------------------------------
PROMPT: after you read coolant pressure, then wake the ltv with erm
EXPECTED TAGS: ['start_procedure_erm', 'vitals_coolant_gas_pressure']
PREDICTED TAGS: ['start_procedure_erm', 'vitals_coolant_liquid_pressure']
EXPECTED TOKENS: ['TEXT', 'TEXT', 'TEXT', 'TEXT', 'TEXT', 'TEXT', 'TEXT', 'TEXT', 'TEXT', 'TEXT', 'TEXT', 'TEXT', 'TEXT', 'TEXT', 'TEXT']
PREDICTED TOKENS: ['TEXT', 'TEXT', 'TEXT', 'TEXT', 'TEXT', 'TEXT', 'TEXT', 'TEXT', 'TEXT', 'TEXT', 'TEXT', 'TEXT', 'TEXT', 'TEXT', 'TEXT']
----------------------------------------
PROMPT: unschedule calibration and unschedule testing
EXPECTED TAGS: ['Delete_task']
PREDICTED TAGS: ['Delete_task']
EXPECTED TOKENS: ['TEXT', 'TEXT', 'TEXT', 'TEXT', 'DELETE_TASK_NAME', 'DELETE_TASK_NAME', 'DELETE_TASK_NAME', 'TEXT', 'TEXT', 'TEXT', 'TEXT', 'TEXT', 'DELETE_TASK_NAME']
PREDICTED TOKENS: ['TEXT', 'DELETE_TASK_NAME', 'DELETE_TASK_NAME', 'DELETE_TASK_NAME', 'DELETE_TASK_NAME', 'DELETE_TASK_NAME', 'DELETE_TASK_NAME', 'TEXT', 'TEXT', 'DELETE_TASK_NAME', 'DELETE_TASK_NAME', 'DELETE_TASK_NAME', 'DELETE_TASK_NAME']
----------------------------------------
PROMPT: check co2 before opening geology menu
EXPECTED TAGS: ['open_menu_geosamples', 'vitals_co2_production']
PREDICTED TAGS: ['open_menu_geosamples', 'vitals_suit_pressure_co2']
EXPECTED TOKENS: ['TEXT', 'TEXT', 'TEXT', 'TEXT', 'TEXT', 'TEXT', 'TEXT']
PREDICTED TOKENS: ['TEXT', 'TEXT', 'TEXT', 'TEXT', 'TEXT', 'TEXT', 'TEXT']
----------------------------------------
PROMPT: get the coordinates for the transporter but first bring up my vitals and charge status
EXPECTED TAGS: ['Get_coordinates', 'open_menu_vitals']
PREDICTED TAGS: ['Get_coordinates', 'vitals_batt_time_left']
EXPECTED TOKENS: ['TEXT', 'TEXT', 'TEXT', 'TEXT', 'TEXT', 'COORDINATE_TARGET_NAME', 'COORDINATE_TARGET_NAME', 'TEXT', 'TEXT', 'TEXT', 'TEXT', 'TEXT', 'TEXT', 'TEXT', 'TEXT', 'TEXT', 'TEXT']
PREDICTED TOKENS: ['TEXT', 'TEXT', 'TEXT', 'TEXT', 'TEXT', 'COORDINATE_TARGET_NAME', 'COORDINATE_TARGET_NAME', 'TEXT', 'TEXT', 'TEXT', 'TEXT', 'TEXT', 'TEXT', 'TEXT', 'TEXT', 'TEXT', 'TEXT']
----------------------------------------
PROMPT: i need you to bring up the suit co2 levels next and also add task photograph tool inventory for me
EXPECTED TAGS: ['Add_task', 'vitals_suit_pressure_co2']
PREDICTED TAGS: ['Add_task', 'vitals_suit_pressure_co2']
EXPECTED TOKENS: ['TEXT', 'TEXT', 'TEXT', 'TEXT', 'TEXT', 'TEXT', 'TEXT', 'TEXT', 'TEXT', 'TEXT', 'TEXT', 'TEXT', 'TEXT', 'TEXT', 'TEXT', 'TEXT', 'TASK_NAME', 'TASK_NAME', 'TASK_NAME', 'TEXT', 'TEXT']
PREDICTED TOKENS: ['TEXT', 'TEXT', 'TEXT', 'TEXT', 'TEXT', 'TEXT', 'TEXT', 'TEXT', 'TEXT', 'TEXT', 'TEXT', 'TEXT', 'TEXT', 'TEXT', 'TEXT', 'TEXT', 'TASK_NAME', 'TASK_NAME', 'TASK_NAME', 'TASK_NAME', 'TASK_NAME']
----------------------------------------
PROMPT: status secondary o2 plus open samples
EXPECTED TAGS: ['open_menu_geosamples', 'vitals_oxy_sec_storage']
PREDICTED TAGS: ['open_menu_geosamples', 'vitals_oxy_sec_pressure']
EXPECTED TOKENS: ['TEXT', 'TEXT', 'TEXT', 'TEXT', 'TEXT', 'TEXT', 'TEXT']
PREDICTED TOKENS: ['TEXT', 'TEXT', 'TEXT', 'TEXT', 'TEXT', 'TEXT', 'TEXT']
----------------------------------------
PROMPT: execute diagnostics on thermal control and then reset heater controllers.
EXPECTED TAGS: ['start_procedure_system_diagnosis', 'start_procedure_system_restart']
PREDICTED TAGS: ['start_procedure_system_diagnosis']
EXPECTED TOKENS: ['TEXT', 'TEXT', 'TEXT', 'TEXT', 'TEXT', 'TEXT', 'TEXT', 'TEXT', 'TEXT', 'TEXT', 'TEXT', 'TEXT', 'TEXT']
PREDICTED TOKENS: ['TEXT', 'TEXT', 'TEXT', 'TEXT', 'TEXT', 'TEXT', 'TEXT', 'TEXT', 'TEXT', 'TEXT', 'TEXT', 'TEXT', 'TEXT']
----------------------------------------
PROMPT: open vitals and delete task run payload diagnostics before eva restarts
EXPECTED TAGS: ['Delete_task', 'open_menu_vitals']
PREDICTED TAGS: ['Delete_task', 'open_menu_vitals']
EXPECTED TOKENS: ['TEXT', 'TEXT', 'TEXT', 'TEXT', 'TEXT', 'TEXT', 'TEXT', 'DELETE_TASK_NAME', 'DELETE_TASK_NAME', 'DELETE_TASK_NAME', 'DELETE_TASK_NAME', 'TEXT', 'TEXT', 'TEXT', 'TEXT']
PREDICTED TOKENS: ['TEXT', 'TEXT', 'TEXT', 'TEXT', 'TEXT', 'TEXT', 'TEXT', 'DELETE_TASK_NAME', 'DELETE_TASK_NAME', 'DELETE_TASK_NAME', 'DELETE_TASK_NAME', 'TEXT', 'DELETE_TASK_NAME', 'DELETE_TASK_NAME', 'TEXT']
----------------------------------------
PROMPT: begin exit recovery mode and check oxygen
EXPECTED TAGS: ['start_procedure_erm', 'vitals_oxy_consumption']
PREDICTED TAGS: ['start_procedure_erm']
EXPECTED TOKENS: ['TEXT', 'TEXT', 'TEXT', 'TEXT', 'TEXT', 'TEXT', 'TEXT']
PREDICTED TOKENS: ['TEXT', 'TEXT', 'TEXT', 'TEXT', 'TEXT', 'TEXT', 'TEXT']
----------------------------------------
PROMPT: yo verify secondary oxygen plus show assistant
EXPECTED TAGS: ['open_menu_voice_assistant', 'vitals_oxy_sec_storage']
PREDICTED TAGS: ['open_menu_voice_assistant', 'vitals_oxy_sec_pressure', 'vitals_oxy_sec_storage']
EXPECTED TOKENS: ['TEXT', 'TEXT', 'TEXT', 'TEXT', 'TEXT', 'TEXT', 'TEXT']
PREDICTED TOKENS: ['TEXT', 'TEXT', 'TEXT', 'TEXT', 'TEXT', 'TEXT', 'TEXT']
----------------------------------------
PROMPT: display my vitals meanwhile delete waypoint beacon - a
EXPECTED TAGS: ['Delete_waypoint', 'vitals_temperature']
PREDICTED TAGS: ['Delete_waypoint', 'open_menu_vitals', 'vitals_temperature']
EXPECTED TOKENS: ['TEXT', 'TEXT', 'TEXT', 'TEXT', 'TEXT', 'TEXT', 'TEXT', 'TEXT', 'TEXT', 'DELETE_WAYPOINT_NAME', 'DELETE_WAYPOINT_NAME', 'DELETE_WAYPOINT_NAME']
PREDICTED TOKENS: ['TEXT', 'TEXT', 'TEXT', 'TEXT', 'TEXT', 'TEXT', 'TEXT', 'TEXT', 'TEXT', 'DELETE_WAYPOINT_NAME', 'DELETE_WAYPOINT_NAME', 'DELETE_WAYPOINT_NAME']
----------------------------------------
PROMPT: retract menu
EXPECTED TAGS: ['close_menu']
PREDICTED TAGS: ['close_menu', 'reroute_navigation']
EXPECTED TOKENS: ['TEXT', 'TEXT', 'TEXT', 'TEXT']
PREDICTED TOKENS: ['TEXT', 'TEXT', 'TEXT', 'TEXT']
----------------------------------------
PROMPT: hr but first check o2
EXPECTED TAGS: ['vitals_heart_rate', 'vitals_oxy_pri_pressure']
PREDICTED TAGS: ['vitals_heart_rate', 'vitals_oxy_pri_storage']
EXPECTED TOKENS: ['TEXT', 'TEXT', 'TEXT', 'TEXT', 'TEXT', 'TEXT']
PREDICTED TOKENS: ['TEXT', 'TEXT', 'TEXT', 'TEXT', 'TEXT', 'TEXT']
----------------------------------------
PROMPT: please close menu and also show my vitals display
EXPECTED TAGS: ['close_menu', 'vitals_batt_time_left']
PREDICTED TAGS: ['close_menu']
EXPECTED TOKENS: ['TEXT', 'TEXT', 'TEXT', 'TEXT', 'TEXT', 'TEXT', 'TEXT', 'TEXT', 'TEXT', 'TEXT']
PREDICTED TOKENS: ['TEXT', 'TEXT', 'TEXT', 'TEXT', 'TEXT', 'TEXT', 'TEXT', 'TEXT', 'TEXT', 'TEXT']
----------------------------------------
PROMPT: please bring up my biometrics while starting the uia ingress process
EXPECTED TAGS: ['start_procedure_uia_ingress', 'vitals_temperature']
PREDICTED TAGS: ['open_menu_vitals', 'start_procedure_uia_ingress']
EXPECTED TOKENS: ['TEXT', 'TEXT', 'TEXT', 'TEXT', 'TEXT', 'TEXT', 'TEXT', 'TEXT', 'TEXT', 'TEXT', 'TEXT', 'TEXT', 'TEXT', 'TEXT', 'TEXT']
PREDICTED TOKENS: ['TEXT', 'TEXT', 'TEXT', 'TEXT', 'TEXT', 'TEXT', 'TEXT', 'TEXT', 'TEXT', 'TEXT', 'TEXT', 'TEXT', 'TEXT', 'TEXT', 'TEXT']
----------------------------------------
PROMPT: bring up liquid coolant pressure in addition to displaying the fan rpm
EXPECTED TAGS: ['vitals_coolant_liquid_pressure', 'vitals_fan_pri_rpm']
PREDICTED TAGS: ['vitals_coolant_liquid_pressure', 'vitals_fan_sec_rpm']
EXPECTED TOKENS: ['TEXT', 'TEXT', 'TEXT', 'TEXT', 'TEXT', 'TEXT', 'TEXT', 'TEXT', 'TEXT', 'TEXT', 'TEXT', 'TEXT', 'TEXT']
PREDICTED TOKENS: ['TEXT', 'TEXT', 'TEXT', 'TEXT', 'TEXT', 'TEXT', 'TEXT', 'TEXT', 'TEXT', 'TEXT', 'TEXT', 'TEXT', 'TEXT']
----------------------------------------
PROMPT: complete task this and complete task that
EXPECTED TAGS: ['Complete_task']
PREDICTED TAGS: ['Complete_task']
EXPECTED TOKENS: ['TEXT', 'TEXT', 'COMPLETE_TASK_NAME', 'TEXT', 'TEXT', 'TEXT', 'COMPLETE_TASK_NAME']
PREDICTED TOKENS: ['TEXT', 'COMPLETE_TASK_NAME', 'COMPLETE_TASK_NAME', 'TEXT', 'TEXT', 'COMPLETE_TASK_NAME', 'COMPLETE_TASK_NAME']
----------------------------------------
PROMPT: tell me primary fan speed and run
EXPECTED TAGS: ['start_procedure_final_system_checks', 'vitals_fan_pri_rpm']
PREDICTED TAGS: ['vitals_fan_pri_rpm']
EXPECTED TOKENS: ['TEXT', 'TEXT', 'TEXT', 'TEXT', 'TEXT', 'TEXT', 'TEXT']
PREDICTED TOKENS: ['TEXT', 'TEXT', 'TEXT', 'TEXT', 'TEXT', 'TEXT', 'TEXT']
----------------------------------------
PROMPT: hey check suit charge and as well as open the geology panel
EXPECTED TAGS: ['open_menu_geosamples', 'open_menu_vitals']
PREDICTED TAGS: ['open_menu_geosamples', 'vitals_batt_time_left']
EXPECTED TOKENS: ['TEXT', 'TEXT', 'TEXT', 'TEXT', 'TEXT', 'TEXT', 'TEXT', 'TEXT', 'TEXT', 'TEXT', 'TEXT', 'TEXT']
PREDICTED TOKENS: ['TEXT', 'TEXT', 'TEXT', 'TEXT', 'TEXT', 'TEXT', 'TEXT', 'TEXT', 'TEXT', 'TEXT', 'TEXT', 'TEXT']
----------------------------------------
PROMPT: after you check power, show the comms log next
EXPECTED TAGS: ['open_menu_messaging', 'vitals_batt_time_left']
PREDICTED TAGS: ['open_menu_messaging']
EXPECTED TOKENS: ['TEXT', 'TEXT', 'TEXT', 'TEXT', 'TEXT', 'TEXT', 'TEXT', 'TEXT', 'TEXT', 'TEXT', 'TEXT']
PREDICTED TOKENS: ['TEXT', 'TEXT', 'TEXT', 'TEXT', 'TEXT', 'TEXT', 'TEXT', 'TEXT', 'TEXT', 'TEXT', 'TEXT']
----------------------------------------
PROMPT: coolant gas pressure then fan rpm
EXPECTED TAGS: ['vitals_coolant_gas_pressure', 'vitals_fan_sec_rpm']
PREDICTED TAGS: ['vitals_coolant_gas_pressure', 'vitals_fan_pri_rpm']
EXPECTED TOKENS: ['TEXT', 'TEXT', 'TEXT', 'TEXT', 'TEXT', 'TEXT', 'TEXT']
PREDICTED TOKENS: ['TEXT', 'TEXT', 'TEXT', 'TEXT', 'TEXT', 'TEXT', 'TEXT']
----------------------------------------
PROMPT: anything i need to be concerned about
EXPECTED TAGS: ['get_warnings']
PREDICTED TAGS: []
EXPECTED TOKENS: ['TEXT', 'TEXT', 'TEXT', 'TEXT', 'TEXT', 'TEXT', 'TEXT']
PREDICTED TOKENS: ['TEXT', 'TEXT', 'TEXT', 'TEXT', 'TEXT', 'TEXT', 'TEXT']
----------------------------------------
PROMPT: please delete the task discard sample bag and display vitals
EXPECTED TAGS: ['Delete_task', 'vitals_temperature']
PREDICTED TAGS: ['Delete_task', 'open_menu_vitals']
EXPECTED TOKENS: ['TEXT', 'TEXT', 'TEXT', 'TEXT', 'TEXT', 'DELETE_TASK_NAME', 'DELETE_TASK_NAME', 'DELETE_TASK_NAME', 'DELETE_TASK_NAME', 'TEXT', 'TEXT', 'TEXT', 'TEXT']
PREDICTED TOKENS: ['TEXT', 'TEXT', 'TEXT', 'TEXT', 'TEXT', 'DELETE_TASK_NAME', 'DELETE_TASK_NAME', 'DELETE_TASK_NAME', 'DELETE_TASK_NAME', 'TEXT', 'TEXT', 'TEXT', 'TEXT']
----------------------------------------
PROMPT: delete waypoints blue marker and supply depot followed by navigating to eva staging and the habitat module
EXPECTED TAGS: ['Delete_waypoint', 'Set_navigation_target']
PREDICTED TAGS: ['Delete_waypoint', 'Set_navigation_target']
EXPECTED TOKENS: ['TEXT', 'TEXT', 'TEXT', 'TEXT', 'DELETE_WAYPOINT_NAME', 'DELETE_WAYPOINT_NAME', 'TEXT', 'DELETE_WAYPOINT_NAME', 'DELETE_WAYPOINT_NAME', 'TEXT', 'TEXT', 'TEXT', 'TEXT', 'TEXT', 'TEXT', 'NAVIGATION_TARGET_NAME', 'NAVIGATION_TARGET_NAME', 'TEXT', 'TEXT', 'NAVIGATION_TARGET_NAME', 'TEXT']
PREDICTED TOKENS: ['TEXT', 'TEXT', 'TEXT', 'TEXT', 'DELETE_WAYPOINT_NAME', 'DELETE_WAYPOINT_NAME', 'TEXT', 'DELETE_WAYPOINT_NAME', 'DELETE_WAYPOINT_NAME', 'TEXT', 'TEXT', 'TEXT', 'TEXT', 'TEXT', 'TEXT', 'NAVIGATION_TARGET_NAME', 'NAVIGATION_TARGET_NAME', 'TEXT', 'TEXT', 'NAVIGATION_TARGET_NAME', 'NAVIGATION_TARGET_NAME']
----------------------------------------
PROMPT: read coolant psi plus start procedure.
EXPECTED TAGS: ['start_procedure_physical_repair_task', 'vitals_coolant_gas_pressure']
PREDICTED TAGS: ['start_procedure_physical_repair_task', 'vitals_coolant_liquid_pressure']
EXPECTED TOKENS: ['TEXT', 'TEXT', 'TEXT', 'TEXT', 'TEXT', 'TEXT', 'TEXT', 'TEXT']
PREDICTED TOKENS: ['TEXT', 'TEXT', 'TEXT', 'TEXT', 'TEXT', 'TEXT', 'TEXT', 'TEXT']
----------------------------------------
PROMPT: check coolant and suit pressure.
EXPECTED TAGS: ['vitals_coolant_storage', 'vitals_suit_pressure_total']
PREDICTED TAGS: ['vitals_suit_pressure_total']
EXPECTED TOKENS: ['TEXT', 'TEXT', 'TEXT', 'TEXT', 'TEXT', 'TEXT', 'TEXT']
PREDICTED TOKENS: ['TEXT', 'TEXT', 'TEXT', 'TEXT', 'TEXT', 'TEXT', 'TEXT']
----------------------------------------
PROMPT: co2 reading and remove thermal patch
EXPECTED TAGS: ['Delete_task', 'vitals_co2_production']
PREDICTED TAGS: ['Delete_waypoint', 'vitals_suit_pressure_co2']
EXPECTED TOKENS: ['TEXT', 'TEXT', 'TEXT', 'TEXT', 'TEXT', 'DELETE_TASK_NAME', 'DELETE_TASK_NAME']
PREDICTED TOKENS: ['TEXT', 'TEXT', 'TEXT', 'TEXT', 'TEXT', 'DELETE_WAYPOINT_NAME', 'DELETE_WAYPOINT_NAME']
----------------------------------------
PROMPT: check loop and add task log reading
EXPECTED TAGS: ['Add_task', 'vitals_coolant_liquid_pressure']
PREDICTED TAGS: ['Add_task', 'start_procedure_system_diagnosis']
EXPECTED TOKENS: ['TEXT', 'TEXT', 'TEXT', 'TEXT', 'TEXT', 'TASK_NAME', 'TASK_NAME']
PREDICTED TOKENS: ['TEXT', 'TEXT', 'TEXT', 'TEXT', 'TEXT', 'TASK_NAME', 'TASK_NAME']
----------------------------------------
PROMPT: bring o2 up, add task replace filter
EXPECTED TAGS: ['Add_task', 'vitals_oxy_pri_storage']
PREDICTED TAGS: ['Add_task']
EXPECTED TOKENS: ['TEXT', 'TEXT', 'TEXT', 'TEXT', 'TEXT', 'TEXT', 'TEXT', 'TASK_NAME', 'TASK_NAME']
PREDICTED TOKENS: ['TEXT', 'TEXT', 'TEXT', 'TEXT', 'TEXT', 'TEXT', 'TEXT', 'TASK_NAME', 'TASK_NAME']
----------------------------------------
PROMPT: tell me primary oxygen and open uia
EXPECTED TAGS: ['open_menu_uia', 'vitals_oxy_pri_pressure']
PREDICTED TAGS: ['open_menu_uia', 'vitals_oxy_pri_storage']
EXPECTED TOKENS: ['TEXT', 'TEXT', 'TEXT', 'TEXT', 'TEXT', 'TEXT', 'TEXT', 'TEXT']
PREDICTED TOKENS: ['TEXT', 'TEXT', 'TEXT', 'TEXT', 'TEXT', 'TEXT', 'TEXT', 'TEXT']
----------------------------------------
PROMPT: open rock log plus check fan
EXPECTED TAGS: ['open_menu_geosamples', 'vitals_fan_sec_rpm']
PREDICTED TAGS: ['open_menu_geosamples', 'vitals_fan_pri_rpm']
EXPECTED TOKENS: ['TEXT', 'TEXT', 'TEXT', 'TEXT', 'TEXT', 'TEXT']
PREDICTED TOKENS: ['TEXT', 'TEXT', 'TEXT', 'TEXT', 'TEXT', 'TEXT']
----------------------------------------
PROMPT: need to monitor vitals
EXPECTED TAGS: ['open_menu_vitals']
PREDICTED TAGS: []
EXPECTED TOKENS: ['TEXT', 'TEXT', 'TEXT', 'TEXT', 'TEXT']
PREDICTED TOKENS: ['TEXT', 'TEXT', 'TEXT', 'TEXT', 'TEXT']
----------------------------------------
PROMPT: hey, check helmet co2 and then run the final diagnostic routine
EXPECTED TAGS: ['start_procedure_final_system_checks', 'vitals_suit_pressure_co2']
PREDICTED TAGS: ['start_procedure_final_system_checks', 'vitals_helmet_pressure_co2']
EXPECTED TOKENS: ['TEXT', 'TEXT', 'TEXT', 'TEXT', 'TEXT', 'TEXT', 'TEXT', 'TEXT', 'TEXT', 'TEXT', 'TEXT', 'TEXT', 'TEXT']
PREDICTED TOKENS: ['TEXT', 'TEXT', 'TEXT', 'TEXT', 'TEXT', 'TEXT', 'TEXT', 'TEXT', 'TEXT', 'TEXT', 'TEXT', 'TEXT', 'TEXT']
----------------------------------------
PROMPT: bring up coolant pressure plus give me location of the hab
EXPECTED TAGS: ['Get_coordinates', 'vitals_coolant_liquid_pressure']
PREDICTED TAGS: ['Get_coordinates', 'vitals_coolant_gas_pressure']
EXPECTED TOKENS: ['TEXT', 'TEXT', 'TEXT', 'TEXT', 'TEXT', 'TEXT', 'TEXT', 'TEXT', 'TEXT', 'TEXT', 'TEXT', 'COORDINATE_TARGET_NAME', 'COORDINATE_TARGET_NAME']
PREDICTED TOKENS: ['TEXT', 'TEXT', 'TEXT', 'TEXT', 'TEXT', 'TEXT', 'TEXT', 'TEXT', 'TEXT', 'TEXT', 'TEXT', 'COORDINATE_TARGET_NAME', 'COORDINATE_TARGET_NAME']
----------------------------------------
PROMPT: could you pull up primary oxygen then show coolant pressure?
EXPECTED TAGS: ['vitals_coolant_gas_pressure', 'vitals_oxy_pri_storage']
PREDICTED TAGS: ['vitals_coolant_liquid_pressure', 'vitals_oxy_pri_storage']
EXPECTED TOKENS: ['TEXT', 'TEXT', 'TEXT', 'TEXT', 'TEXT', 'TEXT', 'TEXT', 'TEXT', 'TEXT', 'TEXT', 'TEXT', 'TEXT']
PREDICTED TOKENS: ['TEXT', 'TEXT', 'TEXT', 'TEXT', 'TEXT', 'TEXT', 'TEXT', 'TEXT', 'TEXT', 'TEXT', 'TEXT', 'TEXT']
----------------------------------------
PROMPT: check coolant levels and flow rates across primary and secondary loops, and after that bring up my vitals readout comparison
EXPECTED TAGS: ['open_menu_vitals', 'vitals_coolant_storage']
PREDICTED TAGS: ['vitals_coolant_storage']
EXPECTED TOKENS: ['TEXT', 'TEXT', 'TEXT', 'TEXT', 'TEXT', 'TEXT', 'TEXT', 'TEXT', 'TEXT', 'TEXT', 'TEXT', 'TEXT', 'TEXT', 'TEXT', 'TEXT', 'TEXT', 'TEXT', 'TEXT', 'TEXT', 'TEXT', 'TEXT', 'TEXT', 'TEXT', 'TEXT']
PREDICTED TOKENS: ['TEXT', 'TEXT', 'TEXT', 'TEXT', 'TEXT', 'TEXT', 'TEXT', 'TEXT', 'TEXT', 'TEXT', 'TEXT', 'TEXT', 'TEXT', 'TEXT', 'TEXT', 'TEXT', 'TEXT', 'TEXT', 'TEXT', 'TEXT', 'TEXT', 'TEXT', 'TEXT', 'TEXT']
----------------------------------------
PROMPT: close the hud first and then open the suit data panel along with the task list
EXPECTED TAGS: ['close_menu', 'open_menu_tasks']
PREDICTED TAGS: ['close_menu', 'open_menu_vitals']
EXPECTED TOKENS: ['TEXT', 'TEXT', 'TEXT', 'TEXT', 'TEXT', 'TEXT', 'TEXT', 'TEXT', 'TEXT', 'TEXT', 'TEXT', 'TEXT', 'TEXT', 'TEXT', 'TEXT', 'TEXT', 'TEXT']
PREDICTED TOKENS: ['TEXT', 'TEXT', 'TEXT', 'TEXT', 'TEXT', 'TEXT', 'TEXT', 'TEXT', 'TEXT', 'TEXT', 'TEXT', 'TEXT', 'TEXT', 'TEXT', 'TEXT', 'TEXT', 'TEXT']
----------------------------------------
PROMPT: show biometrics before you start the ltv systems diagnosis, and then report faults
EXPECTED TAGS: ['start_procedure_system_diagnosis', 'vitals_temperature']
PREDICTED TAGS: ['open_menu_vitals', 'start_procedure_system_diagnosis']
EXPECTED TOKENS: ['TEXT', 'TEXT', 'TEXT', 'TEXT', 'TEXT', 'TEXT', 'TEXT', 'TEXT', 'TEXT', 'TEXT', 'TEXT', 'TEXT', 'TEXT', 'TEXT', 'TEXT', 'TEXT', 'TEXT']
PREDICTED TOKENS: ['TEXT', 'TEXT', 'TEXT', 'TEXT', 'TEXT', 'TEXT', 'TEXT', 'TEXT', 'TEXT', 'TEXT', 'TEXT', 'TEXT', 'TEXT', 'TEXT', 'TEXT', 'TEXT', 'TEXT']
----------------------------------------
PROMPT: delete old camp and check fan
EXPECTED TAGS: ['Delete_waypoint', 'vitals_fan_sec_rpm']
PREDICTED TAGS: ['Delete_waypoint', 'vitals_fan_pri_rpm']
EXPECTED TOKENS: ['TEXT', 'TEXT', 'DELETE_WAYPOINT_NAME', 'DELETE_WAYPOINT_NAME', 'TEXT', 'TEXT', 'TEXT']
PREDICTED TOKENS: ['TEXT', 'TEXT', 'DELETE_WAYPOINT_NAME', 'DELETE_WAYPOINT_NAME', 'TEXT', 'TEXT', 'TEXT']
----------------------------------------
PROMPT: i need my current pulse and then start the checklist
EXPECTED TAGS: ['start_procedure_physical_repair_task', 'vitals_heart_rate']
PREDICTED TAGS: ['open_menu_tasks', 'start_procedure_physical_repair_task', 'vitals_heart_rate']
EXPECTED TOKENS: ['TEXT', 'TEXT', 'TEXT', 'TEXT', 'TEXT', 'TEXT', 'TEXT', 'TEXT', 'TEXT', 'TEXT', 'TEXT']
PREDICTED TOKENS: ['TEXT', 'TEXT', 'TEXT', 'TEXT', 'TEXT', 'TEXT', 'TEXT', 'TEXT', 'TEXT', 'TEXT', 'TEXT']
----------------------------------------
PROMPT: ion thruster check needs to go
EXPECTED TAGS: ['Delete_task']
PREDICTED TAGS: ['Complete_task']
EXPECTED TOKENS: ['DELETE_TASK_NAME', 'DELETE_TASK_NAME', 'DELETE_TASK_NAME', 'DELETE_TASK_NAME', 'TEXT', 'TEXT', 'TEXT']
PREDICTED TOKENS: ['COMPLETE_TASK_NAME', 'COMPLETE_TASK_NAME', 'COMPLETE_TASK_NAME', 'COMPLETE_TASK_NAME', 'TEXT', 'TEXT', 'TEXT']
----------------------------------------
PROMPT: plot alternate path and show o2.
EXPECTED TAGS: ['reroute_navigation', 'vitals_oxy_consumption']
PREDICTED TAGS: ['reroute_navigation', 'vitals_oxy_consumption', 'vitals_suit_pressure_oxy']
EXPECTED TOKENS: ['TEXT', 'TEXT', 'TEXT', 'TEXT', 'TEXT', 'TEXT', 'TEXT', 'TEXT']
PREDICTED TOKENS: ['TEXT', 'TEXT', 'TEXT', 'TEXT', 'TEXT', 'TEXT', 'TEXT', 'TEXT']
----------------------------------------
PROMPT: can you set the destination to ltv and while at it check coolant pressure
EXPECTED TAGS: ['Set_navigation_target', 'vitals_coolant_liquid_pressure']
PREDICTED TAGS: ['Set_navigation_target', 'vitals_coolant_gas_pressure', 'vitals_coolant_liquid_pressure']
EXPECTED TOKENS: ['TEXT', 'TEXT', 'TEXT', 'TEXT', 'TEXT', 'TEXT', 'NAVIGATION_TARGET_NAME', 'NAVIGATION_TARGET_NAME', 'TEXT', 'TEXT', 'TEXT', 'TEXT', 'TEXT', 'TEXT', 'TEXT', 'TEXT']
PREDICTED TOKENS: ['TEXT', 'TEXT', 'TEXT', 'TEXT', 'TEXT', 'TEXT', 'NAVIGATION_TARGET_NAME', 'NAVIGATION_TARGET_NAME', 'TEXT', 'TEXT', 'TEXT', 'TEXT', 'TEXT', 'TEXT', 'TEXT', 'TEXT']
----------------------------------------
PROMPT: after checking scrubber a, also bring up the secondary o2 numbers
EXPECTED TAGS: ['vitals_oxy_sec_storage', 'vitals_scrubber_a_co2_storage']
PREDICTED TAGS: ['vitals_oxy_sec_pressure', 'vitals_scrubber_a_co2_storage']
EXPECTED TOKENS: ['TEXT', 'TEXT', 'TEXT', 'TEXT', 'TEXT', 'TEXT', 'TEXT', 'TEXT', 'TEXT', 'TEXT', 'TEXT', 'TEXT', 'TEXT', 'TEXT']
PREDICTED TOKENS: ['TEXT', 'TEXT', 'TEXT', 'TEXT', 'TEXT', 'TEXT', 'TEXT', 'TEXT', 'TEXT', 'TEXT', 'TEXT', 'TEXT', 'TEXT', 'TEXT']
----------------------------------------
PROMPT: open checklist then check fan rpm
EXPECTED TAGS: ['open_menu_tasks', 'vitals_fan_sec_rpm']
PREDICTED TAGS: ['open_menu_tasks', 'vitals_fan_pri_rpm']
EXPECTED TOKENS: ['TEXT', 'TEXT', 'TEXT', 'TEXT', 'TEXT', 'TEXT', 'TEXT']
PREDICTED TOKENS: ['TEXT', 'TEXT', 'TEXT', 'TEXT', 'TEXT', 'TEXT', 'TEXT']
----------------------------------------
PROMPT: show co2 saturation also bring up messages
EXPECTED TAGS: ['open_menu_messaging', 'vitals_scrubber_b_co2_storage']
PREDICTED TAGS: ['open_menu_messaging', 'vitals_scrubber_a_co2_storage']
EXPECTED TOKENS: ['TEXT', 'TEXT', 'TEXT', 'TEXT', 'TEXT', 'TEXT', 'TEXT', 'TEXT', 'TEXT']
PREDICTED TOKENS: ['TEXT', 'TEXT', 'TEXT', 'TEXT', 'TEXT', 'TEXT', 'TEXT', 'TEXT', 'TEXT']
----------------------------------------
PROMPT: fan rpm plus co2 production?
EXPECTED TAGS: ['vitals_co2_production', 'vitals_fan_sec_rpm']
PREDICTED TAGS: ['vitals_co2_production', 'vitals_fan_pri_rpm']
EXPECTED TOKENS: ['TEXT', 'TEXT', 'TEXT', 'TEXT', 'TEXT', 'TEXT', 'TEXT']
PREDICTED TOKENS: ['TEXT', 'TEXT', 'TEXT', 'TEXT', 'TEXT', 'TEXT', 'TEXT']
----------------------------------------
PROMPT: gimme repair ar then check power
EXPECTED TAGS: ['start_procedure_physical_repair_task', 'start_procedure_system_diagnosis']
PREDICTED TAGS: ['start_procedure_physical_repair_task', 'vitals_batt_time_left']
EXPECTED TOKENS: ['TEXT', 'TEXT', 'TEXT', 'TEXT', 'TEXT', 'TEXT', 'TEXT']
PREDICTED TOKENS: ['TEXT', 'TEXT', 'TEXT', 'TEXT', 'TEXT', 'TEXT', 'TEXT']
----------------------------------------
PROMPT: show suit data and read co2
EXPECTED TAGS: ['open_menu_vitals', 'vitals_suit_pressure_co2']
PREDICTED TAGS: ['open_menu_vitals', 'vitals_helmet_pressure_co2', 'vitals_suit_pressure_co2']
EXPECTED TOKENS: ['TEXT', 'TEXT', 'TEXT', 'TEXT', 'TEXT', 'TEXT', 'TEXT']
PREDICTED TOKENS: ['TEXT', 'TEXT', 'TEXT', 'TEXT', 'TEXT', 'TEXT', 'TEXT']
----------------------------------------
PROMPT: pull secondary oxygen data in addition to setting destination east outpost
EXPECTED TAGS: ['Set_navigation_target', 'vitals_oxy_sec_pressure']
PREDICTED TAGS: ['Set_navigation_target', 'vitals_oxy_sec_storage']
EXPECTED TOKENS: ['TEXT', 'TEXT', 'TEXT', 'TEXT', 'TEXT', 'TEXT', 'TEXT', 'TEXT', 'TEXT', 'NAVIGATION_TARGET_NAME', 'NAVIGATION_TARGET_NAME']
PREDICTED TOKENS: ['TEXT', 'TEXT', 'TEXT', 'TEXT', 'TEXT', 'TEXT', 'TEXT', 'TEXT', 'TEXT', 'NAVIGATION_TARGET_NAME', 'NAVIGATION_TARGET_NAME']
----------------------------------------
PROMPT: bring up the cooling loop capacity as well as my current pulse, plus show remaining minutes estimate
EXPECTED TAGS: ['vitals_coolant_storage', 'vitals_heart_rate']
PREDICTED TAGS: ['vitals_coolant_gas_pressure', 'vitals_heart_rate']
EXPECTED TOKENS: ['TEXT', 'TEXT', 'TEXT', 'TEXT', 'TEXT', 'TEXT', 'TEXT', 'TEXT', 'TEXT', 'TEXT', 'TEXT', 'TEXT', 'TEXT', 'TEXT', 'TEXT', 'TEXT', 'TEXT', 'TEXT']
PREDICTED TOKENS: ['TEXT', 'TEXT', 'TEXT', 'TEXT', 'TEXT', 'TEXT', 'TEXT', 'TEXT', 'TEXT', 'TEXT', 'TEXT', 'TEXT', 'TEXT', 'TEXT', 'TEXT', 'TEXT', 'TEXT', 'TEXT']
----------------------------------------
PROMPT: meanwhile, verify the coolant loop pressure and at the same time display my core temperature trends for comparison
EXPECTED TAGS: ['vitals_coolant_gas_pressure', 'vitals_temperature']
PREDICTED TAGS: ['vitals_coolant_liquid_pressure', 'vitals_temperature']
EXPECTED TOKENS: ['TEXT', 'TEXT', 'TEXT', 'TEXT', 'TEXT', 'TEXT', 'TEXT', 'TEXT', 'TEXT', 'TEXT', 'TEXT', 'TEXT', 'TEXT', 'TEXT', 'TEXT', 'TEXT', 'TEXT', 'TEXT', 'TEXT', 'TEXT']
PREDICTED TOKENS: ['TEXT', 'TEXT', 'TEXT', 'TEXT', 'TEXT', 'TEXT', 'TEXT', 'TEXT', 'TEXT', 'TEXT', 'TEXT', 'TEXT', 'TEXT', 'TEXT', 'TEXT', 'TEXT', 'TEXT', 'TEXT', 'TEXT', 'TEXT']
----------------------------------------
PROMPT: could you check the coolant gas pressure and then open the secondary o2 status, please
EXPECTED TAGS: ['vitals_coolant_gas_pressure', 'vitals_oxy_sec_storage']
PREDICTED TAGS: ['vitals_coolant_gas_pressure', 'vitals_oxy_sec_pressure']
EXPECTED TOKENS: ['TEXT', 'TEXT', 'TEXT', 'TEXT', 'TEXT', 'TEXT', 'TEXT', 'TEXT', 'TEXT', 'TEXT', 'TEXT', 'TEXT', 'TEXT', 'TEXT', 'TEXT', 'TEXT', 'TEXT', 'TEXT']
PREDICTED TOKENS: ['TEXT', 'TEXT', 'TEXT', 'TEXT', 'TEXT', 'TEXT', 'TEXT', 'TEXT', 'TEXT', 'TEXT', 'TEXT', 'TEXT', 'TEXT', 'TEXT', 'TEXT', 'TEXT', 'TEXT', 'TEXT']
----------------------------------------
PROMPT: add task annotate timeline as well as display co2 readings
EXPECTED TAGS: ['Add_task', 'vitals_co2_production']
PREDICTED TAGS: ['Add_task', 'vitals_suit_pressure_co2']
EXPECTED TOKENS: ['TEXT', 'TEXT', 'TASK_NAME', 'TASK_NAME', 'TASK_NAME', 'TASK_NAME', 'TEXT', 'TEXT', 'TEXT', 'TEXT', 'TEXT', 'TEXT', 'TEXT']
PREDICTED TOKENS: ['TEXT', 'TEXT', 'TASK_NAME', 'TASK_NAME', 'TASK_NAME', 'TASK_NAME', 'TEXT', 'TEXT', 'TEXT', 'TEXT', 'TEXT', 'TEXT', 'TEXT']
----------------------------------------
PROMPT: check coolant pressure, and then show battery time left
EXPECTED TAGS: ['vitals_batt_time_left', 'vitals_coolant_gas_pressure']
PREDICTED TAGS: ['vitals_batt_time_left', 'vitals_coolant_liquid_pressure']
EXPECTED TOKENS: ['TEXT', 'TEXT', 'TEXT', 'TEXT', 'TEXT', 'TEXT', 'TEXT', 'TEXT', 'TEXT', 'TEXT', 'TEXT']
PREDICTED TOKENS: ['TEXT', 'TEXT', 'TEXT', 'TEXT', 'TEXT', 'TEXT', 'TEXT', 'TEXT', 'TEXT', 'TEXT', 'TEXT']
----------------------------------------
PROMPT: please run the final systems verification as well as show my vitals
EXPECTED TAGS: ['start_procedure_final_system_checks', 'vitals_heart_rate']
PREDICTED TAGS: ['start_procedure_final_system_checks', 'vitals_temperature']
EXPECTED TOKENS: ['TEXT', 'TEXT', 'TEXT', 'TEXT', 'TEXT', 'TEXT', 'TEXT', 'TEXT', 'TEXT', 'TEXT', 'TEXT', 'TEXT', 'TEXT']
PREDICTED TOKENS: ['TEXT', 'TEXT', 'TEXT', 'TEXT', 'TEXT', 'TEXT', 'TEXT', 'TEXT', 'TEXT', 'TEXT', 'TEXT', 'TEXT', 'TEXT']
----------------------------------------
PROMPT: pull up coolant pressure and start erm
EXPECTED TAGS: ['start_procedure_erm', 'vitals_coolant_liquid_pressure']
PREDICTED TAGS: ['start_procedure_erm', 'vitals_coolant_gas_pressure']
EXPECTED TOKENS: ['TEXT', 'TEXT', 'TEXT', 'TEXT', 'TEXT', 'TEXT', 'TEXT', 'TEXT', 'TEXT']
PREDICTED TOKENS: ['TEXT', 'TEXT', 'TEXT', 'TEXT', 'TEXT', 'TEXT', 'TEXT', 'TEXT', 'TEXT']
----------------------------------------
PROMPT: total suit pressure and oxygen?
EXPECTED TAGS: ['vitals_suit_pressure_oxy', 'vitals_suit_pressure_total']
PREDICTED TAGS: ['vitals_oxy_consumption', 'vitals_suit_pressure_total']
EXPECTED TOKENS: ['TEXT', 'TEXT', 'TEXT', 'TEXT', 'TEXT', 'TEXT']
PREDICTED TOKENS: ['TEXT', 'TEXT', 'TEXT', 'TEXT', 'TEXT', 'TEXT']
----------------------------------------
PROMPT: status green checklist
EXPECTED TAGS: ['start_procedure_final_system_checks']
PREDICTED TAGS: []
EXPECTED TOKENS: ['TEXT', 'TEXT', 'TEXT', 'TEXT']
PREDICTED TOKENS: ['TEXT', 'TEXT', 'TEXT', 'TEXT']
----------------------------------------
PROMPT: open biometrics, plus run a system diagnosis please
EXPECTED TAGS: ['start_procedure_system_diagnosis', 'vitals_suit_pressure_oxy']
PREDICTED TAGS: ['start_procedure_system_diagnosis', 'vitals_suit_pressure_total']
EXPECTED TOKENS: ['TEXT', 'TEXT', 'TEXT', 'TEXT', 'TEXT', 'TEXT', 'TEXT', 'TEXT', 'TEXT', 'TEXT', 'TEXT']
PREDICTED TOKENS: ['TEXT', 'TEXT', 'TEXT', 'TEXT', 'TEXT', 'TEXT', 'TEXT', 'TEXT', 'TEXT', 'TEXT', 'TEXT']
----------------------------------------
PROMPT: remind me to repair antenna and show o2 pressure
EXPECTED TAGS: ['Add_task', 'vitals_suit_pressure_oxy']
PREDICTED TAGS: ['Add_task', 'vitals_oxy_sec_pressure']
EXPECTED TOKENS: ['TEXT', 'TEXT', 'TEXT', 'TASK_NAME', 'TASK_NAME', 'TEXT', 'TEXT', 'TEXT', 'TEXT', 'TEXT']
PREDICTED TOKENS: ['TEXT', 'TEXT', 'TEXT', 'TASK_NAME', 'TASK_NAME', 'TEXT', 'TEXT', 'TEXT', 'TEXT', 'TEXT']
----------------------------------------
PROMPT: what ' s my heart rate and also the coolant pressure?
EXPECTED TAGS: ['vitals_coolant_liquid_pressure', 'vitals_heart_rate']
PREDICTED TAGS: ['vitals_coolant_gas_pressure', 'vitals_coolant_liquid_pressure', 'vitals_heart_rate']
EXPECTED TOKENS: ['TEXT', 'TEXT', 'TEXT', 'TEXT', 'TEXT', 'TEXT', 'TEXT', 'TEXT', 'TEXT', 'TEXT', 'TEXT', 'TEXT', 'TEXT']
PREDICTED TOKENS: ['TEXT', 'TEXT', 'TEXT', 'TEXT', 'TEXT', 'TEXT', 'TEXT', 'TEXT', 'TEXT', 'TEXT', 'TEXT', 'TEXT', 'TEXT']
----------------------------------------
PROMPT: debris shield inspection looks good mark complete
EXPECTED TAGS: ['Complete_task']
PREDICTED TAGS: ['Complete_task']
EXPECTED TOKENS: ['COMPLETE_TASK_NAME', 'COMPLETE_TASK_NAME', 'COMPLETE_TASK_NAME', 'TEXT', 'TEXT', 'TEXT', 'TEXT']
PREDICTED TOKENS: ['COMPLETE_TASK_NAME', 'COMPLETE_TASK_NAME', 'COMPLETE_TASK_NAME', 'COMPLETE_TASK_NAME', 'TEXT', 'TEXT', 'TEXT']
----------------------------------------
PROMPT: access rock log and open checklist
EXPECTED TAGS: ['open_menu_geosamples', 'open_menu_tasks']
PREDICTED TAGS: ['open_menu_geosamples', 'start_procedure_physical_repair_task']
EXPECTED TOKENS: ['TEXT', 'TEXT', 'TEXT', 'TEXT', 'TEXT', 'TEXT', 'TEXT']
PREDICTED TOKENS: ['TEXT', 'TEXT', 'TEXT', 'TEXT', 'TEXT', 'TEXT', 'TEXT']
----------------------------------------
PROMPT: how much battery time do i have left and scrubber?
EXPECTED TAGS: ['vitals_batt_time_left', 'vitals_scrubber_a_co2_storage']
PREDICTED TAGS: ['vitals_batt_time_left']
EXPECTED TOKENS: ['TEXT', 'TEXT', 'TEXT', 'TEXT', 'TEXT', 'TEXT', 'TEXT', 'TEXT', 'TEXT', 'TEXT', 'TEXT', 'TEXT']
PREDICTED TOKENS: ['TEXT', 'TEXT', 'TEXT', 'TEXT', 'TEXT', 'TEXT', 'TEXT', 'TEXT', 'TEXT', 'TEXT', 'TEXT', 'TEXT']
----------------------------------------
PROMPT: next, report the backup tank pressure and also the co2 emission rate.
EXPECTED TAGS: ['vitals_co2_production', 'vitals_oxy_sec_storage']
PREDICTED TAGS: ['vitals_co2_production', 'vitals_oxy_sec_pressure']
EXPECTED TOKENS: ['TEXT', 'TEXT', 'TEXT', 'TEXT', 'TEXT', 'TEXT', 'TEXT', 'TEXT', 'TEXT', 'TEXT', 'TEXT', 'TEXT', 'TEXT', 'TEXT', 'TEXT']
PREDICTED TOKENS: ['TEXT', 'TEXT', 'TEXT', 'TEXT', 'TEXT', 'TEXT', 'TEXT', 'TEXT', 'TEXT', 'TEXT', 'TEXT', 'TEXT', 'TEXT', 'TEXT', 'TEXT']
----------------------------------------
PROMPT: open map and then also show biometrics plus power level
EXPECTED TAGS: ['open_menu_navigation', 'open_menu_vitals']
PREDICTED TAGS: ['open_menu_navigation', 'open_menu_vitals', 'vitals_batt_time_left']
EXPECTED TOKENS: ['TEXT', 'TEXT', 'TEXT', 'TEXT', 'TEXT', 'TEXT', 'TEXT', 'TEXT', 'TEXT', 'TEXT', 'TEXT', 'TEXT']
PREDICTED TOKENS: ['TEXT', 'TEXT', 'TEXT', 'TEXT', 'TEXT', 'TEXT', 'TEXT', 'TEXT', 'TEXT', 'TEXT', 'TEXT', 'TEXT']
----------------------------------------
PROMPT: measure my co2 and also bring up vitals display
EXPECTED TAGS: ['open_menu_vitals', 'vitals_co2_production']
PREDICTED TAGS: ['open_menu_vitals', 'vitals_suit_pressure_co2']
EXPECTED TOKENS: ['TEXT', 'TEXT', 'TEXT', 'TEXT', 'TEXT', 'TEXT', 'TEXT', 'TEXT', 'TEXT', 'TEXT', 'TEXT']
PREDICTED TOKENS: ['TEXT', 'TEXT', 'TEXT', 'TEXT', 'TEXT', 'TEXT', 'TEXT', 'TEXT', 'TEXT', 'TEXT', 'TEXT']
----------------------------------------
PROMPT: bring up biometrics and run final
EXPECTED TAGS: ['start_procedure_final_system_checks', 'vitals_coolant_storage']
PREDICTED TAGS: ['open_menu_vitals', 'start_procedure_final_system_checks']
EXPECTED TOKENS: ['TEXT', 'TEXT', 'TEXT', 'TEXT', 'TEXT', 'TEXT', 'TEXT', 'TEXT']
PREDICTED TOKENS: ['TEXT', 'TEXT', 'TEXT', 'TEXT', 'TEXT', 'TEXT', 'TEXT', 'TEXT']
----------------------------------------
PROMPT: primary o2 and battery status
EXPECTED TAGS: ['vitals_batt_time_left', 'vitals_oxy_pri_pressure']
PREDICTED TAGS: ['vitals_batt_time_left', 'vitals_oxy_pri_storage']
EXPECTED TOKENS: ['TEXT', 'TEXT', 'TEXT', 'TEXT', 'TEXT', 'TEXT']
PREDICTED TOKENS: ['TEXT', 'TEXT', 'TEXT', 'TEXT', 'TEXT', 'TEXT']
----------------------------------------
PROMPT: as well as pressure, also add waypoint crater rim south
EXPECTED TAGS: ['Add_waypoint', 'vitals_suit_pressure_total']
PREDICTED TAGS: ['Add_waypoint', 'vitals_coolant_liquid_pressure', 'vitals_suit_pressure_total']
EXPECTED TOKENS: ['TEXT', 'TEXT', 'TEXT', 'TEXT', 'TEXT', 'TEXT', 'TEXT', 'TEXT', 'TEXT', 'WAYPOINT_NAME', 'WAYPOINT_NAME', 'WAYPOINT_NAME']
PREDICTED TOKENS: ['TEXT', 'TEXT', 'TEXT', 'TEXT', 'TEXT', 'TEXT', 'TEXT', 'TEXT', 'TEXT', 'WAYPOINT_NAME', 'WAYPOINT_NAME', 'WAYPOINT_NAME']
----------------------------------------
PROMPT: after checking my heart rate and oxygen, bring up the uia controls along with pressure readouts
EXPECTED TAGS: ['open_menu_uia', 'open_menu_vitals']
PREDICTED TAGS: ['open_menu_uia', 'vitals_heart_rate']
EXPECTED TOKENS: ['TEXT', 'TEXT', 'TEXT', 'TEXT', 'TEXT', 'TEXT', 'TEXT', 'TEXT', 'TEXT', 'TEXT', 'TEXT', 'TEXT', 'TEXT', 'TEXT', 'TEXT', 'TEXT', 'TEXT', 'TEXT', 'TEXT']
PREDICTED TOKENS: ['TEXT', 'TEXT', 'TEXT', 'TEXT', 'TEXT', 'TEXT', 'TEXT', 'TEXT', 'TEXT', 'TEXT', 'TEXT', 'TEXT', 'TEXT', 'TEXT', 'TEXT', 'TEXT', 'TEXT', 'TEXT', 'TEXT']
----------------------------------------
PROMPT: bring up suit vitals and then execute ltv nav reboot.
EXPECTED TAGS: ['start_procedure_system_restart', 'vitals_heart_rate']
PREDICTED TAGS: ['start_procedure_system_restart']
EXPECTED TOKENS: ['TEXT', 'TEXT', 'TEXT', 'TEXT', 'TEXT', 'TEXT', 'TEXT', 'TEXT', 'TEXT', 'TEXT', 'TEXT', 'TEXT', 'TEXT', 'TEXT', 'TEXT']
PREDICTED TOKENS: ['TEXT', 'TEXT', 'TEXT', 'TEXT', 'TEXT', 'TEXT', 'TEXT', 'TEXT', 'TEXT', 'TEXT', 'TEXT', 'TEXT', 'TEXT', 'TEXT', 'TEXT']
----------------------------------------
PROMPT: bring up rover dashboard then o2
EXPECTED TAGS: ['open_menu_rover', 'vitals_oxy_sec_pressure']
PREDICTED TAGS: ['open_menu_rover', 'vitals_oxy_pri_pressure']
EXPECTED TOKENS: ['TEXT', 'TEXT', 'TEXT', 'TEXT', 'TEXT', 'TEXT', 'TEXT']
PREDICTED TOKENS: ['TEXT', 'TEXT', 'TEXT', 'TEXT', 'TEXT', 'TEXT', 'TEXT']
----------------------------------------
PROMPT: check primary o2 and initiate egress
EXPECTED TAGS: ['start_procedure_uia_egress', 'vitals_oxy_pri_pressure']
PREDICTED TAGS: ['start_procedure_uia_egress', 'vitals_oxy_pri_storage']
EXPECTED TOKENS: ['TEXT', 'TEXT', 'TEXT', 'TEXT', 'TEXT', 'TEXT', 'TEXT', 'TEXT', 'TEXT']
PREDICTED TOKENS: ['TEXT', 'TEXT', 'TEXT', 'TEXT', 'TEXT', 'TEXT', 'TEXT', 'TEXT', 'TEXT']
----------------------------------------
PROMPT: how much oxygen time and pressure?
EXPECTED TAGS: ['vitals_oxy_time_left', 'vitals_suit_pressure_oxy']
PREDICTED TAGS: ['vitals_coolant_liquid_pressure', 'vitals_oxy_time_left', 'vitals_suit_pressure_oxy']
EXPECTED TOKENS: ['TEXT', 'TEXT', 'TEXT', 'TEXT', 'TEXT', 'TEXT', 'TEXT']
PREDICTED TOKENS: ['TEXT', 'TEXT', 'TEXT', 'TEXT', 'TEXT', 'TEXT', 'TEXT']
----------------------------------------
PROMPT: bring up heart rate and then coolant loop pressure
EXPECTED TAGS: ['vitals_coolant_liquid_pressure', 'vitals_heart_rate']
PREDICTED TAGS: ['vitals_coolant_gas_pressure', 'vitals_heart_rate']
EXPECTED TOKENS: ['TEXT', 'TEXT', 'TEXT', 'TEXT', 'TEXT', 'TEXT', 'TEXT', 'TEXT', 'TEXT', 'TEXT']
PREDICTED TOKENS: ['TEXT', 'TEXT', 'TEXT', 'TEXT', 'TEXT', 'TEXT', 'TEXT', 'TEXT', 'TEXT', 'TEXT']
----------------------------------------
PROMPT: check sec fan rpm and co2
EXPECTED TAGS: ['vitals_co2_production', 'vitals_fan_sec_rpm']
PREDICTED TAGS: ['vitals_fan_sec_rpm', 'vitals_suit_pressure_co2']
EXPECTED TOKENS: ['TEXT', 'TEXT', 'TEXT', 'TEXT', 'TEXT', 'TEXT', 'TEXT']
PREDICTED TOKENS: ['TEXT', 'TEXT', 'TEXT', 'TEXT', 'TEXT', 'TEXT', 'TEXT']
----------------------------------------
PROMPT: delete the old marker green marker and also pull up suit vitals
EXPECTED TAGS: ['Delete_waypoint', 'get_warnings']
PREDICTED TAGS: ['Delete_waypoint', 'open_menu_vitals']
EXPECTED TOKENS: ['TEXT', 'TEXT', 'TEXT', 'TEXT', 'TEXT', 'DELETE_WAYPOINT_NAME', 'DELETE_WAYPOINT_NAME', 'TEXT', 'TEXT', 'TEXT', 'TEXT', 'TEXT', 'TEXT', 'TEXT']
PREDICTED TOKENS: ['TEXT', 'TEXT', 'TEXT', 'TEXT', 'TEXT', 'DELETE_WAYPOINT_NAME', 'DELETE_WAYPOINT_NAME', 'TEXT', 'TEXT', 'TEXT', 'TEXT', 'TEXT', 'TEXT', 'TEXT']
----------------------------------------
PROMPT: diagnose the propulsion system and then open my vitals display
EXPECTED TAGS: ['open_menu_vitals', 'start_procedure_system_diagnosis']
PREDICTED TAGS: ['start_procedure_system_diagnosis']
EXPECTED TOKENS: ['TEXT', 'TEXT', 'TEXT', 'TEXT', 'TEXT', 'TEXT', 'TEXT', 'TEXT', 'TEXT', 'TEXT', 'TEXT', 'TEXT', 'TEXT']
PREDICTED TOKENS: ['TEXT', 'TEXT', 'TEXT', 'TEXT', 'TEXT', 'TEXT', 'TEXT', 'TEXT', 'TEXT', 'TEXT', 'TEXT', 'TEXT', 'TEXT']
----------------------------------------
PROMPT: quick sec o2 pressure also fan rpm
EXPECTED TAGS: ['vitals_fan_sec_rpm', 'vitals_oxy_sec_pressure']
PREDICTED TAGS: ['vitals_fan_pri_rpm', 'vitals_oxy_sec_pressure']
EXPECTED TOKENS: ['TEXT', 'TEXT', 'TEXT', 'TEXT', 'TEXT', 'TEXT', 'TEXT', 'TEXT']
PREDICTED TOKENS: ['TEXT', 'TEXT', 'TEXT', 'TEXT', 'TEXT', 'TEXT', 'TEXT', 'TEXT']
----------------------------------------
PROMPT: at the same time report o2 pressure and also pull co2 figures
EXPECTED TAGS: ['vitals_co2_production', 'vitals_suit_pressure_oxy']
PREDICTED TAGS: ['vitals_suit_pressure_co2', 'vitals_suit_pressure_oxy']
EXPECTED TOKENS: ['TEXT', 'TEXT', 'TEXT', 'TEXT', 'TEXT', 'TEXT', 'TEXT', 'TEXT', 'TEXT', 'TEXT', 'TEXT', 'TEXT', 'TEXT', 'TEXT']
PREDICTED TOKENS: ['TEXT', 'TEXT', 'TEXT', 'TEXT', 'TEXT', 'TEXT', 'TEXT', 'TEXT', 'TEXT', 'TEXT', 'TEXT', 'TEXT', 'TEXT', 'TEXT']
----------------------------------------
PROMPT: take me to habitat and then also display suit data
EXPECTED TAGS: ['Set_navigation_target', 'vitals_batt_time_left']
PREDICTED TAGS: ['Set_navigation_target', 'open_menu_vitals']
EXPECTED TOKENS: ['TEXT', 'TEXT', 'TEXT', 'NAVIGATION_TARGET_NAME', 'TEXT', 'TEXT', 'TEXT', 'TEXT', 'TEXT', 'TEXT']
PREDICTED TOKENS: ['TEXT', 'TEXT', 'TEXT', 'NAVIGATION_TARGET_NAME', 'TEXT', 'TEXT', 'TEXT', 'TEXT', 'TEXT', 'TEXT']
----------------------------------------
PROMPT: please confirm the secondary oxygen tank pressure and then display the message thread from mission control
EXPECTED TAGS: ['open_menu_messaging', 'vitals_oxy_sec_pressure']
PREDICTED TAGS: ['open_menu_messaging', 'vitals_oxy_sec_storage']
EXPECTED TOKENS: ['TEXT', 'TEXT', 'TEXT', 'TEXT', 'TEXT', 'TEXT', 'TEXT', 'TEXT', 'TEXT', 'TEXT', 'TEXT', 'TEXT', 'TEXT', 'TEXT', 'TEXT', 'TEXT']
PREDICTED TOKENS: ['TEXT', 'TEXT', 'TEXT', 'TEXT', 'TEXT', 'TEXT', 'TEXT', 'TEXT', 'TEXT', 'TEXT', 'TEXT', 'TEXT', 'TEXT', 'TEXT', 'TEXT', 'TEXT']
----------------------------------------
PROMPT: display primary scrubber status
EXPECTED TAGS: ['vitals_scrubber_a_co2_storage']
PREDICTED TAGS: []
EXPECTED TOKENS: ['TEXT', 'TEXT', 'TEXT', 'TEXT', 'TEXT']
PREDICTED TOKENS: ['TEXT', 'TEXT', 'TEXT', 'TEXT', 'TEXT']
----------------------------------------
PROMPT: verify secondary o2 status at the same time pull up coordinates for the station beta so we can plan egress
EXPECTED TAGS: ['Get_coordinates', 'vitals_oxy_sec_pressure']
PREDICTED TAGS: ['Get_coordinates', 'vitals_oxy_sec_storage']
EXPECTED TOKENS: ['TEXT', 'TEXT', 'TEXT', 'TEXT', 'TEXT', 'TEXT', 'TEXT', 'TEXT', 'TEXT', 'TEXT', 'TEXT', 'TEXT', 'TEXT', 'TEXT', 'COORDINATE_TARGET_NAME', 'COORDINATE_TARGET_NAME', 'TEXT', 'TEXT', 'TEXT', 'TEXT', 'TEXT', 'TEXT', 'TEXT']
PREDICTED TOKENS: ['TEXT', 'TEXT', 'TEXT', 'TEXT', 'TEXT', 'TEXT', 'TEXT', 'TEXT', 'TEXT', 'TEXT', 'TEXT', 'TEXT', 'TEXT', 'TEXT', 'COORDINATE_TARGET_NAME', 'COORDINATE_TARGET_NAME', 'TEXT', 'TEXT', 'TEXT', 'TEXT', 'TEXT', 'TEXT', 'TEXT']
----------------------------------------
PROMPT: start airlock egress and display biometrics
EXPECTED TAGS: ['start_procedure_uia_egress', 'vitals_oxy_consumption']
PREDICTED TAGS: ['open_menu_vitals', 'start_procedure_uia_egress']
EXPECTED TOKENS: ['TEXT', 'TEXT', 'TEXT', 'TEXT', 'TEXT', 'TEXT', 'TEXT', 'TEXT', 'TEXT', 'TEXT', 'TEXT']
PREDICTED TOKENS: ['TEXT', 'TEXT', 'TEXT', 'TEXT', 'TEXT', 'TEXT', 'TEXT', 'TEXT', 'TEXT', 'TEXT', 'TEXT']
----------------------------------------
PROMPT: show battery level and also start uia egress sequence
EXPECTED TAGS: ['open_menu_vitals', 'start_procedure_uia_egress']
PREDICTED TAGS: ['start_procedure_uia_egress', 'vitals_batt_time_left']
EXPECTED TOKENS: ['TEXT', 'TEXT', 'TEXT', 'TEXT', 'TEXT', 'TEXT', 'TEXT', 'TEXT', 'TEXT', 'TEXT', 'TEXT', 'TEXT']
PREDICTED TOKENS: ['TEXT', 'TEXT', 'TEXT', 'TEXT', 'TEXT', 'TEXT', 'TEXT', 'TEXT', 'TEXT', 'TEXT', 'TEXT', 'TEXT']
----------------------------------------
PROMPT: read co2 then open vitals
EXPECTED TAGS: ['open_menu_vitals', 'vitals_helmet_pressure_co2']
PREDICTED TAGS: ['open_menu_vitals', 'vitals_suit_pressure_co2']
EXPECTED TOKENS: ['TEXT', 'TEXT', 'TEXT', 'TEXT', 'TEXT', 'TEXT', 'TEXT']
PREDICTED TOKENS: ['TEXT', 'TEXT', 'TEXT', 'TEXT', 'TEXT', 'TEXT', 'TEXT']
----------------------------------------
PROMPT: could you pull up secondary o2 status and also the coolant loop pressure?
EXPECTED TAGS: ['vitals_coolant_liquid_pressure', 'vitals_oxy_sec_pressure']
PREDICTED TAGS: ['vitals_coolant_liquid_pressure', 'vitals_oxy_sec_storage']
EXPECTED TOKENS: ['TEXT', 'TEXT', 'TEXT', 'TEXT', 'TEXT', 'TEXT', 'TEXT', 'TEXT', 'TEXT', 'TEXT', 'TEXT', 'TEXT', 'TEXT', 'TEXT', 'TEXT', 'TEXT']
PREDICTED TOKENS: ['TEXT', 'TEXT', 'TEXT', 'TEXT', 'TEXT', 'TEXT', 'TEXT', 'TEXT', 'TEXT', 'TEXT', 'TEXT', 'TEXT', 'TEXT', 'TEXT', 'TEXT', 'TEXT']
----------------------------------------
PROMPT: i need you to display biometrics as well as initiate the uia egress sequence and then report status
EXPECTED TAGS: ['open_menu_vitals', 'start_procedure_uia_egress']
PREDICTED TAGS: ['start_procedure_uia_egress']
EXPECTED TOKENS: ['TEXT', 'TEXT', 'TEXT', 'TEXT', 'TEXT', 'TEXT', 'TEXT', 'TEXT', 'TEXT', 'TEXT', 'TEXT', 'TEXT', 'TEXT', 'TEXT', 'TEXT', 'TEXT', 'TEXT', 'TEXT', 'TEXT', 'TEXT', 'TEXT', 'TEXT', 'TEXT']
PREDICTED TOKENS: ['TEXT', 'TEXT', 'TEXT', 'TEXT', 'TEXT', 'TEXT', 'TEXT', 'TEXT', 'TEXT', 'TEXT', 'TEXT', 'TEXT', 'TEXT', 'TEXT', 'TEXT', 'TEXT', 'TEXT', 'TEXT', 'TEXT', 'TEXT', 'TEXT', 'TEXT', 'TEXT']
----------------------------------------
PROMPT: o2 time left and coolant?
EXPECTED TAGS: ['vitals_coolant_storage', 'vitals_oxy_time_left']
PREDICTED TAGS: ['vitals_coolant_gas_pressure', 'vitals_oxy_time_left']
EXPECTED TOKENS: ['TEXT', 'TEXT', 'TEXT', 'TEXT', 'TEXT', 'TEXT', 'TEXT', 'TEXT']
PREDICTED TOKENS: ['TEXT', 'TEXT', 'TEXT', 'TEXT', 'TEXT', 'TEXT', 'TEXT', 'TEXT']
----------------------------------------
PROMPT: please provide body temperature and additionally remove outpost 7 waypoint
EXPECTED TAGS: ['Delete_waypoint', 'vitals_temperature']
PREDICTED TAGS: ['Delete_waypoint', 'vitals_temperature']
EXPECTED TOKENS: ['TEXT', 'TEXT', 'TEXT', 'TEXT', 'TEXT', 'TEXT', 'TEXT', 'TEXT', 'TEXT', 'TEXT', 'TEXT']
PREDICTED TOKENS: ['TEXT', 'TEXT', 'TEXT', 'TEXT', 'TEXT', 'TEXT', 'TEXT', 'DELETE_WAYPOINT_NAME', 'DELETE_WAYPOINT_NAME', 'TEXT', 'TEXT']
----------------------------------------
PROMPT: before anything else, read the coolant pressure and then report heart rate
EXPECTED TAGS: ['vitals_coolant_gas_pressure', 'vitals_heart_rate']
PREDICTED TAGS: ['vitals_coolant_liquid_pressure', 'vitals_heart_rate']
EXPECTED TOKENS: ['TEXT', 'TEXT', 'TEXT', 'TEXT', 'TEXT', 'TEXT', 'TEXT', 'TEXT', 'TEXT', 'TEXT', 'TEXT', 'TEXT', 'TEXT', 'TEXT']
PREDICTED TOKENS: ['TEXT', 'TEXT', 'TEXT', 'TEXT', 'TEXT', 'TEXT', 'TEXT', 'TEXT', 'TEXT', 'TEXT', 'TEXT', 'TEXT', 'TEXT', 'TEXT']
----------------------------------------
PROMPT: please show primary oxygen tank level and then display fan rpm
EXPECTED TAGS: ['vitals_fan_pri_rpm', 'vitals_oxy_pri_storage']
PREDICTED TAGS: ['vitals_oxy_pri_storage']
EXPECTED TOKENS: ['TEXT', 'TEXT', 'TEXT', 'TEXT', 'TEXT', 'TEXT', 'TEXT', 'TEXT', 'TEXT', 'TEXT', 'TEXT']
PREDICTED TOKENS: ['TEXT', 'TEXT', 'TEXT', 'TEXT', 'TEXT', 'TEXT', 'TEXT', 'TEXT', 'TEXT', 'TEXT', 'TEXT']
----------------------------------------
PROMPT: open sec o2 pressure while checking co2
EXPECTED TAGS: ['vitals_co2_production', 'vitals_oxy_sec_pressure']
PREDICTED TAGS: ['vitals_oxy_sec_pressure', 'vitals_suit_pressure_co2']
EXPECTED TOKENS: ['TEXT', 'TEXT', 'TEXT', 'TEXT', 'TEXT', 'TEXT', 'TEXT', 'TEXT', 'TEXT']
PREDICTED TOKENS: ['TEXT', 'TEXT', 'TEXT', 'TEXT', 'TEXT', 'TEXT', 'TEXT', 'TEXT', 'TEXT']
----------------------------------------
PROMPT: what are the warnings and then open the coolant pressure indicator
EXPECTED TAGS: ['get_warnings', 'vitals_coolant_liquid_pressure']
PREDICTED TAGS: ['get_warnings', 'vitals_coolant_gas_pressure']
EXPECTED TOKENS: ['TEXT', 'TEXT', 'TEXT', 'TEXT', 'TEXT', 'TEXT', 'TEXT', 'TEXT', 'TEXT', 'TEXT', 'TEXT', 'TEXT']
PREDICTED TOKENS: ['TEXT', 'TEXT', 'TEXT', 'TEXT', 'TEXT', 'TEXT', 'TEXT', 'TEXT', 'TEXT', 'TEXT', 'TEXT', 'TEXT']
----------------------------------------
PROMPT: show me charge percentage and in addition open geology tools
EXPECTED TAGS: ['open_menu_geosamples', 'open_menu_vitals']
PREDICTED TAGS: ['open_menu_geosamples', 'vitals_batt_time_left']
EXPECTED TOKENS: ['TEXT', 'TEXT', 'TEXT', 'TEXT', 'TEXT', 'TEXT', 'TEXT', 'TEXT', 'TEXT', 'TEXT']
PREDICTED TOKENS: ['TEXT', 'TEXT', 'TEXT', 'TEXT', 'TEXT', 'TEXT', 'TEXT', 'TEXT', 'TEXT', 'TEXT']
----------------------------------------
PROMPT: show coolant pressure plus primary oxygen pressure.
EXPECTED TAGS: ['vitals_coolant_liquid_pressure', 'vitals_oxy_pri_pressure']
PREDICTED TAGS: ['vitals_coolant_gas_pressure', 'vitals_oxy_pri_pressure']
EXPECTED TOKENS: ['TEXT', 'TEXT', 'TEXT', 'TEXT', 'TEXT', 'TEXT', 'TEXT', 'TEXT', 'TEXT']
PREDICTED TOKENS: ['TEXT', 'TEXT', 'TEXT', 'TEXT', 'TEXT', 'TEXT', 'TEXT', 'TEXT', 'TEXT']
----------------------------------------
PROMPT: primary o2 as well as fan rpm
EXPECTED TAGS: ['vitals_fan_pri_rpm', 'vitals_oxy_pri_pressure']
PREDICTED TAGS: ['vitals_fan_pri_rpm', 'vitals_oxy_pri_storage']
EXPECTED TOKENS: ['TEXT', 'TEXT', 'TEXT', 'TEXT', 'TEXT', 'TEXT', 'TEXT', 'TEXT']
PREDICTED TOKENS: ['TEXT', 'TEXT', 'TEXT', 'TEXT', 'TEXT', 'TEXT', 'TEXT', 'TEXT']
----------------------------------------
PROMPT: log : top up coolant reservoir and at the same time display secondary fan rpm
EXPECTED TAGS: ['Add_task', 'vitals_fan_sec_rpm']
PREDICTED TAGS: ['vitals_coolant_storage', 'vitals_fan_sec_rpm']
EXPECTED TOKENS: ['TEXT', 'TEXT', 'TASK_NAME', 'TASK_NAME', 'TASK_NAME', 'TASK_NAME', 'TASK_NAME', 'TEXT', 'TEXT', 'TEXT', 'TEXT', 'TEXT', 'TEXT', 'TEXT', 'TEXT', 'TEXT']
PREDICTED TOKENS: ['TEXT', 'TEXT', 'TEXT', 'TEXT', 'TEXT', 'TEXT', 'TEXT', 'TEXT', 'TEXT', 'TEXT', 'TEXT', 'TEXT', 'TEXT', 'TEXT', 'TEXT', 'TEXT']
----------------------------------------
PROMPT: gimme the o2 time left and then go ahead and start the end - of - repair system checks
EXPECTED TAGS: ['start_procedure_final_system_checks', 'vitals_oxy_time_left']
PREDICTED TAGS: ['start_procedure_physical_repair_task', 'vitals_oxy_time_left']
EXPECTED TOKENS: ['TEXT', 'TEXT', 'TEXT', 'TEXT', 'TEXT', 'TEXT', 'TEXT', 'TEXT', 'TEXT', 'TEXT', 'TEXT', 'TEXT', 'TEXT', 'TEXT', 'TEXT', 'TEXT', 'TEXT', 'TEXT', 'TEXT', 'TEXT', 'TEXT']
PREDICTED TOKENS: ['TEXT', 'TEXT', 'TEXT', 'TEXT', 'TEXT', 'TEXT', 'TEXT', 'TEXT', 'TEXT', 'TEXT', 'TEXT', 'TEXT', 'TEXT', 'TEXT', 'TEXT', 'TEXT', 'TEXT', 'TEXT', 'TEXT', 'TEXT', 'TEXT']
----------------------------------------
PROMPT: begin final verification but first show me the current vitals readout including heart rate and oxygen levels
EXPECTED TAGS: ['start_procedure_final_system_checks', 'vitals_heart_rate']
PREDICTED TAGS: ['open_menu_vitals', 'start_procedure_final_system_checks']
EXPECTED TOKENS: ['TEXT', 'TEXT', 'TEXT', 'TEXT', 'TEXT', 'TEXT', 'TEXT', 'TEXT', 'TEXT', 'TEXT', 'TEXT', 'TEXT', 'TEXT', 'TEXT', 'TEXT', 'TEXT', 'TEXT', 'TEXT', 'TEXT']
PREDICTED TOKENS: ['TEXT', 'TEXT', 'TEXT', 'TEXT', 'TEXT', 'TEXT', 'TEXT', 'TEXT', 'TEXT', 'TEXT', 'TEXT', 'TEXT', 'TEXT', 'TEXT', 'TEXT', 'TEXT', 'TEXT', 'TEXT', 'TEXT']
----------------------------------------
PROMPT: plot new route while reading co2.
EXPECTED TAGS: ['reroute_navigation', 'vitals_suit_pressure_co2']
PREDICTED TAGS: ['reroute_navigation', 'vitals_helmet_pressure_co2', 'vitals_suit_pressure_co2']
EXPECTED TOKENS: ['TEXT', 'TEXT', 'TEXT', 'TEXT', 'TEXT', 'TEXT', 'TEXT', 'TEXT']
PREDICTED TOKENS: ['TEXT', 'TEXT', 'TEXT', 'TEXT', 'TEXT', 'TEXT', 'TEXT', 'TEXT']
----------------------------------------
PROMPT: hey show my biometrics and also get beacon - 3 ' s coordinates
EXPECTED TAGS: ['Get_coordinates', 'open_menu_vitals']
PREDICTED TAGS: ['Get_coordinates']
EXPECTED TOKENS: ['TEXT', 'TEXT', 'TEXT', 'TEXT', 'TEXT', 'TEXT', 'TEXT', 'TEXT', 'TEXT', 'COORDINATE_TARGET_NAME', 'COORDINATE_TARGET_NAME', 'COORDINATE_TARGET_NAME', 'TEXT', 'TEXT', 'TEXT']
PREDICTED TOKENS: ['TEXT', 'TEXT', 'TEXT', 'TEXT', 'TEXT', 'TEXT', 'TEXT', 'TEXT', 'TEXT', 'COORDINATE_TARGET_NAME', 'COORDINATE_TARGET_NAME', 'COORDINATE_TARGET_NAME', 'TEXT', 'TEXT', 'TEXT']
----------------------------------------
PROMPT: check ppo2 and show corvus
EXPECTED TAGS: ['open_menu_voice_assistant', 'vitals_suit_pressure_oxy']
PREDICTED TAGS: ['open_menu_voice_assistant', 'vitals_suit_pressure_co2', 'vitals_suit_pressure_oxy']
EXPECTED TOKENS: ['TEXT', 'TEXT', 'TEXT', 'TEXT', 'TEXT', 'TEXT', 'TEXT', 'TEXT', 'TEXT']
PREDICTED TOKENS: ['TEXT', 'TEXT', 'TEXT', 'TEXT', 'TEXT', 'TEXT', 'TEXT', 'TEXT', 'TEXT']
----------------------------------------
PROMPT: run the after - repair final checks then show me my vitals
EXPECTED TAGS: ['start_procedure_final_system_checks', 'vitals_heart_rate']
PREDICTED TAGS: ['open_menu_vitals', 'start_procedure_final_system_checks']
EXPECTED TOKENS: ['TEXT', 'TEXT', 'TEXT', 'TEXT', 'TEXT', 'TEXT', 'TEXT', 'TEXT', 'TEXT', 'TEXT', 'TEXT', 'TEXT', 'TEXT']
PREDICTED TOKENS: ['TEXT', 'TEXT', 'TEXT', 'TEXT', 'TEXT', 'TEXT', 'TEXT', 'TEXT', 'TEXT', 'TEXT', 'TEXT', 'TEXT', 'TEXT']
----------------------------------------
PROMPT: open the biometrics hud and then show battery info next
EXPECTED TAGS: ['open_menu_vitals', 'vitals_batt_time_left']
PREDICTED TAGS: ['open_menu_vitals']
EXPECTED TOKENS: ['TEXT', 'TEXT', 'TEXT', 'TEXT', 'TEXT', 'TEXT', 'TEXT', 'TEXT', 'TEXT', 'TEXT', 'TEXT', 'TEXT', 'TEXT']
PREDICTED TOKENS: ['TEXT', 'TEXT', 'TEXT', 'TEXT', 'TEXT', 'TEXT', 'TEXT', 'TEXT', 'TEXT', 'TEXT', 'TEXT', 'TEXT', 'TEXT']
----------------------------------------
PROMPT: backup fan rpm and co2 levels
EXPECTED TAGS: ['vitals_co2_production', 'vitals_fan_sec_rpm']
PREDICTED TAGS: ['vitals_fan_sec_rpm', 'vitals_suit_pressure_co2']
EXPECTED TOKENS: ['TEXT', 'TEXT', 'TEXT', 'TEXT', 'TEXT', 'TEXT', 'TEXT']
PREDICTED TOKENS: ['TEXT', 'TEXT', 'TEXT', 'TEXT', 'TEXT', 'TEXT', 'TEXT']
----------------------------------------
PROMPT: yo show coolant and task swap filter
EXPECTED TAGS: ['Add_task', 'vitals_coolant_storage']
PREDICTED TAGS: ['Add_task']
EXPECTED TOKENS: ['TEXT', 'TEXT', 'TEXT', 'TEXT', 'TEXT', 'TEXT', 'TASK_NAME', 'TASK_NAME']
PREDICTED TOKENS: ['TEXT', 'TEXT', 'TEXT', 'TEXT', 'TEXT', 'TEXT', 'TASK_NAME', 'TASK_NAME']
----------------------------------------
PROMPT: approval checklist
EXPECTED TAGS: ['start_procedure_final_system_checks']
PREDICTED TAGS: []
EXPECTED TOKENS: ['TEXT', 'TEXT', 'TEXT']
PREDICTED TOKENS: ['TEXT', 'TEXT', 'TEXT']
----------------------------------------
PROMPT: sec o2 then coolant, please
EXPECTED TAGS: ['vitals_coolant_liquid_pressure', 'vitals_oxy_sec_pressure']
PREDICTED TAGS: ['vitals_coolant_storage', 'vitals_oxy_sec_pressure']
EXPECTED TOKENS: ['TEXT', 'TEXT', 'TEXT', 'TEXT', 'TEXT', 'TEXT', 'TEXT', 'TEXT']
PREDICTED TOKENS: ['TEXT', 'TEXT', 'TEXT', 'TEXT', 'TEXT', 'TEXT', 'TEXT', 'TEXT']
----------------------------------------
PROMPT: open geology tools and also show my suit vitals
EXPECTED TAGS: ['open_menu_geosamples', 'vitals_batt_time_left']
PREDICTED TAGS: ['open_menu_geosamples', 'open_menu_vitals']
EXPECTED TOKENS: ['TEXT', 'TEXT', 'TEXT', 'TEXT', 'TEXT', 'TEXT', 'TEXT', 'TEXT', 'TEXT', 'TEXT']
PREDICTED TOKENS: ['TEXT', 'TEXT', 'TEXT', 'TEXT', 'TEXT', 'TEXT', 'TEXT', 'TEXT', 'TEXT', 'TEXT']
----------------------------------------
PROMPT: co2 status and then run final checks
EXPECTED TAGS: ['start_procedure_final_system_checks', 'vitals_co2_production']
PREDICTED TAGS: ['start_procedure_final_system_checks', 'vitals_suit_pressure_co2']
EXPECTED TOKENS: ['TEXT', 'TEXT', 'TEXT', 'TEXT', 'TEXT', 'TEXT', 'TEXT', 'TEXT']
PREDICTED TOKENS: ['TEXT', 'TEXT', 'TEXT', 'TEXT', 'TEXT', 'TEXT', 'TEXT', 'TEXT']
----------------------------------------
PROMPT: could you please display the suit biometrics and also start the final post repair system checks
EXPECTED TAGS: ['open_menu_tasks', 'start_procedure_final_system_checks']
PREDICTED TAGS: ['start_procedure_final_system_checks', 'vitals_suit_pressure_co2']
EXPECTED TOKENS: ['TEXT', 'TEXT', 'TEXT', 'TEXT', 'TEXT', 'TEXT', 'TEXT', 'TEXT', 'TEXT', 'TEXT', 'TEXT', 'TEXT', 'TEXT', 'TEXT', 'TEXT', 'TEXT', 'TEXT', 'TEXT']
PREDICTED TOKENS: ['TEXT', 'TEXT', 'TEXT', 'TEXT', 'TEXT', 'TEXT', 'TEXT', 'TEXT', 'TEXT', 'TEXT', 'TEXT', 'TEXT', 'TEXT', 'TEXT', 'TEXT', 'TEXT', 'TEXT', 'TEXT']
----------------------------------------
PROMPT: after you run oxygen tank diagnostics, please follow with a systems diagnosis of the rover, as well as telemetry review
EXPECTED TAGS: ['start_procedure_system_diagnosis', 'vitals_oxy_sec_storage']
PREDICTED TAGS: ['start_procedure_system_diagnosis']
EXPECTED TOKENS: ['TEXT', 'TEXT', 'TEXT', 'TEXT', 'TEXT', 'TEXT', 'TEXT', 'TEXT', 'TEXT', 'TEXT', 'TEXT', 'TEXT', 'TEXT', 'TEXT', 'TEXT', 'TEXT', 'TEXT', 'TEXT', 'TEXT', 'TEXT', 'TEXT', 'TEXT', 'TEXT', 'TEXT', 'TEXT']
PREDICTED TOKENS: ['TEXT', 'TEXT', 'TEXT', 'TEXT', 'TEXT', 'TEXT', 'TEXT', 'TEXT', 'TEXT', 'TEXT', 'TEXT', 'TEXT', 'TEXT', 'TEXT', 'TEXT', 'TEXT', 'TEXT', 'TEXT', 'TEXT', 'TEXT', 'TEXT', 'TEXT', 'TEXT', 'TEXT', 'TEXT']
----------------------------------------
PROMPT: open coolant diagnostics and additionally compute a new route for me
EXPECTED TAGS: ['reroute_navigation', 'vitals_coolant_liquid_pressure']
PREDICTED TAGS: ['reroute_navigation', 'vitals_coolant_storage']
EXPECTED TOKENS: ['TEXT', 'TEXT', 'TEXT', 'TEXT', 'TEXT', 'TEXT', 'TEXT', 'TEXT', 'TEXT', 'TEXT', 'TEXT', 'TEXT', 'TEXT']
PREDICTED TOKENS: ['TEXT', 'TEXT', 'TEXT', 'TEXT', 'TEXT', 'TEXT', 'TEXT', 'TEXT', 'TEXT', 'TEXT', 'TEXT', 'TEXT', 'TEXT']
----------------------------------------
PROMPT: could you check helmet vitals and then complete glove replace
EXPECTED TAGS: ['Complete_task', 'get_warnings']
PREDICTED TAGS: ['Complete_task', 'vitals_helmet_pressure_co2']
EXPECTED TOKENS: ['TEXT', 'TEXT', 'TEXT', 'TEXT', 'TEXT', 'TEXT', 'TEXT', 'TEXT', 'TEXT', 'COMPLETE_TASK_NAME', 'COMPLETE_TASK_NAME']
PREDICTED TOKENS: ['TEXT', 'TEXT', 'TEXT', 'TEXT', 'TEXT', 'TEXT', 'TEXT', 'TEXT', 'TEXT', 'COMPLETE_TASK_NAME', 'COMPLETE_TASK_NAME']
----------------------------------------
PROMPT: the rock sample labeling situation is resolved
EXPECTED TAGS: ['Complete_task']
PREDICTED TAGS: ['Complete_task']
EXPECTED TOKENS: ['TEXT', 'COMPLETE_TASK_NAME', 'COMPLETE_TASK_NAME', 'COMPLETE_TASK_NAME', 'TEXT', 'TEXT', 'TEXT']
PREDICTED TOKENS: ['TEXT', 'COMPLETE_TASK_NAME', 'COMPLETE_TASK_NAME', 'COMPLETE_TASK_NAME', 'COMPLETE_TASK_NAME', 'TEXT', 'TEXT']
----------------------------------------
PROMPT: check the reserve oxygen tank pressure, also bring up body temperature
EXPECTED TAGS: ['vitals_oxy_sec_pressure', 'vitals_temperature']
PREDICTED TAGS: ['vitals_oxy_sec_storage', 'vitals_temperature']
EXPECTED TOKENS: ['TEXT', 'TEXT', 'TEXT', 'TEXT', 'TEXT', 'TEXT', 'TEXT', 'TEXT', 'TEXT', 'TEXT', 'TEXT', 'TEXT']
PREDICTED TOKENS: ['TEXT', 'TEXT', 'TEXT', 'TEXT', 'TEXT', 'TEXT', 'TEXT', 'TEXT', 'TEXT', 'TEXT', 'TEXT', 'TEXT']
----------------------------------------
PROMPT: check scrubber b but first coolant pressure
EXPECTED TAGS: ['vitals_coolant_liquid_pressure', 'vitals_scrubber_b_co2_storage']
PREDICTED TAGS: ['vitals_coolant_gas_pressure', 'vitals_scrubber_b_co2_storage']
EXPECTED TOKENS: ['TEXT', 'TEXT', 'TEXT', 'TEXT', 'TEXT', 'TEXT', 'TEXT', 'TEXT', 'TEXT']
PREDICTED TOKENS: ['TEXT', 'TEXT', 'TEXT', 'TEXT', 'TEXT', 'TEXT', 'TEXT', 'TEXT', 'TEXT']
----------------------------------------
PROMPT: leave marker named cache a and after that route me to fuel cache
EXPECTED TAGS: ['Add_waypoint', 'Set_navigation_target']
PREDICTED TAGS: ['Add_waypoint', 'Delete_waypoint', 'Set_navigation_target']
EXPECTED TOKENS: ['TEXT', 'TEXT', 'TEXT', 'WAYPOINT_NAME', 'WAYPOINT_NAME', 'TEXT', 'TEXT', 'TEXT', 'TEXT', 'TEXT', 'TEXT', 'NAVIGATION_TARGET_NAME', 'NAVIGATION_TARGET_NAME']
PREDICTED TOKENS: ['TEXT', 'TEXT', 'TEXT', 'WAYPOINT_NAME', 'WAYPOINT_NAME', 'TEXT', 'TEXT', 'TEXT', 'TEXT', 'TEXT', 'TEXT', 'NAVIGATION_TARGET_NAME', 'NAVIGATION_TARGET_NAME']
----------------------------------------
PROMPT: hey so the comms relay alignment and signal test are wrapped up and we need to add task for antenna pointing
EXPECTED TAGS: ['Add_task', 'Complete_task']
PREDICTED TAGS: ['Add_task', 'Complete_task']
EXPECTED TOKENS: ['TEXT', 'TEXT', 'TEXT', 'COMPLETE_TASK_NAME', 'COMPLETE_TASK_NAME', 'COMPLETE_TASK_NAME', 'COMPLETE_TASK_NAME', 'TEXT', 'COMPLETE_TASK_NAME', 'COMPLETE_TASK_NAME', 'TEXT', 'TEXT', 'TEXT', 'TEXT', 'TEXT', 'TEXT', 'TEXT', 'TEXT', 'TEXT', 'TEXT', 'TASK_NAME', 'TASK_NAME']
PREDICTED TOKENS: ['TEXT', 'TEXT', 'TEXT', 'COMPLETE_TASK_NAME', 'COMPLETE_TASK_NAME', 'COMPLETE_TASK_NAME', 'COMPLETE_TASK_NAME', 'TEXT', 'COMPLETE_TASK_NAME', 'COMPLETE_TASK_NAME', 'TEXT', 'TEXT', 'TEXT', 'TEXT', 'TEXT', 'TEXT', 'TEXT', 'TEXT', 'TEXT', 'TASK_NAME', 'TASK_NAME', 'TASK_NAME']
----------------------------------------
PROMPT: add task to swap battery and then tell me current battery percentage and alarms
EXPECTED TAGS: ['Add_task', 'get_warnings']
PREDICTED TAGS: ['Add_task', 'get_warnings']
EXPECTED TOKENS: ['TEXT', 'TEXT', 'TEXT', 'TASK_NAME', 'TASK_NAME', 'TEXT', 'TEXT', 'TEXT', 'TEXT', 'TEXT', 'TEXT', 'TEXT', 'TEXT', 'TEXT']
PREDICTED TOKENS: ['TEXT', 'TEXT', 'TASK_NAME', 'TASK_NAME', 'TASK_NAME', 'TEXT', 'TEXT', 'TEXT', 'TEXT', 'TEXT', 'TEXT', 'TEXT', 'TEXT', 'TEXT']
----------------------------------------
PROMPT: outer hatch opening
EXPECTED TAGS: ['start_procedure_uia_egress']
PREDICTED TAGS: ['start_procedure_uia_ingress']
EXPECTED TOKENS: ['TEXT', 'TEXT', 'TEXT']
PREDICTED TOKENS: ['TEXT', 'TEXT', 'TEXT']
----------------------------------------
PROMPT: reroute to waypoint foxtrot and then open the rover ' s diagnostics and suit vitals
EXPECTED TAGS: ['open_menu_rover', 'reroute_navigation']
PREDICTED TAGS: ['open_menu_rover', 'reroute_navigation']
EXPECTED TOKENS: ['TEXT', 'TEXT', 'TEXT', 'TEXT', 'TEXT', 'TEXT', 'TEXT', 'TEXT', 'TEXT', 'TEXT', 'TEXT', 'TEXT', 'TEXT', 'TEXT', 'TEXT', 'TEXT', 'TEXT', 'TEXT', 'TEXT', 'TEXT', 'TEXT', 'TEXT']
PREDICTED TOKENS: ['TEXT', 'TEXT', 'TEXT', 'TEXT', 'TEXT', 'TEXT', 'TEXT', 'WAYPOINT_NAME', 'TEXT', 'TEXT', 'TEXT', 'TEXT', 'TEXT', 'TEXT', 'TEXT', 'TEXT', 'TEXT', 'TEXT', 'TEXT', 'TEXT', 'TEXT', 'TEXT']
----------------------------------------
PROMPT: yo pull other gas levels plus coolant
EXPECTED TAGS: ['vitals_coolant_gas_pressure', 'vitals_suit_pressure_other']
PREDICTED TAGS: ['vitals_suit_pressure_other']
EXPECTED TOKENS: ['TEXT', 'TEXT', 'TEXT', 'TEXT', 'TEXT', 'TEXT', 'TEXT', 'TEXT']
PREDICTED TOKENS: ['TEXT', 'TEXT', 'TEXT', 'TEXT', 'TEXT', 'TEXT', 'TEXT', 'TEXT']
----------------------------------------
PROMPT: pull up coolant pressure while deleting task calibrate gyro
EXPECTED TAGS: ['Delete_task', 'vitals_coolant_gas_pressure']
PREDICTED TAGS: ['Delete_task', 'vitals_coolant_liquid_pressure']
EXPECTED TOKENS: ['TEXT', 'TEXT', 'TEXT', 'TEXT', 'TEXT', 'TEXT', 'TEXT', 'TEXT', 'TEXT', 'TEXT', 'DELETE_TASK_NAME', 'DELETE_TASK_NAME', 'DELETE_TASK_NAME', 'DELETE_TASK_NAME', 'DELETE_TASK_NAME', 'DELETE_TASK_NAME']
PREDICTED TOKENS: ['TEXT', 'TEXT', 'TEXT', 'TEXT', 'TEXT', 'TEXT', 'TEXT', 'TEXT', 'TEXT', 'TEXT', 'DELETE_TASK_NAME', 'DELETE_TASK_NAME', 'DELETE_TASK_NAME', 'DELETE_TASK_NAME', 'DELETE_TASK_NAME', 'DELETE_TASK_NAME']
----------------------------------------
PROMPT: read out heart rate, suit pressure, and battery status, additionally begin erm when ready
EXPECTED TAGS: ['get_warnings', 'start_procedure_erm']
PREDICTED TAGS: ['start_procedure_erm']
EXPECTED TOKENS: ['TEXT', 'TEXT', 'TEXT', 'TEXT', 'TEXT', 'TEXT', 'TEXT', 'TEXT', 'TEXT', 'TEXT', 'TEXT', 'TEXT', 'TEXT', 'TEXT', 'TEXT', 'TEXT', 'TEXT', 'TEXT']
PREDICTED TOKENS: ['TEXT', 'TEXT', 'TEXT', 'TEXT', 'TEXT', 'TEXT', 'TEXT', 'TEXT', 'TEXT', 'TEXT', 'TEXT', 'TEXT', 'TEXT', 'TEXT', 'TEXT', 'TEXT', 'TEXT', 'TEXT']
----------------------------------------
PROMPT: need co2 numbers and o2
EXPECTED TAGS: ['vitals_co2_production', 'vitals_oxy_pri_storage']
PREDICTED TAGS: ['vitals_co2_production', 'vitals_suit_pressure_oxy']
EXPECTED TOKENS: ['TEXT', 'TEXT', 'TEXT', 'TEXT', 'TEXT', 'TEXT', 'TEXT']
PREDICTED TOKENS: ['TEXT', 'TEXT', 'TEXT', 'TEXT', 'TEXT', 'TEXT', 'TEXT']
----------------------------------------
PROMPT: power - cycle nav then display pressure
EXPECTED TAGS: ['start_procedure_system_restart', 'vitals_suit_pressure_total']
PREDICTED TAGS: ['start_procedure_system_restart', 'vitals_oxy_pri_pressure', 'vitals_suit_pressure_total']
EXPECTED TOKENS: ['TEXT', 'TEXT', 'TEXT', 'TEXT', 'TEXT', 'TEXT', 'TEXT', 'TEXT']
PREDICTED TOKENS: ['TEXT', 'TEXT', 'TEXT', 'TEXT', 'TEXT', 'TEXT', 'TEXT', 'TEXT']
----------------------------------------
PROMPT: oh and check the coolant pressure, followed by my pulse reading
EXPECTED TAGS: ['vitals_coolant_gas_pressure', 'vitals_heart_rate']
PREDICTED TAGS: ['vitals_heart_rate']
EXPECTED TOKENS: ['TEXT', 'TEXT', 'TEXT', 'TEXT', 'TEXT', 'TEXT', 'TEXT', 'TEXT', 'TEXT', 'TEXT', 'TEXT', 'TEXT', 'TEXT']
PREDICTED TOKENS: ['TEXT', 'TEXT', 'TEXT', 'TEXT', 'TEXT', 'TEXT', 'TEXT', 'TEXT', 'TEXT', 'TEXT', 'TEXT', 'TEXT', 'TEXT']
----------------------------------------
PROMPT: please tell me co2 in my helmet and show corvus.
EXPECTED TAGS: ['open_menu_voice_assistant', 'vitals_helmet_pressure_co2']
PREDICTED TAGS: ['open_menu_voice_assistant', 'vitals_suit_pressure_co2']
EXPECTED TOKENS: ['TEXT', 'TEXT', 'TEXT', 'TEXT', 'TEXT', 'TEXT', 'TEXT', 'TEXT', 'TEXT', 'TEXT', 'TEXT', 'TEXT', 'TEXT', 'TEXT']
PREDICTED TOKENS: ['TEXT', 'TEXT', 'TEXT', 'TEXT', 'TEXT', 'TEXT', 'TEXT', 'TEXT', 'TEXT', 'TEXT', 'TEXT', 'TEXT', 'TEXT', 'TEXT']
----------------------------------------
PROMPT: check suit charge and also pull up the map
EXPECTED TAGS: ['get_warnings', 'open_menu_navigation']
PREDICTED TAGS: ['open_menu_navigation', 'vitals_batt_time_left']
EXPECTED TOKENS: ['TEXT', 'TEXT', 'TEXT', 'TEXT', 'TEXT', 'TEXT', 'TEXT', 'TEXT', 'TEXT']
PREDICTED TOKENS: ['TEXT', 'TEXT', 'TEXT', 'TEXT', 'TEXT', 'TEXT', 'TEXT', 'TEXT', 'TEXT']
----------------------------------------
PROMPT: create new task inspect antenna then show suit data
EXPECTED TAGS: ['Add_task', 'open_menu_vitals']
PREDICTED TAGS: ['Add_task', 'open_menu_uia']
EXPECTED TOKENS: ['TEXT', 'TEXT', 'TEXT', 'TASK_NAME', 'TASK_NAME', 'TEXT', 'TEXT', 'TEXT', 'TEXT']
PREDICTED TOKENS: ['TEXT', 'TEXT', 'TEXT', 'TASK_NAME', 'TASK_NAME', 'TEXT', 'TEXT', 'TEXT', 'TEXT']
----------------------------------------
PROMPT: measure liquid loop pressure then show vitals.
EXPECTED TAGS: ['open_menu_voice_assistant', 'vitals_coolant_liquid_pressure']
PREDICTED TAGS: ['open_menu_vitals', 'vitals_coolant_liquid_pressure']
EXPECTED TOKENS: ['TEXT', 'TEXT', 'TEXT', 'TEXT', 'TEXT', 'TEXT', 'TEXT', 'TEXT', 'TEXT']
PREDICTED TOKENS: ['TEXT', 'TEXT', 'TEXT', 'TEXT', 'TEXT', 'TEXT', 'TEXT', 'TEXT', 'TEXT']
----------------------------------------
PROMPT: bring up co2 levels and then follow that with o2 partial pressure
EXPECTED TAGS: ['vitals_co2_production', 'vitals_suit_pressure_oxy']
PREDICTED TAGS: ['vitals_suit_pressure_co2', 'vitals_suit_pressure_oxy']
EXPECTED TOKENS: ['TEXT', 'TEXT', 'TEXT', 'TEXT', 'TEXT', 'TEXT', 'TEXT', 'TEXT', 'TEXT', 'TEXT', 'TEXT', 'TEXT', 'TEXT', 'TEXT']
PREDICTED TOKENS: ['TEXT', 'TEXT', 'TEXT', 'TEXT', 'TEXT', 'TEXT', 'TEXT', 'TEXT', 'TEXT', 'TEXT', 'TEXT', 'TEXT', 'TEXT', 'TEXT']
----------------------------------------
PROMPT: i need coolant pressure and also coordinates for mobile lab
EXPECTED TAGS: ['Get_coordinates', 'vitals_coolant_liquid_pressure']
PREDICTED TAGS: ['Get_coordinates', 'vitals_coolant_gas_pressure']
EXPECTED TOKENS: ['TEXT', 'TEXT', 'TEXT', 'TEXT', 'TEXT', 'TEXT', 'TEXT', 'TEXT', 'TEXT', 'COORDINATE_TARGET_NAME', 'COORDINATE_TARGET_NAME']
PREDICTED TOKENS: ['TEXT', 'TEXT', 'TEXT', 'TEXT', 'TEXT', 'TEXT', 'TEXT', 'TEXT', 'TEXT', 'COORDINATE_TARGET_NAME', 'COORDINATE_TARGET_NAME']
----------------------------------------
PROMPT: check o2 pressure and find the ltv
EXPECTED TAGS: ['Get_coordinates', 'vitals_suit_pressure_oxy']
PREDICTED TAGS: ['Get_coordinates', 'vitals_oxy_pri_pressure']
EXPECTED TOKENS: ['TEXT', 'TEXT', 'TEXT', 'TEXT', 'TEXT', 'TEXT', 'TEXT', 'COORDINATE_TARGET_NAME', 'COORDINATE_TARGET_NAME']
PREDICTED TOKENS: ['TEXT', 'TEXT', 'TEXT', 'TEXT', 'TEXT', 'TEXT', 'TEXT', 'COORDINATE_TARGET_NAME', 'COORDINATE_TARGET_NAME']
----------------------------------------
PROMPT: display route options plus show my vitals overlay
EXPECTED TAGS: ['open_menu_navigation', 'vitals_heart_rate']
PREDICTED TAGS: ['open_menu_navigation', 'open_menu_vitals']
EXPECTED TOKENS: ['TEXT', 'TEXT', 'TEXT', 'TEXT', 'TEXT', 'TEXT', 'TEXT', 'TEXT', 'TEXT', 'TEXT']
PREDICTED TOKENS: ['TEXT', 'TEXT', 'TEXT', 'TEXT', 'TEXT', 'TEXT', 'TEXT', 'TEXT', 'TEXT', 'TEXT']
----------------------------------------
PROMPT: yo check coolant pressure then reboot
EXPECTED TAGS: ['start_procedure_system_restart', 'vitals_coolant_gas_pressure']
PREDICTED TAGS: ['start_procedure_system_restart', 'vitals_coolant_liquid_pressure']
EXPECTED TOKENS: ['TEXT', 'TEXT', 'TEXT', 'TEXT', 'TEXT', 'TEXT', 'TEXT', 'TEXT']
PREDICTED TOKENS: ['TEXT', 'TEXT', 'TEXT', 'TEXT', 'TEXT', 'TEXT', 'TEXT', 'TEXT']
----------------------------------------
PROMPT: quickly show biometrics and then delete task document anomaly
EXPECTED TAGS: ['Delete_task', 'vitals_temperature']
PREDICTED TAGS: ['Delete_task']
EXPECTED TOKENS: ['TEXT', 'TEXT', 'TEXT', 'TEXT', 'TEXT', 'TEXT', 'TEXT', 'TEXT', 'TEXT', 'TEXT', 'DELETE_TASK_NAME', 'DELETE_TASK_NAME']
PREDICTED TOKENS: ['TEXT', 'TEXT', 'TEXT', 'TEXT', 'TEXT', 'TEXT', 'TEXT', 'TEXT', 'TEXT', 'TEXT', 'DELETE_TASK_NAME', 'DELETE_TASK_NAME']
----------------------------------------
PROMPT: begin repair procedure and read o2
EXPECTED TAGS: ['start_procedure_physical_repair_task', 'vitals_oxy_pri_pressure']
PREDICTED TAGS: ['start_procedure_physical_repair_task', 'vitals_suit_pressure_oxy']
EXPECTED TOKENS: ['TEXT', 'TEXT', 'TEXT', 'TEXT', 'TEXT', 'TEXT', 'TEXT']
PREDICTED TOKENS: ['TEXT', 'TEXT', 'TEXT', 'TEXT', 'TEXT', 'TEXT', 'TEXT']
----------------------------------------
PROMPT: battery time left, then coolant pressure
EXPECTED TAGS: ['vitals_batt_time_left', 'vitals_coolant_gas_pressure']
PREDICTED TAGS: ['vitals_batt_time_left', 'vitals_coolant_liquid_pressure']
EXPECTED TOKENS: ['TEXT', 'TEXT', 'TEXT', 'TEXT', 'TEXT', 'TEXT', 'TEXT', 'TEXT']
PREDICTED TOKENS: ['TEXT', 'TEXT', 'TEXT', 'TEXT', 'TEXT', 'TEXT', 'TEXT', 'TEXT']
----------------------------------------
PROMPT: fresh start procedure
EXPECTED TAGS: ['start_procedure_system_restart']
PREDICTED TAGS: ['start_procedure_physical_repair_task']
EXPECTED TOKENS: ['TEXT', 'TEXT', 'TEXT']
PREDICTED TOKENS: ['TEXT', 'TEXT', 'TEXT']
----------------------------------------
PROMPT: pressure now, after show o2
EXPECTED TAGS: ['vitals_oxy_pri_pressure', 'vitals_oxy_pri_storage']
PREDICTED TAGS: ['vitals_oxy_consumption', 'vitals_suit_pressure_oxy', 'vitals_suit_pressure_total']
EXPECTED TOKENS: ['TEXT', 'TEXT', 'TEXT', 'TEXT', 'TEXT', 'TEXT', 'TEXT']
PREDICTED TOKENS: ['TEXT', 'TEXT', 'TEXT', 'TEXT', 'TEXT', 'TEXT', 'TEXT']
----------------------------------------
PROMPT: clear : start, finish
EXPECTED TAGS: ['Delete_waypoint']
PREDICTED TAGS: []
EXPECTED TOKENS: ['TEXT', 'TEXT', 'DELETE_WAYPOINT_NAME', 'TEXT', 'DELETE_WAYPOINT_NAME']
PREDICTED TOKENS: ['TEXT', 'TEXT', 'DELETE_WAYPOINT_NAME', 'TEXT', 'COMPLETE_TASK_NAME']
----------------------------------------
PROMPT: check coolant pressure and navigate ltv
EXPECTED TAGS: ['Set_navigation_target', 'vitals_coolant_gas_pressure']
PREDICTED TAGS: ['Set_navigation_target', 'vitals_coolant_liquid_pressure']
EXPECTED TOKENS: ['TEXT', 'TEXT', 'TEXT', 'TEXT', 'TEXT', 'TEXT', 'NAVIGATION_TARGET_NAME', 'NAVIGATION_TARGET_NAME']
PREDICTED TOKENS: ['TEXT', 'TEXT', 'TEXT', 'TEXT', 'TEXT', 'TEXT', 'NAVIGATION_TARGET_NAME', 'NAVIGATION_TARGET_NAME']
----------------------------------------
PROMPT: bring up suit data and after that start a rover diagnostic scan
EXPECTED TAGS: ['start_procedure_system_diagnosis', 'vitals_suit_pressure_total']
PREDICTED TAGS: ['start_procedure_system_diagnosis']
EXPECTED TOKENS: ['TEXT', 'TEXT', 'TEXT', 'TEXT', 'TEXT', 'TEXT', 'TEXT', 'TEXT', 'TEXT', 'TEXT', 'TEXT', 'TEXT']
PREDICTED TOKENS: ['TEXT', 'TEXT', 'TEXT', 'TEXT', 'TEXT', 'TEXT', 'TEXT', 'TEXT', 'TEXT', 'TEXT', 'TEXT', 'TEXT']
----------------------------------------
PROMPT: open uia ingress then check power
EXPECTED TAGS: ['start_procedure_system_diagnosis', 'start_procedure_uia_ingress']
PREDICTED TAGS: ['start_procedure_uia_ingress', 'vitals_batt_time_left']
EXPECTED TOKENS: ['TEXT', 'TEXT', 'TEXT', 'TEXT', 'TEXT', 'TEXT', 'TEXT', 'TEXT']
PREDICTED TOKENS: ['TEXT', 'TEXT', 'TEXT', 'TEXT', 'TEXT', 'TEXT', 'TEXT', 'TEXT']
----------------------------------------
PROMPT: open vitals menu and check charge
EXPECTED TAGS: ['open_menu_voice_assistant', 'vitals_batt_time_left']
PREDICTED TAGS: ['open_menu_vitals', 'vitals_batt_time_left']
EXPECTED TOKENS: ['TEXT', 'TEXT', 'TEXT', 'TEXT', 'TEXT', 'TEXT', 'TEXT']
PREDICTED TOKENS: ['TEXT', 'TEXT', 'TEXT', 'TEXT', 'TEXT', 'TEXT', 'TEXT']
----------------------------------------
PROMPT: lemme see my vitals and run the diagnostic while you ' re at it
EXPECTED TAGS: ['open_menu_vitals', 'start_procedure_system_diagnosis']
PREDICTED TAGS: ['start_procedure_system_diagnosis']
EXPECTED TOKENS: ['TEXT', 'TEXT', 'TEXT', 'TEXT', 'TEXT', 'TEXT', 'TEXT', 'TEXT', 'TEXT', 'TEXT', 'TEXT', 'TEXT', 'TEXT', 'TEXT', 'TEXT', 'TEXT']
PREDICTED TOKENS: ['TEXT', 'TEXT', 'TEXT', 'TEXT', 'TEXT', 'TEXT', 'TEXT', 'TEXT', 'TEXT', 'TEXT', 'TEXT', 'TEXT', 'TEXT', 'TEXT', 'TEXT', 'TEXT']
----------------------------------------
PROMPT: outflow channel remove marker
EXPECTED TAGS: ['Delete_waypoint']
PREDICTED TAGS: ['Delete_waypoint']
EXPECTED TOKENS: ['DELETE_WAYPOINT_NAME', 'DELETE_WAYPOINT_NAME', 'DELETE_WAYPOINT_NAME', 'TEXT', 'TEXT']
PREDICTED TOKENS: ['DELETE_WAYPOINT_NAME', 'DELETE_WAYPOINT_NAME', 'DELETE_WAYPOINT_NAME', 'TEXT', 'DELETE_WAYPOINT_NAME']
----------------------------------------
PROMPT: status secondary fan plus o2 pressure
EXPECTED TAGS: ['vitals_fan_sec_rpm', 'vitals_suit_pressure_oxy']
PREDICTED TAGS: ['vitals_fan_sec_rpm', 'vitals_oxy_sec_pressure']
EXPECTED TOKENS: ['TEXT', 'TEXT', 'TEXT', 'TEXT', 'TEXT', 'TEXT', 'TEXT']
PREDICTED TOKENS: ['TEXT', 'TEXT', 'TEXT', 'TEXT', 'TEXT', 'TEXT', 'TEXT']
----------------------------------------
PROMPT: check systems then start uia egress
EXPECTED TAGS: ['start_procedure_final_system_checks', 'start_procedure_uia_egress']
PREDICTED TAGS: ['start_procedure_system_diagnosis', 'start_procedure_uia_egress']
EXPECTED TOKENS: ['TEXT', 'TEXT', 'TEXT', 'TEXT', 'TEXT', 'TEXT', 'TEXT', 'TEXT', 'TEXT']
PREDICTED TOKENS: ['TEXT', 'TEXT', 'TEXT', 'TEXT', 'TEXT', 'TEXT', 'TEXT', 'TEXT', 'TEXT']
----------------------------------------
PROMPT: open vitals and delete task camera alignment
EXPECTED TAGS: ['Delete_task', 'vitals_temperature']
PREDICTED TAGS: ['Delete_task', 'open_menu_vitals']
EXPECTED TOKENS: ['TEXT', 'TEXT', 'TEXT', 'TEXT', 'TEXT', 'TEXT', 'TEXT', 'DELETE_TASK_NAME', 'DELETE_TASK_NAME']
PREDICTED TOKENS: ['TEXT', 'TEXT', 'TEXT', 'TEXT', 'TEXT', 'TEXT', 'TEXT', 'DELETE_TASK_NAME', 'DELETE_TASK_NAME']
----------------------------------------
PROMPT: please check power remaining and then pull up the vitals display
EXPECTED TAGS: ['open_menu_uia', 'vitals_batt_time_left']
PREDICTED TAGS: ['open_menu_voice_assistant', 'vitals_batt_time_left']
EXPECTED TOKENS: ['TEXT', 'TEXT', 'TEXT', 'TEXT', 'TEXT', 'TEXT', 'TEXT', 'TEXT', 'TEXT', 'TEXT', 'TEXT', 'TEXT']
PREDICTED TOKENS: ['TEXT', 'TEXT', 'TEXT', 'TEXT', 'TEXT', 'TEXT', 'TEXT', 'TEXT', 'TEXT', 'TEXT', 'TEXT', 'TEXT']
----------------------------------------
PROMPT: open the suit data display and then read the coolant pressure
EXPECTED TAGS: ['open_menu_vitals', 'vitals_coolant_gas_pressure']
PREDICTED TAGS: ['open_menu_vitals', 'vitals_coolant_liquid_pressure']
EXPECTED TOKENS: ['TEXT', 'TEXT', 'TEXT', 'TEXT', 'TEXT', 'TEXT', 'TEXT', 'TEXT', 'TEXT', 'TEXT', 'TEXT', 'TEXT']
PREDICTED TOKENS: ['TEXT', 'TEXT', 'TEXT', 'TEXT', 'TEXT', 'TEXT', 'TEXT', 'TEXT', 'TEXT', 'TEXT', 'TEXT', 'TEXT']
----------------------------------------
PROMPT: need a pressure readout and also open route map
EXPECTED TAGS: ['open_menu_navigation', 'vitals_coolant_liquid_pressure']
PREDICTED TAGS: ['open_menu_navigation', 'vitals_coolant_liquid_pressure', 'vitals_suit_pressure_total']
EXPECTED TOKENS: ['TEXT', 'TEXT', 'TEXT', 'TEXT', 'TEXT', 'TEXT', 'TEXT', 'TEXT', 'TEXT', 'TEXT']
PREDICTED TOKENS: ['TEXT', 'TEXT', 'TEXT', 'TEXT', 'TEXT', 'TEXT', 'TEXT', 'TEXT', 'TEXT', 'TEXT']
----------------------------------------
PROMPT: check suit inert gas levels and coolant
EXPECTED TAGS: ['vitals_coolant_gas_pressure', 'vitals_suit_pressure_other']
PREDICTED TAGS: ['vitals_suit_pressure_other']
EXPECTED TOKENS: ['TEXT', 'TEXT', 'TEXT', 'TEXT', 'TEXT', 'TEXT', 'TEXT', 'TEXT', 'TEXT']
PREDICTED TOKENS: ['TEXT', 'TEXT', 'TEXT', 'TEXT', 'TEXT', 'TEXT', 'TEXT', 'TEXT', 'TEXT']
----------------------------------------
PROMPT: read main o2 tank psi and fan?
EXPECTED TAGS: ['vitals_fan_sec_rpm', 'vitals_oxy_pri_pressure']
PREDICTED TAGS: ['vitals_fan_pri_rpm', 'vitals_oxy_pri_pressure']
EXPECTED TOKENS: ['TEXT', 'TEXT', 'TEXT', 'TEXT', 'TEXT', 'TEXT', 'TEXT', 'TEXT', 'TEXT']
PREDICTED TOKENS: ['TEXT', 'TEXT', 'TEXT', 'TEXT', 'TEXT', 'TEXT', 'TEXT', 'TEXT', 'TEXT']
----------------------------------------
PROMPT: need suit data and set course to science cache
EXPECTED TAGS: ['Set_navigation_target', 'get_warnings']
PREDICTED TAGS: ['Set_navigation_target', 'open_menu_vitals']
EXPECTED TOKENS: ['TEXT', 'TEXT', 'TEXT', 'TEXT', 'TEXT', 'TEXT', 'TEXT', 'NAVIGATION_TARGET_NAME', 'NAVIGATION_TARGET_NAME']
PREDICTED TOKENS: ['TEXT', 'TEXT', 'TEXT', 'TEXT', 'TEXT', 'TEXT', 'TEXT', 'NAVIGATION_TARGET_NAME', 'NAVIGATION_TARGET_NAME']
----------------------------------------
PROMPT: what problems is the system detecting
EXPECTED TAGS: ['get_warnings']
PREDICTED TAGS: ['start_procedure_system_diagnosis']
EXPECTED TOKENS: ['TEXT', 'TEXT', 'TEXT', 'TEXT', 'TEXT', 'TEXT']
PREDICTED TOKENS: ['TEXT', 'TEXT', 'TEXT', 'TEXT', 'TEXT', 'TEXT']
----------------------------------------
PROMPT: start avionics restart plus display vitals
EXPECTED TAGS: ['start_procedure_system_restart', 'vitals_temperature']
PREDICTED TAGS: ['start_procedure_system_restart']
EXPECTED TOKENS: ['TEXT', 'TEXT', 'TEXT', 'TEXT', 'TEXT', 'TEXT', 'TEXT', 'TEXT', 'TEXT']
PREDICTED TOKENS: ['TEXT', 'TEXT', 'TEXT', 'TEXT', 'TEXT', 'TEXT', 'TEXT', 'TEXT', 'TEXT']
----------------------------------------
PROMPT: gimme the assistant and check co2
EXPECTED TAGS: ['open_menu_voice_assistant', 'vitals_co2_production']
PREDICTED TAGS: ['open_menu_voice_assistant', 'vitals_suit_pressure_co2']
EXPECTED TOKENS: ['TEXT', 'TEXT', 'TEXT', 'TEXT', 'TEXT', 'TEXT', 'TEXT', 'TEXT']
PREDICTED TOKENS: ['TEXT', 'TEXT', 'TEXT', 'TEXT', 'TEXT', 'TEXT', 'TEXT', 'TEXT']
----------------------------------------
PROMPT: instrument deployment site nix it
EXPECTED TAGS: ['Delete_waypoint']
PREDICTED TAGS: ['Delete_task']
EXPECTED TOKENS: ['DELETE_WAYPOINT_NAME', 'DELETE_WAYPOINT_NAME', 'DELETE_WAYPOINT_NAME', 'TEXT', 'TEXT']
PREDICTED TOKENS: ['DELETE_TASK_NAME', 'DELETE_TASK_NAME', 'DELETE_TASK_NAME', 'TEXT', 'TEXT']
----------------------------------------
PROMPT: open rover navigation panel followed by add task update waypoint coordinates next verify fix quality
EXPECTED TAGS: ['Add_task', 'open_menu_rover']
PREDICTED TAGS: ['Add_task', 'open_menu_rover']
EXPECTED TOKENS: ['TEXT', 'TEXT', 'TEXT', 'TEXT', 'TEXT', 'TEXT', 'TEXT', 'TEXT', 'TASK_NAME', 'TASK_NAME', 'TASK_NAME', 'TASK_NAME', 'TEXT', 'TEXT', 'TEXT', 'TEXT']
PREDICTED TOKENS: ['TEXT', 'TEXT', 'TEXT', 'TEXT', 'TEXT', 'TEXT', 'TEXT', 'TEXT', 'TASK_NAME', 'TASK_NAME', 'TASK_NAME', 'TASK_NAME', 'TASK_NAME', 'TASK_NAME', 'TASK_NAME', 'TASK_NAME']
----------------------------------------
PROMPT: remind me to inspect antenna and o2?
EXPECTED TAGS: ['Add_task', 'vitals_suit_pressure_oxy']
PREDICTED TAGS: ['Add_task']
EXPECTED TOKENS: ['TEXT', 'TEXT', 'TEXT', 'TASK_NAME', 'TASK_NAME', 'TEXT', 'TEXT', 'TEXT', 'TEXT']
PREDICTED TOKENS: ['TEXT', 'TEXT', 'TEXT', 'TASK_NAME', 'TASK_NAME', 'TEXT', 'TEXT', 'TEXT', 'TEXT']
----------------------------------------
PROMPT: hey show my biometrics and mark docking prep as all wrapped up
EXPECTED TAGS: ['Complete_task', 'vitals_heart_rate']
PREDICTED TAGS: ['Complete_task', 'open_menu_vitals']
EXPECTED TOKENS: ['TEXT', 'TEXT', 'TEXT', 'TEXT', 'TEXT', 'TEXT', 'TEXT', 'TEXT', 'COMPLETE_TASK_NAME', 'COMPLETE_TASK_NAME', 'TEXT', 'TEXT', 'TEXT', 'TEXT']
PREDICTED TOKENS: ['TEXT', 'TEXT', 'TEXT', 'TEXT', 'TEXT', 'TEXT', 'TEXT', 'TEXT', 'COMPLETE_TASK_NAME', 'COMPLETE_TASK_NAME', 'TEXT', 'TEXT', 'TEXT', 'TEXT']
----------------------------------------
PROMPT: what ' s my co2 and also add waypoint alpha ridge for reference
EXPECTED TAGS: ['Add_waypoint', 'vitals_co2_production']
PREDICTED TAGS: ['Add_waypoint', 'vitals_suit_pressure_co2']
EXPECTED TOKENS: ['TEXT', 'TEXT', 'TEXT', 'TEXT', 'TEXT', 'TEXT', 'TEXT', 'TEXT', 'TEXT', 'TEXT', 'TEXT', 'WAYPOINT_NAME', 'WAYPOINT_NAME', 'TEXT', 'TEXT']
PREDICTED TOKENS: ['TEXT', 'TEXT', 'TEXT', 'TEXT', 'TEXT', 'TEXT', 'TEXT', 'TEXT', 'TEXT', 'TEXT', 'TEXT', 'WAYPOINT_NAME', 'WAYPOINT_NAME', 'TEXT', 'TEXT']
----------------------------------------
PROMPT: display my suit biometrics while showing where the habitat is
EXPECTED TAGS: ['Get_coordinates', 'vitals_oxy_time_left']
PREDICTED TAGS: ['Get_coordinates', 'open_menu_tasks']
EXPECTED TOKENS: ['TEXT', 'TEXT', 'TEXT', 'TEXT', 'TEXT', 'TEXT', 'TEXT', 'TEXT', 'TEXT', 'TEXT', 'COORDINATE_TARGET_NAME', 'TEXT']
PREDICTED TOKENS: ['TEXT', 'TEXT', 'TEXT', 'TEXT', 'TEXT', 'TEXT', 'TEXT', 'TEXT', 'TEXT', 'TEXT', 'COORDINATE_TARGET_NAME', 'TEXT']
----------------------------------------
PROMPT: open biometrics and additionally run a systems health check
EXPECTED TAGS: ['open_menu_vitals', 'start_procedure_system_diagnosis']
PREDICTED TAGS: ['start_procedure_system_diagnosis']
EXPECTED TOKENS: ['TEXT', 'TEXT', 'TEXT', 'TEXT', 'TEXT', 'TEXT', 'TEXT', 'TEXT', 'TEXT', 'TEXT', 'TEXT']
PREDICTED TOKENS: ['TEXT', 'TEXT', 'TEXT', 'TEXT', 'TEXT', 'TEXT', 'TEXT', 'TEXT', 'TEXT', 'TEXT', 'TEXT']
----------------------------------------
PROMPT: mark beacon a, beacon b, and beacon c as deployed then route to command hub
EXPECTED TAGS: ['Complete_task', 'Set_navigation_target']
PREDICTED TAGS: ['Add_waypoint', 'Set_navigation_target']
EXPECTED TOKENS: ['TEXT', 'COMPLETE_TASK_NAME', 'COMPLETE_TASK_NAME', 'TEXT', 'COMPLETE_TASK_NAME', 'COMPLETE_TASK_NAME', 'TEXT', 'TEXT', 'COMPLETE_TASK_NAME', 'COMPLETE_TASK_NAME', 'TEXT', 'TEXT', 'TEXT', 'TEXT', 'TEXT', 'NAVIGATION_TARGET_NAME', 'NAVIGATION_TARGET_NAME']
PREDICTED TOKENS: ['TEXT', 'WAYPOINT_NAME', 'WAYPOINT_NAME', 'TEXT', 'WAYPOINT_NAME', 'WAYPOINT_NAME', 'TEXT', 'TEXT', 'WAYPOINT_NAME', 'WAYPOINT_NAME', 'TEXT', 'TEXT', 'TEXT', 'TEXT', 'TEXT', 'NAVIGATION_TARGET_NAME', 'NAVIGATION_TARGET_NAME']
----------------------------------------
PROMPT: monitor co2 then give me the remaining o2 time next.
EXPECTED TAGS: ['vitals_oxy_time_left', 'vitals_suit_pressure_co2']
PREDICTED TAGS: ['vitals_co2_production', 'vitals_oxy_time_left']
EXPECTED TOKENS: ['TEXT', 'TEXT', 'TEXT', 'TEXT', 'TEXT', 'TEXT', 'TEXT', 'TEXT', 'TEXT', 'TEXT', 'TEXT', 'TEXT', 'TEXT']
PREDICTED TOKENS: ['TEXT', 'TEXT', 'TEXT', 'TEXT', 'TEXT', 'TEXT', 'TEXT', 'TEXT', 'TEXT', 'TEXT', 'TEXT', 'TEXT', 'TEXT']
----------------------------------------
PROMPT: show suit co2 and mark sample collection task
EXPECTED TAGS: ['Complete_task', 'vitals_suit_pressure_co2']
PREDICTED TAGS: ['Complete_task', 'vitals_suit_pressure_co2']
EXPECTED TOKENS: ['TEXT', 'TEXT', 'TEXT', 'TEXT', 'TEXT', 'TEXT', 'COMPLETE_TASK_NAME', 'COMPLETE_TASK_NAME', 'TEXT']
PREDICTED TOKENS: ['TEXT', 'TEXT', 'TEXT', 'TEXT', 'TEXT', 'TEXT', 'COMPLETE_TASK_NAME', 'COMPLETE_TASK_NAME', 'COMPLETE_TASK_NAME']
----------------------------------------
PROMPT: hey, pull up my helmet co2 and also the fan rpm
EXPECTED TAGS: ['vitals_fan_pri_rpm', 'vitals_helmet_pressure_co2']
PREDICTED TAGS: ['vitals_fan_sec_rpm', 'vitals_helmet_pressure_co2']
EXPECTED TOKENS: ['TEXT', 'TEXT', 'TEXT', 'TEXT', 'TEXT', 'TEXT', 'TEXT', 'TEXT', 'TEXT', 'TEXT', 'TEXT', 'TEXT', 'TEXT']
PREDICTED TOKENS: ['TEXT', 'TEXT', 'TEXT', 'TEXT', 'TEXT', 'TEXT', 'TEXT', 'TEXT', 'TEXT', 'TEXT', 'TEXT', 'TEXT', 'TEXT']
----------------------------------------
PROMPT: check pressure while pulling vitals
EXPECTED TAGS: ['open_menu_vitals', 'vitals_suit_pressure_total']
PREDICTED TAGS: ['open_menu_vitals', 'vitals_coolant_liquid_pressure', 'vitals_suit_pressure_total']
EXPECTED TOKENS: ['TEXT', 'TEXT', 'TEXT', 'TEXT', 'TEXT', 'TEXT']
PREDICTED TOKENS: ['TEXT', 'TEXT', 'TEXT', 'TEXT', 'TEXT', 'TEXT']
----------------------------------------
PROMPT: run final check and show o2
EXPECTED TAGS: ['start_procedure_final_system_checks', 'vitals_oxy_pri_storage']
PREDICTED TAGS: ['start_procedure_final_system_checks']
EXPECTED TOKENS: ['TEXT', 'TEXT', 'TEXT', 'TEXT', 'TEXT', 'TEXT', 'TEXT']
PREDICTED TOKENS: ['TEXT', 'TEXT', 'TEXT', 'TEXT', 'TEXT', 'TEXT', 'TEXT']
----------------------------------------
PROMPT: check coolant gas pressure and primary o2
EXPECTED TAGS: ['vitals_coolant_gas_pressure', 'vitals_oxy_pri_storage']
PREDICTED TAGS: ['vitals_coolant_gas_pressure', 'vitals_oxy_pri_pressure', 'vitals_oxy_pri_storage']
EXPECTED TOKENS: ['TEXT', 'TEXT', 'TEXT', 'TEXT', 'TEXT', 'TEXT', 'TEXT', 'TEXT', 'TEXT']
PREDICTED TOKENS: ['TEXT', 'TEXT', 'TEXT', 'TEXT', 'TEXT', 'TEXT', 'TEXT', 'TEXT', 'TEXT']
----------------------------------------
PROMPT: surface walk end
EXPECTED TAGS: ['start_procedure_uia_ingress']
PREDICTED TAGS: ['start_procedure_uia_egress']
EXPECTED TOKENS: ['TEXT', 'TEXT', 'TEXT']
PREDICTED TOKENS: ['TEXT', 'TEXT', 'TEXT']
----------------------------------------
PROMPT: delete the navigation marker ranger and before you start the repair, please display the ar checklist for bolts and seals
EXPECTED TAGS: ['Delete_waypoint', 'start_procedure_physical_repair_task']
PREDICTED TAGS: ['Delete_waypoint', 'start_procedure_physical_repair_task']
EXPECTED TOKENS: ['TEXT', 'TEXT', 'TEXT', 'TEXT', 'TEXT', 'DELETE_WAYPOINT_NAME', 'TEXT', 'TEXT', 'TEXT', 'TEXT', 'TEXT', 'TEXT', 'TEXT', 'TEXT', 'TEXT', 'TEXT', 'TEXT', 'TEXT', 'TEXT', 'TEXT', 'TEXT', 'TEXT', 'TEXT']
PREDICTED TOKENS: ['TEXT', 'TEXT', 'TEXT', 'DELETE_WAYPOINT_NAME', 'TEXT', 'DELETE_WAYPOINT_NAME', 'TEXT', 'TEXT', 'TEXT', 'TEXT', 'TEXT', 'TEXT', 'TEXT', 'TEXT', 'TEXT', 'TEXT', 'TEXT', 'TEXT', 'TEXT', 'TEXT', 'TEXT', 'TEXT', 'TEXT']
----------------------------------------
PROMPT: start final system check then report o2
EXPECTED TAGS: ['start_procedure_final_system_checks', 'vitals_oxy_time_left']
PREDICTED TAGS: ['start_procedure_final_system_checks', 'vitals_oxy_pri_pressure', 'vitals_suit_pressure_oxy']
EXPECTED TOKENS: ['TEXT', 'TEXT', 'TEXT', 'TEXT', 'TEXT', 'TEXT', 'TEXT', 'TEXT']
PREDICTED TOKENS: ['TEXT', 'TEXT', 'TEXT', 'TEXT', 'TEXT', 'TEXT', 'TEXT', 'TEXT']
----------------------------------------
PROMPT: bring up my to - do list while checking fan rpm
EXPECTED TAGS: ['open_menu_tasks', 'vitals_fan_pri_rpm']
PREDICTED TAGS: ['open_menu_tasks']
EXPECTED TOKENS: ['TEXT', 'TEXT', 'TEXT', 'TEXT', 'TEXT', 'TEXT', 'TEXT', 'TEXT', 'TEXT', 'TEXT', 'TEXT']
PREDICTED TOKENS: ['TEXT', 'TEXT', 'TEXT', 'TEXT', 'TEXT', 'TEXT', 'TEXT', 'TEXT', 'TEXT', 'TEXT', 'TEXT']
----------------------------------------
PROMPT: delete the marker charlie meanwhile hide the menu and then reroute my nav, please
EXPECTED TAGS: ['Delete_waypoint', 'close_menu']
PREDICTED TAGS: ['Delete_waypoint', 'close_menu', 'reroute_navigation']
EXPECTED TOKENS: ['TEXT', 'TEXT', 'TEXT', 'TEXT', 'DELETE_WAYPOINT_NAME', 'TEXT', 'TEXT', 'TEXT', 'TEXT', 'TEXT', 'TEXT', 'TEXT', 'TEXT', 'TEXT', 'TEXT', 'TEXT', 'TEXT', 'TEXT', 'TEXT']
PREDICTED TOKENS: ['TEXT', 'TEXT', 'TEXT', 'TEXT', 'DELETE_WAYPOINT_NAME', 'TEXT', 'TEXT', 'TEXT', 'TEXT', 'TEXT', 'TEXT', 'TEXT', 'TEXT', 'TEXT', 'TEXT', 'TEXT', 'TEXT', 'TEXT', 'TEXT']
----------------------------------------
PROMPT: fan rpm check plus open pr dashboard.
EXPECTED TAGS: ['open_menu_rover', 'vitals_fan_pri_rpm']
PREDICTED TAGS: ['open_menu_rover', 'vitals_fan_sec_rpm']
EXPECTED TOKENS: ['TEXT', 'TEXT', 'TEXT', 'TEXT', 'TEXT', 'TEXT', 'TEXT', 'TEXT']
PREDICTED TOKENS: ['TEXT', 'TEXT', 'TEXT', 'TEXT', 'TEXT', 'TEXT', 'TEXT', 'TEXT']
----------------------------------------
PROMPT: but first verify the coolant loop pressure and then also provide the primary o2 tank status
EXPECTED TAGS: ['vitals_coolant_gas_pressure', 'vitals_oxy_pri_storage']
PREDICTED TAGS: ['vitals_coolant_liquid_pressure', 'vitals_oxy_pri_storage']
EXPECTED TOKENS: ['TEXT', 'TEXT', 'TEXT', 'TEXT', 'TEXT', 'TEXT', 'TEXT', 'TEXT', 'TEXT', 'TEXT', 'TEXT', 'TEXT', 'TEXT', 'TEXT', 'TEXT', 'TEXT', 'TEXT', 'TEXT']
PREDICTED TOKENS: ['TEXT', 'TEXT', 'TEXT', 'TEXT', 'TEXT', 'TEXT', 'TEXT', 'TEXT', 'TEXT', 'TEXT', 'TEXT', 'TEXT', 'TEXT', 'TEXT', 'TEXT', 'TEXT', 'TEXT', 'TEXT']
----------------------------------------
PROMPT: please provide o2 pressure and then open the transcription display
EXPECTED TAGS: ['open_menu_voice_assistant', 'vitals_oxy_pri_pressure']
PREDICTED TAGS: ['open_menu_voice_assistant', 'vitals_suit_pressure_oxy']
EXPECTED TOKENS: ['TEXT', 'TEXT', 'TEXT', 'TEXT', 'TEXT', 'TEXT', 'TEXT', 'TEXT', 'TEXT', 'TEXT', 'TEXT']
PREDICTED TOKENS: ['TEXT', 'TEXT', 'TEXT', 'TEXT', 'TEXT', 'TEXT', 'TEXT', 'TEXT', 'TEXT', 'TEXT', 'TEXT']
----------------------------------------
PROMPT: set destination base and o2 status
EXPECTED TAGS: ['Set_navigation_target', 'vitals_oxy_pri_storage']
PREDICTED TAGS: ['Set_navigation_target']
EXPECTED TOKENS: ['TEXT', 'TEXT', 'NAVIGATION_TARGET_NAME', 'TEXT', 'TEXT', 'TEXT', 'TEXT']
PREDICTED TOKENS: ['TEXT', 'TEXT', 'NAVIGATION_TARGET_NAME', 'TEXT', 'TEXT', 'TEXT', 'TEXT']
----------------------------------------
PROMPT: bring up vitals and initiate erm
EXPECTED TAGS: ['open_menu_vitals', 'start_procedure_erm']
PREDICTED TAGS: ['open_menu_vitals', 'start_procedure_erm', 'vitals_temperature']
EXPECTED TOKENS: ['TEXT', 'TEXT', 'TEXT', 'TEXT', 'TEXT', 'TEXT', 'TEXT', 'TEXT']
PREDICTED TOKENS: ['TEXT', 'TEXT', 'TEXT', 'TEXT', 'TEXT', 'TEXT', 'TEXT', 'TEXT']
----------------------------------------
PROMPT: bring up sampling tools and show pressure
EXPECTED TAGS: ['open_menu_geosamples', 'vitals_coolant_gas_pressure']
PREDICTED TAGS: ['open_menu_geosamples', 'vitals_suit_pressure_total']
EXPECTED TOKENS: ['TEXT', 'TEXT', 'TEXT', 'TEXT', 'TEXT', 'TEXT', 'TEXT']
PREDICTED TOKENS: ['TEXT', 'TEXT', 'TEXT', 'TEXT', 'TEXT', 'TEXT', 'TEXT']
----------------------------------------
PROMPT: open rover and check o2 pressure
EXPECTED TAGS: ['open_menu_rover', 'vitals_oxy_sec_pressure']
PREDICTED TAGS: ['open_menu_rover', 'vitals_oxy_pri_pressure']
EXPECTED TOKENS: ['TEXT', 'TEXT', 'TEXT', 'TEXT', 'TEXT', 'TEXT', 'TEXT']
PREDICTED TOKENS: ['TEXT', 'TEXT', 'TEXT', 'TEXT', 'TEXT', 'TEXT', 'TEXT']
----------------------------------------
PROMPT: show me the secondary oxygen pressure
EXPECTED TAGS: ['vitals_oxy_sec_pressure']
PREDICTED TAGS: ['vitals_oxy_sec_pressure', 'vitals_oxy_sec_storage']
EXPECTED TOKENS: ['TEXT', 'TEXT', 'TEXT', 'TEXT', 'TEXT', 'TEXT']
PREDICTED TOKENS: ['TEXT', 'TEXT', 'TEXT', 'TEXT', 'TEXT', 'TEXT']
----------------------------------------
PROMPT: mark waypoint gamma then show vitals
EXPECTED TAGS: ['Add_waypoint', 'vitals_batt_time_left']
PREDICTED TAGS: ['Add_waypoint', 'open_menu_vitals']
EXPECTED TOKENS: ['TEXT', 'TEXT', 'TEXT', 'WAYPOINT_NAME', 'TEXT', 'TEXT', 'TEXT', 'TEXT']
PREDICTED TOKENS: ['TEXT', 'TEXT', 'TEXT', 'WAYPOINT_NAME', 'TEXT', 'TEXT', 'TEXT', 'TEXT']
----------------------------------------
PROMPT: redirect navigation to the secondary checkpoint and also open the suit biometrics readout for monitoring
EXPECTED TAGS: ['reroute_navigation', 'vitals_heart_rate']
PREDICTED TAGS: ['reroute_navigation']
EXPECTED TOKENS: ['TEXT', 'TEXT', 'TEXT', 'TEXT', 'TEXT', 'TEXT', 'TEXT', 'TEXT', 'TEXT', 'TEXT', 'TEXT', 'TEXT', 'TEXT', 'TEXT', 'TEXT', 'TEXT', 'TEXT', 'TEXT', 'TEXT', 'TEXT']
PREDICTED TOKENS: ['TEXT', 'TEXT', 'TEXT', 'TEXT', 'TEXT', 'TEXT', 'TEXT', 'TEXT', 'TEXT', 'TEXT', 'TEXT', 'TEXT', 'TEXT', 'TEXT', 'TEXT', 'TEXT', 'TEXT', 'TEXT', 'TEXT', 'TEXT']
----------------------------------------
PROMPT: close task 1 and close task 2
EXPECTED TAGS: ['Complete_task']
PREDICTED TAGS: ['Complete_task']
EXPECTED TOKENS: ['TEXT', 'TEXT', 'COMPLETE_TASK_NAME', 'TEXT', 'TEXT', 'TEXT', 'COMPLETE_TASK_NAME']
PREDICTED TOKENS: ['TEXT', 'COMPLETE_TASK_NAME', 'COMPLETE_TASK_NAME', 'TEXT', 'TEXT', 'TEXT', 'COMPLETE_TASK_NAME']
----------------------------------------
PROMPT: yo check coolant pressure and then tell warnings
EXPECTED TAGS: ['get_warnings', 'vitals_coolant_gas_pressure']
PREDICTED TAGS: ['get_warnings', 'vitals_coolant_liquid_pressure']
EXPECTED TOKENS: ['TEXT', 'TEXT', 'TEXT', 'TEXT', 'TEXT', 'TEXT', 'TEXT', 'TEXT', 'TEXT']
PREDICTED TOKENS: ['TEXT', 'TEXT', 'TEXT', 'TEXT', 'TEXT', 'TEXT', 'TEXT', 'TEXT', 'TEXT']
----------------------------------------
PROMPT: gimme suit battery status and pull up repair instructions
EXPECTED TAGS: ['start_procedure_physical_repair_task', 'vitals_batt_time_left']
PREDICTED TAGS: ['open_menu_vitals', 'start_procedure_physical_repair_task']
EXPECTED TOKENS: ['TEXT', 'TEXT', 'TEXT', 'TEXT', 'TEXT', 'TEXT', 'TEXT', 'TEXT', 'TEXT', 'TEXT']
PREDICTED TOKENS: ['TEXT', 'TEXT', 'TEXT', 'TEXT', 'TEXT', 'TEXT', 'TEXT', 'TEXT', 'TEXT', 'TEXT']
----------------------------------------
PROMPT: hey, wake the ltv with erm and also display the fan rpm
EXPECTED TAGS: ['start_procedure_erm', 'vitals_fan_pri_rpm']
PREDICTED TAGS: ['start_procedure_erm', 'vitals_fan_sec_rpm']
EXPECTED TOKENS: ['TEXT', 'TEXT', 'TEXT', 'TEXT', 'TEXT', 'TEXT', 'TEXT', 'TEXT', 'TEXT', 'TEXT', 'TEXT', 'TEXT', 'TEXT', 'TEXT', 'TEXT']
PREDICTED TOKENS: ['TEXT', 'TEXT', 'TEXT', 'TEXT', 'TEXT', 'TEXT', 'TEXT', 'TEXT', 'TEXT', 'TEXT', 'TEXT', 'TEXT', 'TEXT', 'TEXT', 'TEXT']
----------------------------------------
PROMPT: read my co2 levels as well as initiate the start procedure for the navigation module
EXPECTED TAGS: ['start_procedure_system_restart', 'vitals_suit_pressure_co2']
PREDICTED TAGS: ['vitals_suit_pressure_co2']
EXPECTED TOKENS: ['TEXT', 'TEXT', 'TEXT', 'TEXT', 'TEXT', 'TEXT', 'TEXT', 'TEXT', 'TEXT', 'TEXT', 'TEXT', 'TEXT', 'TEXT', 'TEXT', 'TEXT', 'TEXT']
PREDICTED TOKENS: ['TEXT', 'TEXT', 'TEXT', 'TEXT', 'TEXT', 'TEXT', 'TEXT', 'TEXT', 'TEXT', 'TEXT', 'TEXT', 'TEXT', 'TEXT', 'TEXT', 'TEXT', 'TEXT']
----------------------------------------
PROMPT: open inbox then display o2 pressure
EXPECTED TAGS: ['open_menu_messaging', 'vitals_suit_pressure_oxy']
PREDICTED TAGS: ['open_menu_messaging', 'vitals_oxy_pri_pressure']
EXPECTED TOKENS: ['TEXT', 'TEXT', 'TEXT', 'TEXT', 'TEXT', 'TEXT', 'TEXT', 'TEXT']
PREDICTED TOKENS: ['TEXT', 'TEXT', 'TEXT', 'TEXT', 'TEXT', 'TEXT', 'TEXT', 'TEXT']
----------------------------------------
PROMPT: lemme see the uia controls and then check the coolant pressure, and then report back any discrepancies
EXPECTED TAGS: ['open_menu_uia', 'vitals_coolant_gas_pressure']
PREDICTED TAGS: ['open_menu_uia', 'vitals_coolant_liquid_pressure']
EXPECTED TOKENS: ['TEXT', 'TEXT', 'TEXT', 'TEXT', 'TEXT', 'TEXT', 'TEXT', 'TEXT', 'TEXT', 'TEXT', 'TEXT', 'TEXT', 'TEXT', 'TEXT', 'TEXT', 'TEXT', 'TEXT', 'TEXT', 'TEXT', 'TEXT', 'TEXT', 'TEXT', 'TEXT', 'TEXT']
PREDICTED TOKENS: ['TEXT', 'TEXT', 'TEXT', 'TEXT', 'TEXT', 'TEXT', 'TEXT', 'TEXT', 'TEXT', 'TEXT', 'TEXT', 'TEXT', 'TEXT', 'TEXT', 'TEXT', 'TEXT', 'TEXT', 'TEXT', 'TEXT', 'TEXT', 'TEXT', 'TEXT', 'TEXT', 'TEXT']
----------------------------------------
PROMPT: done outside time to go in
EXPECTED TAGS: ['start_procedure_uia_ingress']
PREDICTED TAGS: []
EXPECTED TOKENS: ['TEXT', 'TEXT', 'TEXT', 'TEXT', 'TEXT', 'TEXT']
PREDICTED TOKENS: ['TEXT', 'COMPLETE_TASK_NAME', 'TEXT', 'TEXT', 'TEXT', 'TEXT']
----------------------------------------
PROMPT: open nav now and check o2
EXPECTED TAGS: ['open_menu_navigation', 'vitals_oxy_consumption']
PREDICTED TAGS: ['open_menu_navigation']
EXPECTED TOKENS: ['TEXT', 'TEXT', 'TEXT', 'TEXT', 'TEXT', 'TEXT', 'TEXT', 'TEXT']
PREDICTED TOKENS: ['TEXT', 'TEXT', 'TEXT', 'TEXT', 'TEXT', 'TEXT', 'TEXT', 'TEXT']
----------------------------------------
PROMPT: after checking o2, show route to science lab
EXPECTED TAGS: ['Set_navigation_target', 'vitals_oxy_time_left']
PREDICTED TAGS: ['Set_navigation_target', 'vitals_oxy_pri_pressure']
EXPECTED TOKENS: ['TEXT', 'TEXT', 'TEXT', 'TEXT', 'TEXT', 'TEXT', 'TEXT', 'TEXT', 'NAVIGATION_TARGET_NAME', 'NAVIGATION_TARGET_NAME']
PREDICTED TOKENS: ['TEXT', 'TEXT', 'TEXT', 'TEXT', 'TEXT', 'TEXT', 'TEXT', 'TEXT', 'NAVIGATION_TARGET_NAME', 'NAVIGATION_TARGET_NAME']
----------------------------------------
PROMPT: pull up task list and then remove battery check entry
EXPECTED TAGS: ['Delete_task', 'open_menu_tasks']
PREDICTED TAGS: ['Delete_task', 'open_menu_tasks']
EXPECTED TOKENS: ['TEXT', 'TEXT', 'TEXT', 'TEXT', 'TEXT', 'TEXT', 'TEXT', 'DELETE_TASK_NAME', 'DELETE_TASK_NAME', 'TEXT']
PREDICTED TOKENS: ['TEXT', 'TEXT', 'TEXT', 'TEXT', 'TEXT', 'TEXT', 'TEXT', 'DELETE_TASK_NAME', 'DELETE_TASK_NAME', 'DELETE_TASK_NAME']
----------------------------------------
PROMPT: delete marker base and then show me suit vitals please
EXPECTED TAGS: ['Delete_waypoint', 'open_menu_vitals']
PREDICTED TAGS: ['Delete_waypoint']
EXPECTED TOKENS: ['TEXT', 'TEXT', 'TEXT', 'DELETE_WAYPOINT_NAME', 'TEXT', 'TEXT', 'TEXT', 'TEXT', 'TEXT', 'TEXT', 'TEXT', 'TEXT']
PREDICTED TOKENS: ['TEXT', 'TEXT', 'TEXT', 'DELETE_WAYPOINT_NAME', 'TEXT', 'TEXT', 'TEXT', 'TEXT', 'TEXT', 'TEXT', 'TEXT', 'TEXT']
----------------------------------------
PROMPT: show vitals and remove depot
EXPECTED TAGS: ['Delete_waypoint', 'open_menu_vitals']
PREDICTED TAGS: ['Delete_waypoint', 'open_menu_tasks', 'open_menu_vitals']
EXPECTED TOKENS: ['TEXT', 'TEXT', 'TEXT', 'TEXT', 'TEXT', 'DELETE_WAYPOINT_NAME']
PREDICTED TOKENS: ['TEXT', 'TEXT', 'TEXT', 'TEXT', 'TEXT', 'DELETE_WAYPOINT_NAME']
----------------------------------------
PROMPT: gimme fan rpm and start erm
EXPECTED TAGS: ['start_procedure_erm', 'vitals_fan_sec_rpm']
PREDICTED TAGS: ['start_procedure_erm', 'vitals_fan_pri_rpm']
EXPECTED TOKENS: ['TEXT', 'TEXT', 'TEXT', 'TEXT', 'TEXT', 'TEXT', 'TEXT', 'TEXT']
PREDICTED TOKENS: ['TEXT', 'TEXT', 'TEXT', 'TEXT', 'TEXT', 'TEXT', 'TEXT', 'TEXT']
----------------------------------------
PROMPT: report suit pressure then fan rpm
EXPECTED TAGS: ['vitals_fan_sec_rpm', 'vitals_suit_pressure_total']
PREDICTED TAGS: ['vitals_fan_pri_rpm', 'vitals_suit_pressure_total']
EXPECTED TOKENS: ['TEXT', 'TEXT', 'TEXT', 'TEXT', 'TEXT', 'TEXT']
PREDICTED TOKENS: ['TEXT', 'TEXT', 'TEXT', 'TEXT', 'TEXT', 'TEXT']
----------------------------------------
PROMPT: report oxygen then suit total
EXPECTED TAGS: ['vitals_suit_pressure_oxy', 'vitals_suit_pressure_total']
PREDICTED TAGS: ['vitals_oxy_consumption', 'vitals_suit_pressure_total']
EXPECTED TOKENS: ['TEXT', 'TEXT', 'TEXT', 'TEXT', 'TEXT']
PREDICTED TOKENS: ['TEXT', 'TEXT', 'TEXT', 'TEXT', 'TEXT']
----------------------------------------
PROMPT: could you display co2 pressure and then also bring up o2?
EXPECTED TAGS: ['vitals_suit_pressure_co2', 'vitals_suit_pressure_oxy']
PREDICTED TAGS: ['vitals_oxy_pri_storage', 'vitals_suit_pressure_co2']
EXPECTED TOKENS: ['TEXT', 'TEXT', 'TEXT', 'TEXT', 'TEXT', 'TEXT', 'TEXT', 'TEXT', 'TEXT', 'TEXT', 'TEXT', 'TEXT', 'TEXT', 'TEXT']
PREDICTED TOKENS: ['TEXT', 'TEXT', 'TEXT', 'TEXT', 'TEXT', 'TEXT', 'TEXT', 'TEXT', 'TEXT', 'TEXT', 'TEXT', 'TEXT', 'TEXT', 'TEXT']
----------------------------------------
PROMPT: next, verify the secondary oxygen gauge reading and then open up the navigation coordinates for beacon 7 on screen
EXPECTED TAGS: ['Get_coordinates', 'vitals_oxy_sec_pressure']
PREDICTED TAGS: ['Get_coordinates', 'vitals_oxy_sec_storage']
EXPECTED TOKENS: ['TEXT', 'TEXT', 'TEXT', 'TEXT', 'TEXT', 'TEXT', 'TEXT', 'TEXT', 'TEXT', 'TEXT', 'TEXT', 'TEXT', 'TEXT', 'TEXT', 'TEXT', 'TEXT', 'COORDINATE_TARGET_NAME', 'COORDINATE_TARGET_NAME', 'TEXT', 'TEXT']
PREDICTED TOKENS: ['TEXT', 'TEXT', 'TEXT', 'TEXT', 'TEXT', 'TEXT', 'TEXT', 'TEXT', 'TEXT', 'TEXT', 'TEXT', 'TEXT', 'TEXT', 'TEXT', 'TEXT', 'TEXT', 'COORDINATE_TARGET_NAME', 'COORDINATE_TARGET_NAME', 'TEXT', 'TEXT']
----------------------------------------
PROMPT: what ' s my main o2, remove home
EXPECTED TAGS: ['Delete_waypoint', 'vitals_oxy_pri_storage']
PREDICTED TAGS: ['Delete_waypoint', 'vitals_oxy_pri_pressure', 'vitals_oxy_pri_storage']
EXPECTED TOKENS: ['TEXT', 'TEXT', 'TEXT', 'TEXT', 'TEXT', 'TEXT', 'TEXT', 'TEXT', 'TEXT', 'DELETE_WAYPOINT_NAME']
PREDICTED TOKENS: ['TEXT', 'TEXT', 'TEXT', 'TEXT', 'TEXT', 'TEXT', 'TEXT', 'TEXT', 'TEXT', 'DELETE_WAYPOINT_NAME']
----------------------------------------
PROMPT: reroute to base plus show oxygen
EXPECTED TAGS: ['reroute_navigation', 'vitals_oxy_time_left']
PREDICTED TAGS: ['reroute_navigation', 'vitals_oxy_consumption']
EXPECTED TOKENS: ['TEXT', 'TEXT', 'TEXT', 'TEXT', 'TEXT', 'TEXT', 'TEXT', 'TEXT']
PREDICTED TOKENS: ['TEXT', 'TEXT', 'TEXT', 'TEXT', 'TEXT', 'TEXT', 'TEXT', 'TEXT']
----------------------------------------
PROMPT: i need to know total battery minutes left, and then open the vitals menu followed by showing biometrics
EXPECTED TAGS: ['open_menu_voice_assistant', 'vitals_batt_time_left']
PREDICTED TAGS: ['vitals_batt_time_left']
EXPECTED TOKENS: ['TEXT', 'TEXT', 'TEXT', 'TEXT', 'TEXT', 'TEXT', 'TEXT', 'TEXT', 'TEXT', 'TEXT', 'TEXT', 'TEXT', 'TEXT', 'TEXT', 'TEXT', 'TEXT', 'TEXT', 'TEXT', 'TEXT', 'TEXT', 'TEXT', 'TEXT']
PREDICTED TOKENS: ['TEXT', 'TEXT', 'TEXT', 'TEXT', 'TEXT', 'TEXT', 'TEXT', 'TEXT', 'TEXT', 'TEXT', 'TEXT', 'TEXT', 'TEXT', 'TEXT', 'TEXT', 'TEXT', 'TEXT', 'TEXT', 'TEXT', 'TEXT', 'TEXT', 'TEXT']
----------------------------------------
PROMPT: scan coolant lines and then report secondary oxygen tank pressure
EXPECTED TAGS: ['vitals_coolant_storage', 'vitals_oxy_sec_storage']
PREDICTED TAGS: ['vitals_coolant_storage', 'vitals_oxy_sec_pressure']
EXPECTED TOKENS: ['TEXT', 'TEXT', 'TEXT', 'TEXT', 'TEXT', 'TEXT', 'TEXT', 'TEXT', 'TEXT', 'TEXT', 'TEXT']
PREDICTED TOKENS: ['TEXT', 'TEXT', 'TEXT', 'TEXT', 'TEXT', 'TEXT', 'TEXT', 'TEXT', 'TEXT', 'TEXT', 'TEXT']
----------------------------------------
PROMPT: check helmet co2 concentration in addition and then set destination to storage module
EXPECTED TAGS: ['Set_navigation_target', 'vitals_suit_pressure_co2']
PREDICTED TAGS: ['Set_navigation_target', 'vitals_helmet_pressure_co2']
EXPECTED TOKENS: ['TEXT', 'TEXT', 'TEXT', 'TEXT', 'TEXT', 'TEXT', 'TEXT', 'TEXT', 'TEXT', 'TEXT', 'TEXT', 'TEXT', 'NAVIGATION_TARGET_NAME', 'NAVIGATION_TARGET_NAME']
PREDICTED TOKENS: ['TEXT', 'TEXT', 'TEXT', 'TEXT', 'TEXT', 'TEXT', 'TEXT', 'TEXT', 'TEXT', 'TEXT', 'TEXT', 'TEXT', 'NAVIGATION_TARGET_NAME', 'NAVIGATION_TARGET_NAME']
----------------------------------------
PROMPT: tag supply drop 7 and then open my biometrics readout
EXPECTED TAGS: ['Add_waypoint', 'vitals_oxy_consumption']
PREDICTED TAGS: ['Add_waypoint', 'vitals_temperature']
EXPECTED TOKENS: ['TEXT', 'WAYPOINT_NAME', 'WAYPOINT_NAME', 'WAYPOINT_NAME', 'TEXT', 'TEXT', 'TEXT', 'TEXT', 'TEXT', 'TEXT', 'TEXT', 'TEXT', 'TEXT']
PREDICTED TOKENS: ['TEXT', 'WAYPOINT_NAME', 'WAYPOINT_NAME', 'WAYPOINT_NAME', 'TEXT', 'TEXT', 'TEXT', 'TEXT', 'TEXT', 'TEXT', 'TEXT', 'TEXT', 'TEXT']
----------------------------------------
PROMPT: remove cargo node and check coolant
EXPECTED TAGS: ['Delete_waypoint', 'vitals_coolant_storage']
PREDICTED TAGS: ['Delete_waypoint']
EXPECTED TOKENS: ['TEXT', 'DELETE_WAYPOINT_NAME', 'DELETE_WAYPOINT_NAME', 'TEXT', 'TEXT', 'TEXT', 'TEXT']
PREDICTED TOKENS: ['TEXT', 'DELETE_WAYPOINT_NAME', 'DELETE_WAYPOINT_NAME', 'TEXT', 'TEXT', 'TEXT', 'TEXT']
----------------------------------------
PROMPT: please mark oxygen gauge calibration next and show co2 readout
EXPECTED TAGS: ['Complete_task', 'vitals_helmet_pressure_co2']
PREDICTED TAGS: ['Complete_task', 'vitals_co2_production']
EXPECTED TOKENS: ['TEXT', 'TEXT', 'COMPLETE_TASK_NAME', 'COMPLETE_TASK_NAME', 'COMPLETE_TASK_NAME', 'COMPLETE_TASK_NAME', 'COMPLETE_TASK_NAME', 'TEXT', 'TEXT', 'TEXT', 'TEXT', 'TEXT', 'TEXT', 'TEXT']
PREDICTED TOKENS: ['TEXT', 'TEXT', 'COMPLETE_TASK_NAME', 'COMPLETE_TASK_NAME', 'COMPLETE_TASK_NAME', 'COMPLETE_TASK_NAME', 'COMPLETE_TASK_NAME', 'TEXT', 'TEXT', 'TEXT', 'TEXT', 'TEXT', 'TEXT', 'TEXT']
----------------------------------------
PROMPT: delete waypoint medicalcache and pull up o2
EXPECTED TAGS: ['Delete_waypoint', 'vitals_suit_pressure_oxy']
PREDICTED TAGS: ['Delete_waypoint', 'vitals_oxy_pri_pressure']
EXPECTED TOKENS: ['TEXT', 'TEXT', 'TEXT', 'TEXT', 'DELETE_WAYPOINT_NAME', 'DELETE_WAYPOINT_NAME', 'DELETE_WAYPOINT_NAME', 'TEXT', 'TEXT', 'TEXT', 'TEXT', 'TEXT']
PREDICTED TOKENS: ['TEXT', 'TEXT', 'TEXT', 'TEXT', 'DELETE_WAYPOINT_NAME', 'DELETE_WAYPOINT_NAME', 'DELETE_WAYPOINT_NAME', 'TEXT', 'TEXT', 'TEXT', 'TEXT', 'TEXT']
----------------------------------------
PROMPT: read co2 and then add task inspect solar array before eva ends
EXPECTED TAGS: ['Add_task', 'vitals_suit_pressure_co2']
PREDICTED TAGS: ['Add_task', 'vitals_suit_pressure_co2']
EXPECTED TOKENS: ['TEXT', 'TEXT', 'TEXT', 'TEXT', 'TEXT', 'TEXT', 'TEXT', 'TASK_NAME', 'TASK_NAME', 'TASK_NAME', 'TEXT', 'TEXT', 'TEXT']
PREDICTED TOKENS: ['TEXT', 'TEXT', 'TEXT', 'TEXT', 'TEXT', 'TEXT', 'TEXT', 'TASK_NAME', 'TASK_NAME', 'TASK_NAME', 'TASK_NAME', 'TASK_NAME', 'TASK_NAME']
----------------------------------------
PROMPT: could you pull up co2 concentration and then bring up tasks list?
EXPECTED TAGS: ['open_menu_tasks', 'vitals_helmet_pressure_co2']
PREDICTED TAGS: ['open_menu_tasks', 'vitals_suit_pressure_co2']
EXPECTED TOKENS: ['TEXT', 'TEXT', 'TEXT', 'TEXT', 'TEXT', 'TEXT', 'TEXT', 'TEXT', 'TEXT', 'TEXT', 'TEXT', 'TEXT', 'TEXT', 'TEXT']
PREDICTED TOKENS: ['TEXT', 'TEXT', 'TEXT', 'TEXT', 'TEXT', 'TEXT', 'TEXT', 'TEXT', 'TEXT', 'TEXT', 'TEXT', 'TEXT', 'TEXT', 'TEXT']
----------------------------------------
PROMPT: pull primary o2 data and then start erm in addition
EXPECTED TAGS: ['start_procedure_erm', 'vitals_oxy_pri_storage']
PREDICTED TAGS: ['start_procedure_erm', 'vitals_oxy_pri_pressure']
EXPECTED TOKENS: ['TEXT', 'TEXT', 'TEXT', 'TEXT', 'TEXT', 'TEXT', 'TEXT', 'TEXT', 'TEXT', 'TEXT', 'TEXT', 'TEXT']
PREDICTED TOKENS: ['TEXT', 'TEXT', 'TEXT', 'TEXT', 'TEXT', 'TEXT', 'TEXT', 'TEXT', 'TEXT', 'TEXT', 'TEXT', 'TEXT']
----------------------------------------
PROMPT: report fan rpm and show messages
EXPECTED TAGS: ['open_menu_messaging', 'vitals_fan_sec_rpm']
PREDICTED TAGS: ['open_menu_messaging', 'vitals_fan_pri_rpm']
EXPECTED TOKENS: ['TEXT', 'TEXT', 'TEXT', 'TEXT', 'TEXT', 'TEXT']
PREDICTED TOKENS: ['TEXT', 'TEXT', 'TEXT', 'TEXT', 'TEXT', 'TEXT']
----------------------------------------
PROMPT: open coolant pressure display followed by deleting waypoint supply
EXPECTED TAGS: ['Delete_waypoint', 'vitals_coolant_gas_pressure']
PREDICTED TAGS: ['Delete_waypoint', 'vitals_coolant_liquid_pressure']
EXPECTED TOKENS: ['TEXT', 'TEXT', 'TEXT', 'TEXT', 'TEXT', 'TEXT', 'TEXT', 'TEXT', 'TEXT', 'TEXT', 'TEXT', 'TEXT', 'DELETE_WAYPOINT_NAME']
PREDICTED TOKENS: ['TEXT', 'TEXT', 'TEXT', 'TEXT', 'TEXT', 'TEXT', 'TEXT', 'TEXT', 'TEXT', 'TEXT', 'TEXT', 'TEXT', 'DELETE_WAYPOINT_NAME']
----------------------------------------
PROMPT: before listing oxygen, show me the helium and argon pressures
EXPECTED TAGS: ['vitals_suit_pressure_other', 'vitals_suit_pressure_oxy']
PREDICTED TAGS: ['vitals_suit_pressure_other']
EXPECTED TOKENS: ['TEXT', 'TEXT', 'TEXT', 'TEXT', 'TEXT', 'TEXT', 'TEXT', 'TEXT', 'TEXT', 'TEXT', 'TEXT', 'TEXT']
PREDICTED TOKENS: ['TEXT', 'TEXT', 'TEXT', 'TEXT', 'TEXT', 'TEXT', 'TEXT', 'TEXT', 'TEXT', 'TEXT', 'TEXT', 'TEXT']
----------------------------------------
PROMPT: could you display the suit pressure numbers, and then also run the oxygen consumption model to show time left?
EXPECTED TAGS: ['vitals_oxy_time_left', 'vitals_suit_pressure_total']
PREDICTED TAGS: ['vitals_oxy_consumption', 'vitals_suit_pressure_total']
EXPECTED TOKENS: ['TEXT', 'TEXT', 'TEXT', 'TEXT', 'TEXT', 'TEXT', 'TEXT', 'TEXT', 'TEXT', 'TEXT', 'TEXT', 'TEXT', 'TEXT', 'TEXT', 'TEXT', 'TEXT', 'TEXT', 'TEXT', 'TEXT', 'TEXT', 'TEXT']
PREDICTED TOKENS: ['TEXT', 'TEXT', 'TEXT', 'TEXT', 'TEXT', 'TEXT', 'TEXT', 'TEXT', 'TEXT', 'TEXT', 'TEXT', 'TEXT', 'TEXT', 'TEXT', 'TEXT', 'TEXT', 'TEXT', 'TEXT', 'TEXT', 'TEXT', 'TEXT']
----------------------------------------
PROMPT: report active warnings then check coolant
EXPECTED TAGS: ['get_warnings', 'vitals_coolant_liquid_pressure']
PREDICTED TAGS: ['get_warnings']
EXPECTED TOKENS: ['TEXT', 'TEXT', 'TEXT', 'TEXT', 'TEXT', 'TEXT', 'TEXT']
PREDICTED TOKENS: ['TEXT', 'TEXT', 'TEXT', 'TEXT', 'TEXT', 'TEXT', 'TEXT']
----------------------------------------
PROMPT: could you open the vitals screen and also read o2 pressure?
EXPECTED TAGS: ['open_menu_vitals', 'vitals_suit_pressure_oxy']
PREDICTED TAGS: ['open_menu_vitals', 'vitals_oxy_pri_pressure']
EXPECTED TOKENS: ['TEXT', 'TEXT', 'TEXT', 'TEXT', 'TEXT', 'TEXT', 'TEXT', 'TEXT', 'TEXT', 'TEXT', 'TEXT', 'TEXT', 'TEXT', 'TEXT']
PREDICTED TOKENS: ['TEXT', 'TEXT', 'TEXT', 'TEXT', 'TEXT', 'TEXT', 'TEXT', 'TEXT', 'TEXT', 'TEXT', 'TEXT', 'TEXT', 'TEXT', 'TEXT']
----------------------------------------
PROMPT: need scrubber b level and coolant pressure
EXPECTED TAGS: ['vitals_coolant_gas_pressure', 'vitals_scrubber_b_co2_storage']
PREDICTED TAGS: ['vitals_coolant_liquid_pressure', 'vitals_scrubber_b_co2_storage']
EXPECTED TOKENS: ['TEXT', 'TEXT', 'TEXT', 'TEXT', 'TEXT', 'TEXT', 'TEXT', 'TEXT', 'TEXT']
PREDICTED TOKENS: ['TEXT', 'TEXT', 'TEXT', 'TEXT', 'TEXT', 'TEXT', 'TEXT', 'TEXT', 'TEXT']
----------------------------------------
PROMPT: open secondary o2 readout while deleting task clean camera lens
EXPECTED TAGS: ['Delete_task', 'vitals_oxy_sec_storage']
PREDICTED TAGS: ['Delete_task', 'vitals_oxy_sec_pressure']
EXPECTED TOKENS: ['TEXT', 'TEXT', 'TEXT', 'TEXT', 'TEXT', 'TEXT', 'TEXT', 'TEXT', 'TEXT', 'TEXT', 'TEXT', 'DELETE_TASK_NAME', 'DELETE_TASK_NAME', 'DELETE_TASK_NAME']
PREDICTED TOKENS: ['TEXT', 'TEXT', 'TEXT', 'TEXT', 'TEXT', 'TEXT', 'TEXT', 'TEXT', 'TEXT', 'TEXT', 'TEXT', 'DELETE_TASK_NAME', 'DELETE_TASK_NAME', 'DELETE_TASK_NAME']
----------------------------------------
PROMPT: check coolant loop pressure but first run diagnostic then followed by battery time remaining readout
EXPECTED TAGS: ['vitals_batt_time_left', 'vitals_coolant_gas_pressure']
PREDICTED TAGS: ['vitals_batt_time_left', 'vitals_coolant_liquid_pressure']
EXPECTED TOKENS: ['TEXT', 'TEXT', 'TEXT', 'TEXT', 'TEXT', 'TEXT', 'TEXT', 'TEXT', 'TEXT', 'TEXT', 'TEXT', 'TEXT', 'TEXT', 'TEXT', 'TEXT', 'TEXT', 'TEXT']
PREDICTED TOKENS: ['TEXT', 'TEXT', 'TEXT', 'TEXT', 'TEXT', 'TEXT', 'TEXT', 'TEXT', 'TEXT', 'TEXT', 'TEXT', 'TEXT', 'TEXT', 'TEXT', 'TEXT', 'TEXT', 'TEXT']
----------------------------------------
PROMPT: wrapped up the sample sorting and labeling now display coolant
EXPECTED TAGS: ['Complete_task', 'vitals_coolant_storage']
PREDICTED TAGS: ['Complete_task', 'vitals_coolant_liquid_pressure']
EXPECTED TOKENS: ['TEXT', 'TEXT', 'TEXT', 'COMPLETE_TASK_NAME', 'COMPLETE_TASK_NAME', 'TEXT', 'COMPLETE_TASK_NAME', 'TEXT', 'TEXT', 'TEXT', 'TEXT']
PREDICTED TOKENS: ['TEXT', 'TEXT', 'TEXT', 'COMPLETE_TASK_NAME', 'COMPLETE_TASK_NAME', 'TEXT', 'COMPLETE_TASK_NAME', 'TEXT', 'TEXT', 'TEXT', 'TEXT']
----------------------------------------
PROMPT: pull up the comms log along with calculating real - time oxygen burn rate for my suit
EXPECTED TAGS: ['open_menu_messaging', 'vitals_oxy_time_left']
PREDICTED TAGS: ['open_menu_messaging', 'vitals_oxy_consumption']
EXPECTED TOKENS: ['TEXT', 'TEXT', 'TEXT', 'TEXT', 'TEXT', 'TEXT', 'TEXT', 'TEXT', 'TEXT', 'TEXT', 'TEXT', 'TEXT', 'TEXT', 'TEXT', 'TEXT', 'TEXT', 'TEXT', 'TEXT']
PREDICTED TOKENS: ['TEXT', 'TEXT', 'TEXT', 'TEXT', 'TEXT', 'TEXT', 'TEXT', 'TEXT', 'TEXT', 'TEXT', 'TEXT', 'TEXT', 'TEXT', 'TEXT', 'TEXT', 'TEXT', 'TEXT', 'TEXT']
----------------------------------------
PROMPT: open diagnostics and then clear rockpile
EXPECTED TAGS: ['Delete_waypoint', 'open_menu_rover']
PREDICTED TAGS: ['Delete_waypoint', 'start_procedure_system_diagnosis']
EXPECTED TOKENS: ['TEXT', 'TEXT', 'TEXT', 'TEXT', 'TEXT', 'TEXT', 'DELETE_WAYPOINT_NAME', 'DELETE_WAYPOINT_NAME']
PREDICTED TOKENS: ['TEXT', 'TEXT', 'TEXT', 'TEXT', 'TEXT', 'TEXT', 'DELETE_WAYPOINT_NAME', 'DELETE_WAYPOINT_NAME']
----------------------------------------
PROMPT: please initiate uia egress procedures and while that ' s happening show my co2 levels
EXPECTED TAGS: ['start_procedure_uia_egress', 'vitals_suit_pressure_co2']
PREDICTED TAGS: ['start_procedure_uia_egress', 'vitals_co2_production']
EXPECTED TOKENS: ['TEXT', 'TEXT', 'TEXT', 'TEXT', 'TEXT', 'TEXT', 'TEXT', 'TEXT', 'TEXT', 'TEXT', 'TEXT', 'TEXT', 'TEXT', 'TEXT', 'TEXT', 'TEXT', 'TEXT', 'TEXT', 'TEXT']
PREDICTED TOKENS: ['TEXT', 'TEXT', 'TEXT', 'TEXT', 'TEXT', 'TEXT', 'TEXT', 'TEXT', 'TEXT', 'TEXT', 'TEXT', 'TEXT', 'TEXT', 'TEXT', 'TEXT', 'TEXT', 'TEXT', 'TEXT', 'TEXT']
----------------------------------------
PROMPT: where is ltv and check pressure
EXPECTED TAGS: ['Get_coordinates', 'vitals_coolant_liquid_pressure']
PREDICTED TAGS: ['Get_coordinates']
EXPECTED TOKENS: ['TEXT', 'TEXT', 'COORDINATE_TARGET_NAME', 'COORDINATE_TARGET_NAME', 'TEXT', 'TEXT', 'TEXT']
PREDICTED TOKENS: ['TEXT', 'TEXT', 'COORDINATE_TARGET_NAME', 'COORDINATE_TARGET_NAME', 'TEXT', 'TEXT', 'TEXT']
----------------------------------------
PROMPT: read my helmet co2 level and then commence final verification
EXPECTED TAGS: ['start_procedure_final_system_checks', 'vitals_suit_pressure_co2']
PREDICTED TAGS: ['start_procedure_final_system_checks', 'vitals_helmet_pressure_co2']
EXPECTED TOKENS: ['TEXT', 'TEXT', 'TEXT', 'TEXT', 'TEXT', 'TEXT', 'TEXT', 'TEXT', 'TEXT', 'TEXT', 'TEXT']
PREDICTED TOKENS: ['TEXT', 'TEXT', 'TEXT', 'TEXT', 'TEXT', 'TEXT', 'TEXT', 'TEXT', 'TEXT', 'TEXT', 'TEXT']
----------------------------------------
PROMPT: check o2 and delete co2 scrubber test
EXPECTED TAGS: ['Delete_task', 'vitals_oxy_pri_storage']
PREDICTED TAGS: ['Delete_task']
EXPECTED TOKENS: ['TEXT', 'TEXT', 'TEXT', 'TEXT', 'TEXT', 'TEXT', 'DELETE_TASK_NAME', 'DELETE_TASK_NAME', 'DELETE_TASK_NAME', 'DELETE_TASK_NAME', 'DELETE_TASK_NAME']
PREDICTED TOKENS: ['TEXT', 'TEXT', 'TEXT', 'TEXT', 'TEXT', 'TEXT', 'DELETE_TASK_NAME', 'DELETE_TASK_NAME', 'DELETE_TASK_NAME', 'DELETE_TASK_NAME', 'DELETE_TASK_NAME']
----------------------------------------
PROMPT: check coolant line pressure and delete task run diagnostics
EXPECTED TAGS: ['Delete_task', 'vitals_coolant_gas_pressure']
PREDICTED TAGS: ['Delete_task', 'vitals_coolant_liquid_pressure']
EXPECTED TOKENS: ['TEXT', 'TEXT', 'TEXT', 'TEXT', 'TEXT', 'TEXT', 'TEXT', 'TEXT', 'TEXT', 'DELETE_TASK_NAME', 'DELETE_TASK_NAME', 'DELETE_TASK_NAME']
PREDICTED TOKENS: ['TEXT', 'TEXT', 'TEXT', 'TEXT', 'TEXT', 'TEXT', 'TEXT', 'TEXT', 'TEXT', 'DELETE_TASK_NAME', 'DELETE_TASK_NAME', 'DELETE_TASK_NAME']
----------------------------------------
PROMPT: pull rover telemetry and check fan.
EXPECTED TAGS: ['open_menu_rover', 'vitals_fan_pri_rpm']
PREDICTED TAGS: ['open_menu_rover', 'vitals_fan_sec_rpm']
EXPECTED TOKENS: ['TEXT', 'TEXT', 'TEXT', 'TEXT', 'TEXT', 'TEXT', 'TEXT', 'TEXT', 'TEXT']
PREDICTED TOKENS: ['TEXT', 'TEXT', 'TEXT', 'TEXT', 'TEXT', 'TEXT', 'TEXT', 'TEXT', 'TEXT']
----------------------------------------
PROMPT: check my suit oxygen plus initiate a system check
EXPECTED TAGS: ['start_procedure_system_diagnosis', 'vitals_oxy_time_left']
PREDICTED TAGS: ['start_procedure_system_diagnosis', 'vitals_suit_pressure_oxy']
EXPECTED TOKENS: ['TEXT', 'TEXT', 'TEXT', 'TEXT', 'TEXT', 'TEXT', 'TEXT', 'TEXT', 'TEXT']
PREDICTED TOKENS: ['TEXT', 'TEXT', 'TEXT', 'TEXT', 'TEXT', 'TEXT', 'TEXT', 'TEXT', 'TEXT']
----------------------------------------
PROMPT: tell me helmet co2 and coolant
EXPECTED TAGS: ['vitals_coolant_liquid_pressure', 'vitals_helmet_pressure_co2']
PREDICTED TAGS: ['vitals_coolant_storage', 'vitals_helmet_pressure_co2']
EXPECTED TOKENS: ['TEXT', 'TEXT', 'TEXT', 'TEXT', 'TEXT', 'TEXT', 'TEXT', 'TEXT']
PREDICTED TOKENS: ['TEXT', 'TEXT', 'TEXT', 'TEXT', 'TEXT', 'TEXT', 'TEXT', 'TEXT']
----------------------------------------
PROMPT: after checking coolant pressure, please also display my suit ' s o2 pressure
EXPECTED TAGS: ['vitals_coolant_gas_pressure', 'vitals_suit_pressure_oxy']
PREDICTED TAGS: ['vitals_coolant_liquid_pressure', 'vitals_suit_pressure_oxy']
EXPECTED TOKENS: ['TEXT', 'TEXT', 'TEXT', 'TEXT', 'TEXT', 'TEXT', 'TEXT', 'TEXT', 'TEXT', 'TEXT', 'TEXT', 'TEXT', 'TEXT', 'TEXT', 'TEXT', 'TEXT']
PREDICTED TOKENS: ['TEXT', 'TEXT', 'TEXT', 'TEXT', 'TEXT', 'TEXT', 'TEXT', 'TEXT', 'TEXT', 'TEXT', 'TEXT', 'TEXT', 'TEXT', 'TEXT', 'TEXT', 'TEXT']
----------------------------------------
PROMPT: open task list then check coolant pressure
EXPECTED TAGS: ['open_menu_tasks', 'vitals_coolant_liquid_pressure']
PREDICTED TAGS: ['open_menu_tasks', 'vitals_coolant_gas_pressure']
EXPECTED TOKENS: ['TEXT', 'TEXT', 'TEXT', 'TEXT', 'TEXT', 'TEXT', 'TEXT', 'TEXT']
PREDICTED TOKENS: ['TEXT', 'TEXT', 'TEXT', 'TEXT', 'TEXT', 'TEXT', 'TEXT', 'TEXT']
----------------------------------------
PROMPT: show suit vitals and in addition restart heater loop
EXPECTED TAGS: ['open_menu_tasks', 'start_procedure_system_restart']
PREDICTED TAGS: ['start_procedure_system_restart', 'vitals_coolant_liquid_pressure']
EXPECTED TOKENS: ['TEXT', 'TEXT', 'TEXT', 'TEXT', 'TEXT', 'TEXT', 'TEXT', 'TEXT', 'TEXT', 'TEXT', 'TEXT']
PREDICTED TOKENS: ['TEXT', 'TEXT', 'TEXT', 'TEXT', 'TEXT', 'TEXT', 'TEXT', 'TEXT', 'TEXT', 'TEXT', 'TEXT']
----------------------------------------
PROMPT: secondary oxygen tank pressure reading
EXPECTED TAGS: ['vitals_oxy_sec_storage']
PREDICTED TAGS: ['vitals_oxy_sec_pressure']
EXPECTED TOKENS: ['TEXT', 'TEXT', 'TEXT', 'TEXT', 'TEXT']
PREDICTED TOKENS: ['TEXT', 'TEXT', 'TEXT', 'TEXT', 'TEXT']
----------------------------------------
PROMPT: mark visual inspection as complete, followed by adding waypoint landing mark for eva return
EXPECTED TAGS: ['Add_waypoint', 'Complete_task']
PREDICTED TAGS: ['Add_waypoint', 'Complete_task']
EXPECTED TOKENS: ['TEXT', 'COMPLETE_TASK_NAME', 'COMPLETE_TASK_NAME', 'TEXT', 'TEXT', 'TEXT', 'TEXT', 'TEXT', 'TEXT', 'TEXT', 'TEXT', 'WAYPOINT_NAME', 'WAYPOINT_NAME', 'TEXT', 'TEXT', 'TEXT']
PREDICTED TOKENS: ['TEXT', 'COMPLETE_TASK_NAME', 'COMPLETE_TASK_NAME', 'TEXT', 'TEXT', 'TEXT', 'TEXT', 'TEXT', 'TEXT', 'TEXT', 'TEXT', 'WAYPOINT_NAME', 'WAYPOINT_NAME', 'TEXT', 'WAYPOINT_NAME', 'WAYPOINT_NAME']
----------------------------------------
PROMPT: open repair steps and read primary oxygen
EXPECTED TAGS: ['start_procedure_physical_repair_task', 'vitals_oxy_pri_pressure']
PREDICTED TAGS: ['start_procedure_physical_repair_task', 'vitals_oxy_pri_storage']
EXPECTED TOKENS: ['TEXT', 'TEXT', 'TEXT', 'TEXT', 'TEXT', 'TEXT', 'TEXT']
PREDICTED TOKENS: ['TEXT', 'TEXT', 'TEXT', 'TEXT', 'TEXT', 'TEXT', 'TEXT']
----------------------------------------
PROMPT: open suit biometrics with secondary o2 and then reroute.
EXPECTED TAGS: ['reroute_navigation', 'vitals_oxy_sec_pressure']
PREDICTED TAGS: ['reroute_navigation', 'vitals_oxy_sec_storage']
EXPECTED TOKENS: ['TEXT', 'TEXT', 'TEXT', 'TEXT', 'TEXT', 'TEXT', 'TEXT', 'TEXT', 'TEXT', 'TEXT', 'TEXT', 'TEXT', 'TEXT', 'TEXT', 'TEXT']
PREDICTED TOKENS: ['TEXT', 'TEXT', 'TEXT', 'TEXT', 'TEXT', 'TEXT', 'TEXT', 'TEXT', 'TEXT', 'TEXT', 'TEXT', 'TEXT', 'TEXT', 'TEXT', 'TEXT']
----------------------------------------
PROMPT: start uia ingress then remove task camera calibration now
EXPECTED TAGS: ['Delete_task', 'start_procedure_uia_ingress']
PREDICTED TAGS: ['Delete_task', 'start_procedure_uia_ingress']
EXPECTED TOKENS: ['TEXT', 'TEXT', 'TEXT', 'TEXT', 'TEXT', 'TEXT', 'TEXT', 'TEXT', 'DELETE_TASK_NAME', 'DELETE_TASK_NAME', 'DELETE_TASK_NAME', 'DELETE_TASK_NAME', 'DELETE_TASK_NAME']
PREDICTED TOKENS: ['TEXT', 'TEXT', 'TEXT', 'TEXT', 'TEXT', 'TEXT', 'TEXT', 'TEXT', 'DELETE_TASK_NAME', 'DELETE_TASK_NAME', 'DELETE_TASK_NAME', 'DELETE_TASK_NAME', 'TEXT']
----------------------------------------
PROMPT: check power then delete inspect solar panel
EXPECTED TAGS: ['Delete_task', 'vitals_batt_time_left']
PREDICTED TAGS: ['Delete_task', 'start_procedure_system_diagnosis']
EXPECTED TOKENS: ['TEXT', 'TEXT', 'TEXT', 'TEXT', 'TEXT', 'DELETE_TASK_NAME', 'DELETE_TASK_NAME', 'DELETE_TASK_NAME']
PREDICTED TOKENS: ['TEXT', 'TEXT', 'TEXT', 'TEXT', 'TEXT', 'DELETE_TASK_NAME', 'DELETE_TASK_NAME', 'DELETE_TASK_NAME']
----------------------------------------
PROMPT: start system diagnosis and show vitals
EXPECTED TAGS: ['open_menu_vitals', 'start_procedure_system_diagnosis']
PREDICTED TAGS: ['start_procedure_system_diagnosis', 'vitals_coolant_storage']
EXPECTED TOKENS: ['TEXT', 'TEXT', 'TEXT', 'TEXT', 'TEXT', 'TEXT', 'TEXT']
PREDICTED TOKENS: ['TEXT', 'TEXT', 'TEXT', 'TEXT', 'TEXT', 'TEXT', 'TEXT']
----------------------------------------
PROMPT: bring up biometrics and read coolant
EXPECTED TAGS: ['open_menu_vitals', 'vitals_coolant_liquid_pressure']
PREDICTED TAGS: ['open_menu_vitals', 'vitals_coolant_storage']
EXPECTED TOKENS: ['TEXT', 'TEXT', 'TEXT', 'TEXT', 'TEXT', 'TEXT', 'TEXT', 'TEXT', 'TEXT']
PREDICTED TOKENS: ['TEXT', 'TEXT', 'TEXT', 'TEXT', 'TEXT', 'TEXT', 'TEXT', 'TEXT', 'TEXT']
----------------------------------------
PROMPT: clear ridge beacon and delete report status
EXPECTED TAGS: ['Delete_task', 'Delete_waypoint']
PREDICTED TAGS: ['Delete_task', 'Delete_waypoint']
EXPECTED TOKENS: ['TEXT', 'DELETE_WAYPOINT_NAME', 'DELETE_WAYPOINT_NAME', 'TEXT', 'TEXT', 'TEXT', 'DELETE_TASK_NAME', 'DELETE_TASK_NAME']
PREDICTED TOKENS: ['TEXT', 'DELETE_WAYPOINT_NAME', 'DELETE_WAYPOINT_NAME', 'TEXT', 'TEXT', 'TEXT', 'DELETE_TASK_NAME', 'TEXT']
----------------------------------------
PROMPT: meanwhile, find a safer route and also read my biometrics.
EXPECTED TAGS: ['reroute_navigation', 'vitals_suit_pressure_oxy']
PREDICTED TAGS: ['reroute_navigation']
EXPECTED TOKENS: ['TEXT', 'TEXT', 'TEXT', 'TEXT', 'TEXT', 'TEXT', 'TEXT', 'TEXT', 'TEXT', 'TEXT', 'TEXT', 'TEXT', 'TEXT', 'TEXT']
PREDICTED TOKENS: ['TEXT', 'TEXT', 'TEXT', 'TEXT', 'TEXT', 'TEXT', 'TEXT', 'TEXT', 'TEXT', 'TEXT', 'TEXT', 'TEXT', 'TEXT', 'TEXT']
----------------------------------------
PROMPT: open temperature telemetry for my suit then additionally run a coolant pressure status check and report
EXPECTED TAGS: ['vitals_coolant_liquid_pressure', 'vitals_temperature']
PREDICTED TAGS: ['vitals_coolant_gas_pressure', 'vitals_coolant_liquid_pressure', 'vitals_temperature']
EXPECTED TOKENS: ['TEXT', 'TEXT', 'TEXT', 'TEXT', 'TEXT', 'TEXT', 'TEXT', 'TEXT', 'TEXT', 'TEXT', 'TEXT', 'TEXT', 'TEXT', 'TEXT', 'TEXT', 'TEXT', 'TEXT', 'TEXT', 'TEXT']
PREDICTED TOKENS: ['TEXT', 'TEXT', 'TEXT', 'TEXT', 'TEXT', 'TEXT', 'TEXT', 'TEXT', 'TEXT', 'TEXT', 'TEXT', 'TEXT', 'TEXT', 'TEXT', 'TEXT', 'TEXT', 'TEXT', 'TEXT', 'TEXT']
----------------------------------------
PROMPT: need you to delete marker research outpost and also check coolant pressure
EXPECTED TAGS: ['Delete_waypoint', 'vitals_coolant_gas_pressure']
PREDICTED TAGS: ['Delete_waypoint', 'vitals_coolant_liquid_pressure']
EXPECTED TOKENS: ['TEXT', 'TEXT', 'TEXT', 'TEXT', 'TEXT', 'TEXT', 'DELETE_WAYPOINT_NAME', 'DELETE_WAYPOINT_NAME', 'TEXT', 'TEXT', 'TEXT', 'TEXT', 'TEXT', 'TEXT']
PREDICTED TOKENS: ['TEXT', 'TEXT', 'TEXT', 'TEXT', 'TEXT', 'TEXT', 'DELETE_WAYPOINT_NAME', 'DELETE_WAYPOINT_NAME', 'TEXT', 'TEXT', 'TEXT', 'TEXT', 'TEXT', 'TEXT']
----------------------------------------
PROMPT: bring up my suit biometrics on the rover display and then dismiss the overlay
EXPECTED TAGS: ['close_menu', 'open_menu_rover']
PREDICTED TAGS: ['close_menu', 'open_menu_rover', 'open_menu_vitals']
EXPECTED TOKENS: ['TEXT', 'TEXT', 'TEXT', 'TEXT', 'TEXT', 'TEXT', 'TEXT', 'TEXT', 'TEXT', 'TEXT', 'TEXT', 'TEXT', 'TEXT', 'TEXT', 'TEXT', 'TEXT', 'TEXT']
PREDICTED TOKENS: ['TEXT', 'TEXT', 'TEXT', 'TEXT', 'TEXT', 'TEXT', 'TEXT', 'TEXT', 'TEXT', 'TEXT', 'TEXT', 'TEXT', 'TEXT', 'TEXT', 'TEXT', 'TEXT', 'TEXT']
----------------------------------------
PROMPT: can you run through warnings and then bring up my vitals?
EXPECTED TAGS: ['get_warnings', 'vitals_oxy_consumption']
PREDICTED TAGS: ['get_warnings', 'vitals_heart_rate']
EXPECTED TOKENS: ['TEXT', 'TEXT', 'TEXT', 'TEXT', 'TEXT', 'TEXT', 'TEXT', 'TEXT', 'TEXT', 'TEXT', 'TEXT', 'TEXT', 'TEXT']
PREDICTED TOKENS: ['TEXT', 'TEXT', 'TEXT', 'TEXT', 'TEXT', 'TEXT', 'TEXT', 'TEXT', 'TEXT', 'TEXT', 'TEXT', 'TEXT', 'TEXT']
----------------------------------------
PROMPT: open my vitals and then remove waypoint echo from map
EXPECTED TAGS: ['Delete_waypoint', 'vitals_batt_time_left']
PREDICTED TAGS: ['Delete_waypoint']
EXPECTED TOKENS: ['TEXT', 'TEXT', 'TEXT', 'TEXT', 'TEXT', 'TEXT', 'TEXT', 'TEXT', 'TEXT', 'DELETE_WAYPOINT_NAME', 'TEXT', 'TEXT']
PREDICTED TOKENS: ['TEXT', 'TEXT', 'TEXT', 'TEXT', 'TEXT', 'TEXT', 'TEXT', 'TEXT', 'TEXT', 'DELETE_WAYPOINT_NAME', 'TEXT', 'TEXT']
----------------------------------------
PROMPT: read coolant pressure and btw the suit leak test and glove fit check are sorted
EXPECTED TAGS: ['Complete_task', 'vitals_coolant_gas_pressure']
PREDICTED TAGS: ['Complete_task', 'vitals_coolant_liquid_pressure']
EXPECTED TOKENS: ['TEXT', 'TEXT', 'TEXT', 'TEXT', 'TEXT', 'TEXT', 'TEXT', 'TEXT', 'COMPLETE_TASK_NAME', 'COMPLETE_TASK_NAME', 'COMPLETE_TASK_NAME', 'TEXT', 'COMPLETE_TASK_NAME', 'COMPLETE_TASK_NAME', 'COMPLETE_TASK_NAME', 'TEXT', 'TEXT']
PREDICTED TOKENS: ['TEXT', 'TEXT', 'TEXT', 'TEXT', 'TEXT', 'TEXT', 'TEXT', 'TEXT', 'COMPLETE_TASK_NAME', 'COMPLETE_TASK_NAME', 'COMPLETE_TASK_NAME', 'TEXT', 'COMPLETE_TASK_NAME', 'COMPLETE_TASK_NAME', 'COMPLETE_TASK_NAME', 'TEXT', 'TEXT']
----------------------------------------
PROMPT: check secondary oxygen and fan rpm.
EXPECTED TAGS: ['vitals_fan_sec_rpm', 'vitals_oxy_sec_storage']
PREDICTED TAGS: ['vitals_fan_pri_rpm', 'vitals_oxy_sec_storage']
EXPECTED TOKENS: ['TEXT', 'TEXT', 'TEXT', 'TEXT', 'TEXT', 'TEXT', 'TEXT']
PREDICTED TOKENS: ['TEXT', 'TEXT', 'TEXT', 'TEXT', 'TEXT', 'TEXT', 'TEXT']
----------------------------------------
PROMPT: the hab ventilation and air filter swap are buttoned up now check coolant
EXPECTED TAGS: ['Complete_task', 'vitals_coolant_storage']
PREDICTED TAGS: ['Complete_task', 'vitals_coolant_liquid_pressure']
EXPECTED TOKENS: ['TEXT', 'COMPLETE_TASK_NAME', 'COMPLETE_TASK_NAME', 'COMPLETE_TASK_NAME', 'TEXT', 'COMPLETE_TASK_NAME', 'COMPLETE_TASK_NAME', 'COMPLETE_TASK_NAME', 'TEXT', 'TEXT', 'TEXT', 'TEXT', 'TEXT', 'TEXT', 'TEXT', 'TEXT']
PREDICTED TOKENS: ['TEXT', 'COMPLETE_TASK_NAME', 'COMPLETE_TASK_NAME', 'COMPLETE_TASK_NAME', 'TEXT', 'COMPLETE_TASK_NAME', 'COMPLETE_TASK_NAME', 'COMPLETE_TASK_NAME', 'TEXT', 'TEXT', 'TEXT', 'TEXT', 'TEXT', 'TEXT', 'TEXT', 'TEXT']
----------------------------------------
PROMPT: mark ' hull inspection ' as complete and then take me to shadow ridge
EXPECTED TAGS: ['Complete_task', 'Set_navigation_target']
PREDICTED TAGS: ['Complete_task', 'Set_navigation_target']
EXPECTED TOKENS: ['TEXT', 'TEXT', 'TEXT', 'TEXT', 'TEXT', 'TEXT', 'TEXT', 'TEXT', 'TEXT', 'TEXT', 'TEXT', 'TEXT', 'NAVIGATION_TARGET_NAME', 'NAVIGATION_TARGET_NAME']
PREDICTED TOKENS: ['TEXT', 'TEXT', 'COMPLETE_TASK_NAME', 'COMPLETE_TASK_NAME', 'TEXT', 'TEXT', 'TEXT', 'TEXT', 'TEXT', 'TEXT', 'TEXT', 'TEXT', 'NAVIGATION_TARGET_NAME', 'NAVIGATION_TARGET_NAME']
----------------------------------------
PROMPT: fan rpm then start system restart
EXPECTED TAGS: ['start_procedure_system_restart', 'vitals_fan_sec_rpm']
PREDICTED TAGS: ['start_procedure_system_restart', 'vitals_fan_pri_rpm']
EXPECTED TOKENS: ['TEXT', 'TEXT', 'TEXT', 'TEXT', 'TEXT', 'TEXT']
PREDICTED TOKENS: ['TEXT', 'TEXT', 'TEXT', 'TEXT', 'TEXT', 'TEXT']
----------------------------------------
PROMPT: before anything else, check coolant pressure and delete the lz marker
EXPECTED TAGS: ['Delete_waypoint', 'vitals_coolant_liquid_pressure']
PREDICTED TAGS: ['Delete_waypoint', 'vitals_coolant_liquid_pressure']
EXPECTED TOKENS: ['TEXT', 'TEXT', 'TEXT', 'TEXT', 'TEXT', 'TEXT', 'TEXT', 'TEXT', 'TEXT', 'TEXT', 'TEXT', 'TEXT', 'DELETE_WAYPOINT_NAME', 'DELETE_WAYPOINT_NAME', 'TEXT']
PREDICTED TOKENS: ['TEXT', 'TEXT', 'TEXT', 'TEXT', 'TEXT', 'TEXT', 'TEXT', 'TEXT', 'TEXT', 'TEXT', 'TEXT', 'TEXT', 'DELETE_WAYPOINT_NAME', 'DELETE_WAYPOINT_NAME', 'DELETE_WAYPOINT_NAME']
----------------------------------------
PROMPT: run erm plus check the fan rpm
EXPECTED TAGS: ['start_procedure_erm', 'vitals_fan_pri_rpm']
PREDICTED TAGS: ['start_procedure_erm', 'vitals_fan_sec_rpm']
EXPECTED TOKENS: ['TEXT', 'TEXT', 'TEXT', 'TEXT', 'TEXT', 'TEXT', 'TEXT', 'TEXT']
PREDICTED TOKENS: ['TEXT', 'TEXT', 'TEXT', 'TEXT', 'TEXT', 'TEXT', 'TEXT', 'TEXT']
----------------------------------------
PROMPT: please show coolant pressure and additionally add task inspect radiator panels
EXPECTED TAGS: ['Add_task', 'vitals_coolant_gas_pressure']
PREDICTED TAGS: ['Add_task']
EXPECTED TOKENS: ['TEXT', 'TEXT', 'TEXT', 'TEXT', 'TEXT', 'TEXT', 'TEXT', 'TEXT', 'TEXT', 'TASK_NAME', 'TASK_NAME', 'TASK_NAME', 'TASK_NAME', 'TASK_NAME']
PREDICTED TOKENS: ['TEXT', 'TEXT', 'TEXT', 'TEXT', 'TEXT', 'TEXT', 'TEXT', 'TEXT', 'TEXT', 'TASK_NAME', 'TASK_NAME', 'TASK_NAME', 'TASK_NAME', 'TASK_NAME']
----------------------------------------
PROMPT: clear waypoints beacon and cargo plus add tasks repair hinge and run
EXPECTED TAGS: ['Add_task', 'Delete_waypoint']
PREDICTED TAGS: ['Add_task', 'Delete_waypoint']
EXPECTED TOKENS: ['TEXT', 'TEXT', 'TEXT', 'DELETE_WAYPOINT_NAME', 'TEXT', 'DELETE_WAYPOINT_NAME', 'TEXT', 'TEXT', 'TEXT', 'TASK_NAME', 'TASK_NAME', 'TASK_NAME', 'TEXT', 'TASK_NAME']
PREDICTED TOKENS: ['TEXT', 'TEXT', 'TEXT', 'DELETE_WAYPOINT_NAME', 'TEXT', 'DELETE_WAYPOINT_NAME', 'TEXT', 'TEXT', 'TEXT', 'TASK_NAME', 'TASK_NAME', 'TASK_NAME', 'TASK_NAME', 'TASK_NAME']
----------------------------------------
PROMPT: please start the final system checks then show fan rpm
EXPECTED TAGS: ['start_procedure_final_system_checks', 'vitals_fan_sec_rpm']
PREDICTED TAGS: ['start_procedure_final_system_checks', 'vitals_fan_pri_rpm']
EXPECTED TOKENS: ['TEXT', 'TEXT', 'TEXT', 'TEXT', 'TEXT', 'TEXT', 'TEXT', 'TEXT', 'TEXT', 'TEXT']
PREDICTED TOKENS: ['TEXT', 'TEXT', 'TEXT', 'TEXT', 'TEXT', 'TEXT', 'TEXT', 'TEXT', 'TEXT', 'TEXT']
----------------------------------------
PROMPT: pull up minimap and check battery
EXPECTED TAGS: ['open_menu_navigation', 'open_menu_vitals']
PREDICTED TAGS: ['open_menu_navigation', 'vitals_batt_time_left']
EXPECTED TOKENS: ['TEXT', 'TEXT', 'TEXT', 'TEXT', 'TEXT', 'TEXT', 'TEXT', 'TEXT']
PREDICTED TOKENS: ['TEXT', 'TEXT', 'TEXT', 'TEXT', 'TEXT', 'TEXT', 'TEXT', 'TEXT']
----------------------------------------
PROMPT: oh and check coolant pressurization, followed by my pulse measurement and stress - level indicators, please
EXPECTED TAGS: ['vitals_coolant_gas_pressure', 'vitals_heart_rate']
PREDICTED TAGS: ['vitals_coolant_storage', 'vitals_heart_rate']
EXPECTED TOKENS: ['TEXT', 'TEXT', 'TEXT', 'TEXT', 'TEXT', 'TEXT', 'TEXT', 'TEXT', 'TEXT', 'TEXT', 'TEXT', 'TEXT', 'TEXT', 'TEXT', 'TEXT', 'TEXT', 'TEXT', 'TEXT', 'TEXT', 'TEXT', 'TEXT']
PREDICTED TOKENS: ['TEXT', 'TEXT', 'TEXT', 'TEXT', 'TEXT', 'TEXT', 'TEXT', 'TEXT', 'TEXT', 'TEXT', 'TEXT', 'TEXT', 'TEXT', 'TEXT', 'TEXT', 'TEXT', 'TEXT', 'TEXT', 'TEXT', 'TEXT', 'TEXT']
----------------------------------------
PROMPT: show suit trace gas pressure and coolant
EXPECTED TAGS: ['vitals_coolant_gas_pressure', 'vitals_suit_pressure_other']
PREDICTED TAGS: ['vitals_coolant_storage', 'vitals_suit_pressure_other']
EXPECTED TOKENS: ['TEXT', 'TEXT', 'TEXT', 'TEXT', 'TEXT', 'TEXT', 'TEXT', 'TEXT']
PREDICTED TOKENS: ['TEXT', 'TEXT', 'TEXT', 'TEXT', 'TEXT', 'TEXT', 'TEXT', 'TEXT']
----------------------------------------
PROMPT: system refresh procedure
EXPECTED TAGS: ['start_procedure_system_restart']
PREDICTED TAGS: []
EXPECTED TOKENS: ['TEXT', 'TEXT', 'TEXT', 'TEXT']
PREDICTED TOKENS: ['TEXT', 'TEXT', 'TEXT', 'TEXT']
----------------------------------------
PROMPT: map open plus check main oxygen
EXPECTED TAGS: ['open_menu_navigation', 'vitals_oxy_pri_pressure']
PREDICTED TAGS: ['open_menu_navigation', 'vitals_oxy_pri_storage']
EXPECTED TOKENS: ['TEXT', 'TEXT', 'TEXT', 'TEXT', 'TEXT', 'TEXT']
PREDICTED TOKENS: ['TEXT', 'TEXT', 'TEXT', 'TEXT', 'TEXT', 'TEXT']
----------------------------------------
PROMPT: can you display co2 generation and as well bring up o2?
EXPECTED TAGS: ['vitals_co2_production', 'vitals_oxy_consumption']
PREDICTED TAGS: ['vitals_co2_production']
EXPECTED TOKENS: ['TEXT', 'TEXT', 'TEXT', 'TEXT', 'TEXT', 'TEXT', 'TEXT', 'TEXT', 'TEXT', 'TEXT', 'TEXT', 'TEXT', 'TEXT', 'TEXT']
PREDICTED TOKENS: ['TEXT', 'TEXT', 'TEXT', 'TEXT', 'TEXT', 'TEXT', 'TEXT', 'TEXT', 'TEXT', 'TEXT', 'TEXT', 'TEXT', 'TEXT', 'TEXT']
----------------------------------------
PROMPT: close the current menu at the same time and add task inventory spare bolts, followed by tagging locations
EXPECTED TAGS: ['Add_task', 'close_menu']
PREDICTED TAGS: ['Add_task', 'close_menu']
EXPECTED TOKENS: ['TEXT', 'TEXT', 'TEXT', 'TEXT', 'TEXT', 'TEXT', 'TEXT', 'TEXT', 'TEXT', 'TEXT', 'TEXT', 'TASK_NAME', 'TASK_NAME', 'TASK_NAME', 'TEXT', 'TEXT', 'TEXT', 'TEXT', 'TEXT', 'TEXT']
PREDICTED TOKENS: ['TEXT', 'TEXT', 'TEXT', 'TEXT', 'TEXT', 'TEXT', 'TEXT', 'TEXT', 'TEXT', 'TEXT', 'TEXT', 'TASK_NAME', 'TASK_NAME', 'TASK_NAME', 'TEXT', 'TASK_NAME', 'TASK_NAME', 'TASK_NAME', 'TASK_NAME', 'TASK_NAME']
----------------------------------------
PROMPT: please add task check battery health along with recording co2 spikes after hard exertion
EXPECTED TAGS: ['Add_task', 'vitals_co2_production']
PREDICTED TAGS: ['Add_task', 'vitals_co2_production']
EXPECTED TOKENS: ['TEXT', 'TEXT', 'TEXT', 'TASK_NAME', 'TASK_NAME', 'TASK_NAME', 'TEXT', 'TEXT', 'TEXT', 'TEXT', 'TEXT', 'TEXT', 'TEXT', 'TEXT', 'TEXT', 'TEXT', 'TEXT']
PREDICTED TOKENS: ['TEXT', 'TEXT', 'TEXT', 'TASK_NAME', 'TASK_NAME', 'TASK_NAME', 'TEXT', 'TEXT', 'TEXT', 'TASK_NAME', 'TEXT', 'TEXT', 'TEXT', 'TEXT', 'TEXT', 'TEXT', 'TEXT']
----------------------------------------
PROMPT: pull up vitals and remove sample collection
EXPECTED TAGS: ['Delete_task', 'open_menu_tasks']
PREDICTED TAGS: ['Delete_task']
EXPECTED TOKENS: ['TEXT', 'TEXT', 'TEXT', 'TEXT', 'TEXT', 'TEXT', 'DELETE_TASK_NAME', 'DELETE_TASK_NAME']
PREDICTED TOKENS: ['TEXT', 'TEXT', 'TEXT', 'TEXT', 'TEXT', 'TEXT', 'DELETE_TASK_NAME', 'DELETE_TASK_NAME']
----------------------------------------
PROMPT: can you tell me my oxygen consumption and coolant pressure?
EXPECTED TAGS: ['vitals_coolant_gas_pressure', 'vitals_oxy_consumption']
PREDICTED TAGS: ['vitals_oxy_consumption']
EXPECTED TOKENS: ['TEXT', 'TEXT', 'TEXT', 'TEXT', 'TEXT', 'TEXT', 'TEXT', 'TEXT', 'TEXT', 'TEXT', 'TEXT', 'TEXT']
PREDICTED TOKENS: ['TEXT', 'TEXT', 'TEXT', 'TEXT', 'TEXT', 'TEXT', 'TEXT', 'TEXT', 'TEXT', 'TEXT', 'TEXT', 'TEXT']
----------------------------------------
PROMPT: how much battery time do i have and show suit data
EXPECTED TAGS: ['open_menu_vitals', 'vitals_batt_time_left']
PREDICTED TAGS: ['vitals_batt_time_left']
EXPECTED TOKENS: ['TEXT', 'TEXT', 'TEXT', 'TEXT', 'TEXT', 'TEXT', 'TEXT', 'TEXT', 'TEXT', 'TEXT', 'TEXT']
PREDICTED TOKENS: ['TEXT', 'TEXT', 'TEXT', 'TEXT', 'TEXT', 'TEXT', 'TEXT', 'TEXT', 'TEXT', 'TEXT', 'TEXT']
----------------------------------------
PROMPT: yo check my power plus show me the comms
EXPECTED TAGS: ['open_menu_messaging', 'vitals_batt_time_left']
PREDICTED TAGS: ['get_warnings', 'open_menu_messaging']
EXPECTED TOKENS: ['TEXT', 'TEXT', 'TEXT', 'TEXT', 'TEXT', 'TEXT', 'TEXT', 'TEXT', 'TEXT', 'TEXT']
PREDICTED TOKENS: ['TEXT', 'TEXT', 'TEXT', 'TEXT', 'TEXT', 'TEXT', 'TEXT', 'TEXT', 'TEXT', 'TEXT']
----------------------------------------
PROMPT: begin uia egress then check backup o2
EXPECTED TAGS: ['start_procedure_uia_egress', 'vitals_oxy_sec_pressure']
PREDICTED TAGS: ['start_procedure_uia_egress', 'vitals_oxy_sec_storage']
EXPECTED TOKENS: ['TEXT', 'TEXT', 'TEXT', 'TEXT', 'TEXT', 'TEXT', 'TEXT', 'TEXT', 'TEXT', 'TEXT', 'TEXT']
PREDICTED TOKENS: ['TEXT', 'TEXT', 'TEXT', 'TEXT', 'TEXT', 'TEXT', 'TEXT', 'TEXT', 'TEXT', 'TEXT', 'TEXT']
----------------------------------------
PROMPT: show vitals and fan rpm
EXPECTED TAGS: ['open_menu_vitals', 'vitals_fan_sec_rpm']
PREDICTED TAGS: ['open_menu_vitals', 'vitals_fan_pri_rpm', 'vitals_heart_rate']
EXPECTED TOKENS: ['TEXT', 'TEXT', 'TEXT', 'TEXT', 'TEXT', 'TEXT']
PREDICTED TOKENS: ['TEXT', 'TEXT', 'TEXT', 'TEXT', 'TEXT', 'TEXT']
----------------------------------------
PROMPT: after you check coolant pressure, next add task replace seal
EXPECTED TAGS: ['Add_task', 'vitals_coolant_liquid_pressure']
PREDICTED TAGS: ['Add_task', 'vitals_coolant_gas_pressure', 'vitals_coolant_liquid_pressure']
EXPECTED TOKENS: ['TEXT', 'TEXT', 'TEXT', 'TEXT', 'TEXT', 'TEXT', 'TEXT', 'TEXT', 'TEXT', 'TEXT', 'TASK_NAME', 'TASK_NAME']
PREDICTED TOKENS: ['TEXT', 'TEXT', 'TEXT', 'TEXT', 'TEXT', 'TEXT', 'TEXT', 'TEXT', 'TEXT', 'TEXT', 'TASK_NAME', 'TASK_NAME']
----------------------------------------
PROMPT: after checking coolant pressure, bring up the navigational map additionally and show route progress
EXPECTED TAGS: ['open_menu_navigation', 'vitals_coolant_gas_pressure']
PREDICTED TAGS: ['open_menu_navigation', 'vitals_coolant_liquid_pressure']
EXPECTED TOKENS: ['TEXT', 'TEXT', 'TEXT', 'TEXT', 'TEXT', 'TEXT', 'TEXT', 'TEXT', 'TEXT', 'TEXT', 'TEXT', 'TEXT', 'TEXT', 'TEXT', 'TEXT', 'TEXT', 'TEXT']
PREDICTED TOKENS: ['TEXT', 'TEXT', 'TEXT', 'TEXT', 'TEXT', 'TEXT', 'TEXT', 'TEXT', 'TEXT', 'TEXT', 'TEXT', 'TEXT', 'TEXT', 'TEXT', 'TEXT', 'TEXT', 'TEXT']
----------------------------------------
PROMPT: open geosamples and then check my suit ' s power, oxygen, and biometrics before recording each specimen
EXPECTED TAGS: ['open_menu_geosamples', 'open_menu_vitals']
PREDICTED TAGS: ['open_menu_geosamples', 'vitals_batt_time_left']
EXPECTED TOKENS: ['TEXT', 'TEXT', 'TEXT', 'TEXT', 'TEXT', 'TEXT', 'TEXT', 'TEXT', 'TEXT', 'TEXT', 'TEXT', 'TEXT', 'TEXT', 'TEXT', 'TEXT', 'TEXT', 'TEXT', 'TEXT', 'TEXT', 'TEXT', 'TEXT', 'TEXT', 'TEXT']
PREDICTED TOKENS: ['TEXT', 'TEXT', 'TEXT', 'TEXT', 'TEXT', 'TEXT', 'TEXT', 'TEXT', 'TEXT', 'TEXT', 'TEXT', 'TEXT', 'TEXT', 'TEXT', 'TEXT', 'TEXT', 'TEXT', 'TEXT', 'TEXT', 'TEXT', 'TEXT', 'TEXT', 'TEXT']
----------------------------------------
PROMPT: check co2 before showing mission tasks
EXPECTED TAGS: ['open_menu_tasks', 'vitals_suit_pressure_co2']
PREDICTED TAGS: ['open_menu_tasks', 'vitals_co2_production']
EXPECTED TOKENS: ['TEXT', 'TEXT', 'TEXT', 'TEXT', 'TEXT', 'TEXT', 'TEXT']
PREDICTED TOKENS: ['TEXT', 'TEXT', 'TEXT', 'TEXT', 'TEXT', 'TEXT', 'TEXT']
----------------------------------------
PROMPT: o2 remaining but first check fan?
EXPECTED TAGS: ['vitals_fan_sec_rpm', 'vitals_oxy_time_left']
PREDICTED TAGS: ['vitals_fan_pri_rpm', 'vitals_oxy_time_left']
EXPECTED TOKENS: ['TEXT', 'TEXT', 'TEXT', 'TEXT', 'TEXT', 'TEXT', 'TEXT', 'TEXT']
PREDICTED TOKENS: ['TEXT', 'TEXT', 'TEXT', 'TEXT', 'TEXT', 'TEXT', 'TEXT', 'TEXT']
----------------------------------------
PROMPT: uia egress now and check backup oxygen
EXPECTED TAGS: ['start_procedure_uia_egress', 'vitals_oxy_sec_pressure']
PREDICTED TAGS: ['start_procedure_uia_egress', 'vitals_oxy_sec_storage']
EXPECTED TOKENS: ['TEXT', 'TEXT', 'TEXT', 'TEXT', 'TEXT', 'TEXT', 'TEXT', 'TEXT', 'TEXT', 'TEXT']
PREDICTED TOKENS: ['TEXT', 'TEXT', 'TEXT', 'TEXT', 'TEXT', 'TEXT', 'TEXT', 'TEXT', 'TEXT', 'TEXT']
----------------------------------------
PROMPT: need oxygen remaining time and along with that show coolant pressure
EXPECTED TAGS: ['vitals_coolant_liquid_pressure', 'vitals_oxy_time_left']
PREDICTED TAGS: ['vitals_coolant_gas_pressure', 'vitals_oxy_time_left']
EXPECTED TOKENS: ['TEXT', 'TEXT', 'TEXT', 'TEXT', 'TEXT', 'TEXT', 'TEXT', 'TEXT', 'TEXT', 'TEXT', 'TEXT', 'TEXT']
PREDICTED TOKENS: ['TEXT', 'TEXT', 'TEXT', 'TEXT', 'TEXT', 'TEXT', 'TEXT', 'TEXT', 'TEXT', 'TEXT', 'TEXT', 'TEXT']
----------------------------------------
PROMPT: hey i need you to pull up my current battery time remaining and also clear the hud overlay
EXPECTED TAGS: ['close_menu', 'open_menu_vitals']
PREDICTED TAGS: ['close_menu', 'vitals_batt_time_left']
EXPECTED TOKENS: ['TEXT', 'TEXT', 'TEXT', 'TEXT', 'TEXT', 'TEXT', 'TEXT', 'TEXT', 'TEXT', 'TEXT', 'TEXT', 'TEXT', 'TEXT', 'TEXT', 'TEXT', 'TEXT', 'TEXT', 'TEXT', 'TEXT', 'TEXT']
PREDICTED TOKENS: ['TEXT', 'TEXT', 'TEXT', 'TEXT', 'TEXT', 'TEXT', 'TEXT', 'TEXT', 'TEXT', 'TEXT', 'TEXT', 'TEXT', 'TEXT', 'TEXT', 'TEXT', 'TEXT', 'TEXT', 'TEXT', 'TEXT', 'TEXT']
----------------------------------------
PROMPT: remove marker pointb and then find the emergency stash coordinates
EXPECTED TAGS: ['Delete_waypoint', 'Get_coordinates']
PREDICTED TAGS: ['Delete_waypoint', 'Get_coordinates']
EXPECTED TOKENS: ['TEXT', 'TEXT', 'DELETE_WAYPOINT_NAME', 'DELETE_WAYPOINT_NAME', 'TEXT', 'TEXT', 'TEXT', 'TEXT', 'TEXT', 'TEXT', 'TEXT', 'TEXT']
PREDICTED TOKENS: ['TEXT', 'TEXT', 'DELETE_WAYPOINT_NAME', 'DELETE_WAYPOINT_NAME', 'TEXT', 'TEXT', 'TEXT', 'TEXT', 'COORDINATE_TARGET_NAME', 'COORDINATE_TARGET_NAME', 'COORDINATE_TARGET_NAME', 'TEXT']
----------------------------------------
PROMPT: redirect navigation and pull up vitals.
EXPECTED TAGS: ['reroute_navigation', 'vitals_suit_pressure_oxy']
PREDICTED TAGS: ['reroute_navigation']
EXPECTED TOKENS: ['TEXT', 'TEXT', 'TEXT', 'TEXT', 'TEXT', 'TEXT', 'TEXT', 'TEXT', 'TEXT', 'TEXT']
PREDICTED TOKENS: ['TEXT', 'TEXT', 'TEXT', 'TEXT', 'TEXT', 'TEXT', 'TEXT', 'TEXT', 'TEXT', 'TEXT']
----------------------------------------
PROMPT: while you pull the secondary o2 pressure, additionally and then complete the eva checklist entry
EXPECTED TAGS: ['Complete_task', 'vitals_oxy_sec_pressure']
PREDICTED TAGS: ['Complete_task', 'vitals_oxy_sec_pressure']
EXPECTED TOKENS: ['TEXT', 'TEXT', 'TEXT', 'TEXT', 'TEXT', 'TEXT', 'TEXT', 'TEXT', 'TEXT', 'TEXT', 'TEXT', 'TEXT', 'TEXT', 'TEXT', 'COMPLETE_TASK_NAME', 'COMPLETE_TASK_NAME', 'COMPLETE_TASK_NAME', 'TEXT']
PREDICTED TOKENS: ['TEXT', 'TEXT', 'TEXT', 'TEXT', 'TEXT', 'TEXT', 'TEXT', 'TEXT', 'TEXT', 'TEXT', 'TEXT', 'TEXT', 'TEXT', 'TEXT', 'COMPLETE_TASK_NAME', 'COMPLETE_TASK_NAME', 'COMPLETE_TASK_NAME', 'COMPLETE_TASK_NAME']
----------------------------------------
PROMPT: erase backup marker and along with that open comms
EXPECTED TAGS: ['Delete_waypoint', 'open_menu_messaging']
PREDICTED TAGS: ['Delete_waypoint', 'open_menu_messaging']
EXPECTED TOKENS: ['TEXT', 'DELETE_WAYPOINT_NAME', 'TEXT', 'TEXT', 'TEXT', 'TEXT', 'TEXT', 'TEXT', 'TEXT', 'TEXT']
PREDICTED TOKENS: ['TEXT', 'DELETE_WAYPOINT_NAME', 'DELETE_WAYPOINT_NAME', 'TEXT', 'TEXT', 'TEXT', 'TEXT', 'TEXT', 'TEXT', 'TEXT']
----------------------------------------
PROMPT: get coordinates for base camp and oxygen?
EXPECTED TAGS: ['Get_coordinates', 'vitals_oxy_time_left']
PREDICTED TAGS: ['Get_coordinates', 'vitals_oxy_consumption']
EXPECTED TOKENS: ['TEXT', 'TEXT', 'TEXT', 'COORDINATE_TARGET_NAME', 'COORDINATE_TARGET_NAME', 'TEXT', 'TEXT', 'TEXT']
PREDICTED TOKENS: ['TEXT', 'TEXT', 'TEXT', 'COORDINATE_TARGET_NAME', 'COORDINATE_TARGET_NAME', 'TEXT', 'TEXT', 'TEXT']
----------------------------------------
PROMPT: intravehicular activity start
EXPECTED TAGS: ['start_procedure_uia_ingress']
PREDICTED TAGS: ['start_procedure_uia_egress']
EXPECTED TOKENS: ['TEXT', 'TEXT', 'TEXT', 'TEXT', 'TEXT', 'TEXT']
PREDICTED TOKENS: ['TEXT', 'TEXT', 'TEXT', 'TEXT', 'TEXT', 'TEXT']
----------------------------------------
PROMPT: fan rpm then open samples
EXPECTED TAGS: ['open_menu_geosamples', 'vitals_fan_sec_rpm']
PREDICTED TAGS: ['open_menu_geosamples']
EXPECTED TOKENS: ['TEXT', 'TEXT', 'TEXT', 'TEXT', 'TEXT']
PREDICTED TOKENS: ['TEXT', 'TEXT', 'TEXT', 'TEXT', 'TEXT']
----------------------------------------
PROMPT: could you open corvus first and also report coolant pressure?
EXPECTED TAGS: ['open_menu_voice_assistant', 'vitals_coolant_liquid_pressure']
PREDICTED TAGS: ['open_menu_voice_assistant', 'vitals_coolant_gas_pressure']
EXPECTED TOKENS: ['TEXT', 'TEXT', 'TEXT', 'TEXT', 'TEXT', 'TEXT', 'TEXT', 'TEXT', 'TEXT', 'TEXT', 'TEXT', 'TEXT', 'TEXT', 'TEXT']
PREDICTED TOKENS: ['TEXT', 'TEXT', 'TEXT', 'TEXT', 'TEXT', 'TEXT', 'TEXT', 'TEXT', 'TEXT', 'TEXT', 'TEXT', 'TEXT', 'TEXT', 'TEXT']
----------------------------------------
PROMPT: open pr menu plus report o2
EXPECTED TAGS: ['open_menu_rover', 'vitals_oxy_pri_storage']
PREDICTED TAGS: ['open_menu_rover', 'vitals_suit_pressure_oxy']
EXPECTED TOKENS: ['TEXT', 'TEXT', 'TEXT', 'TEXT', 'TEXT', 'TEXT', 'TEXT']
PREDICTED TOKENS: ['TEXT', 'TEXT', 'TEXT', 'TEXT', 'TEXT', 'TEXT', 'TEXT']
----------------------------------------
PROMPT: primary oxygen but first show coolant
EXPECTED TAGS: ['vitals_coolant_storage', 'vitals_oxy_pri_pressure']
PREDICTED TAGS: ['vitals_coolant_storage', 'vitals_oxy_pri_storage']
EXPECTED TOKENS: ['TEXT', 'TEXT', 'TEXT', 'TEXT', 'TEXT', 'TEXT', 'TEXT']
PREDICTED TOKENS: ['TEXT', 'TEXT', 'TEXT', 'TEXT', 'TEXT', 'TEXT', 'TEXT']
----------------------------------------
PROMPT: start egress then show primary oxygen
EXPECTED TAGS: ['start_procedure_uia_egress', 'vitals_oxy_pri_storage']
PREDICTED TAGS: ['start_procedure_uia_egress', 'vitals_oxy_pri_pressure']
EXPECTED TOKENS: ['TEXT', 'TEXT', 'TEXT', 'TEXT', 'TEXT', 'TEXT', 'TEXT', 'TEXT']
PREDICTED TOKENS: ['TEXT', 'TEXT', 'TEXT', 'TEXT', 'TEXT', 'TEXT', 'TEXT', 'TEXT']
----------------------------------------
PROMPT: start egress plus report primary o2
EXPECTED TAGS: ['start_procedure_uia_egress', 'vitals_oxy_pri_storage']
PREDICTED TAGS: ['start_procedure_uia_egress', 'vitals_oxy_pri_pressure']
EXPECTED TOKENS: ['TEXT', 'TEXT', 'TEXT', 'TEXT', 'TEXT', 'TEXT', 'TEXT', 'TEXT', 'TEXT']
PREDICTED TOKENS: ['TEXT', 'TEXT', 'TEXT', 'TEXT', 'TEXT', 'TEXT', 'TEXT', 'TEXT', 'TEXT']
----------------------------------------
PROMPT: pull up my body temp while you ' re at it add task replace the fuel line clamp before next maneuver
EXPECTED TAGS: ['Add_task', 'vitals_temperature']
PREDICTED TAGS: ['Add_task', 'vitals_temperature']
EXPECTED TOKENS: ['TEXT', 'TEXT', 'TEXT', 'TEXT', 'TEXT', 'TEXT', 'TEXT', 'TEXT', 'TEXT', 'TEXT', 'TEXT', 'TEXT', 'TEXT', 'TEXT', 'TASK_NAME', 'TASK_NAME', 'TASK_NAME', 'TASK_NAME', 'TASK_NAME', 'TASK_NAME', 'TASK_NAME', 'TASK_NAME', 'TASK_NAME']
PREDICTED TOKENS: ['TEXT', 'TEXT', 'TEXT', 'TEXT', 'TEXT', 'TEXT', 'TEXT', 'TEXT', 'TEXT', 'TEXT', 'TEXT', 'TEXT', 'TEXT', 'TEXT', 'TASK_NAME', 'TASK_NAME', 'TASK_NAME', 'TASK_NAME', 'TASK_NAME', 'TASK_NAME', 'TASK_NAME', 'TASK_NAME', 'TEXT']
----------------------------------------
PROMPT: bring up co2 levels before attempting the system restart, please
EXPECTED TAGS: ['start_procedure_system_restart', 'vitals_co2_production']
PREDICTED TAGS: ['start_procedure_system_restart', 'vitals_suit_pressure_co2']
EXPECTED TOKENS: ['TEXT', 'TEXT', 'TEXT', 'TEXT', 'TEXT', 'TEXT', 'TEXT', 'TEXT', 'TEXT', 'TEXT', 'TEXT', 'TEXT']
PREDICTED TOKENS: ['TEXT', 'TEXT', 'TEXT', 'TEXT', 'TEXT', 'TEXT', 'TEXT', 'TEXT', 'TEXT', 'TEXT', 'TEXT', 'TEXT']
----------------------------------------
PROMPT: co2 read and then mark oxygen valve check.
EXPECTED TAGS: ['Complete_task', 'vitals_co2_production']
PREDICTED TAGS: ['Complete_task', 'vitals_co2_production', 'vitals_suit_pressure_co2']
EXPECTED TOKENS: ['TEXT', 'TEXT', 'TEXT', 'TEXT', 'TEXT', 'TEXT', 'COMPLETE_TASK_NAME', 'COMPLETE_TASK_NAME', 'COMPLETE_TASK_NAME', 'TEXT']
PREDICTED TOKENS: ['TEXT', 'TEXT', 'TEXT', 'TEXT', 'TEXT', 'TEXT', 'COMPLETE_TASK_NAME', 'COMPLETE_TASK_NAME', 'COMPLETE_TASK_NAME', 'TEXT']
----------------------------------------
PROMPT: run diagnostics on eva rover and also display suit biometrics
EXPECTED TAGS: ['start_procedure_system_diagnosis', 'vitals_suit_pressure_total']
PREDICTED TAGS: ['open_menu_voice_assistant', 'start_procedure_system_diagnosis']
EXPECTED TOKENS: ['TEXT', 'TEXT', 'TEXT', 'TEXT', 'TEXT', 'TEXT', 'TEXT', 'TEXT', 'TEXT', 'TEXT', 'TEXT', 'TEXT', 'TEXT']
PREDICTED TOKENS: ['TEXT', 'TEXT', 'TEXT', 'TEXT', 'TEXT', 'TEXT', 'TEXT', 'TEXT', 'TEXT', 'TEXT', 'TEXT', 'TEXT', 'TEXT']
----------------------------------------
PROMPT: i need to verify thermal safety
EXPECTED TAGS: ['vitals_temperature']
PREDICTED TAGS: ['Add_task']
EXPECTED TOKENS: ['TEXT', 'TEXT', 'TEXT', 'TEXT', 'TEXT', 'TEXT']
PREDICTED TOKENS: ['TEXT', 'TEXT', 'TEXT', 'TEXT', 'TASK_NAME', 'TASK_NAME']
----------------------------------------
PROMPT: hey, diagnose the rover and then show the nearest waypoint and mark an alternate route if needed
EXPECTED TAGS: ['open_menu_navigation', 'start_procedure_system_diagnosis']
PREDICTED TAGS: ['open_menu_navigation', 'reroute_navigation', 'start_procedure_system_diagnosis']
EXPECTED TOKENS: ['TEXT', 'TEXT', 'TEXT', 'TEXT', 'TEXT', 'TEXT', 'TEXT', 'TEXT', 'TEXT', 'TEXT', 'TEXT', 'TEXT', 'TEXT', 'TEXT', 'TEXT', 'TEXT', 'TEXT', 'TEXT', 'TEXT', 'TEXT', 'TEXT']
PREDICTED TOKENS: ['TEXT', 'TEXT', 'TEXT', 'TEXT', 'TEXT', 'TEXT', 'TEXT', 'TEXT', 'TEXT', 'TEXT', 'TEXT', 'TEXT', 'TEXT', 'TEXT', 'TEXT', 'TEXT', 'TEXT', 'TEXT', 'TEXT', 'TEXT', 'TEXT']
----------------------------------------
PROMPT: open corvus and as well as dismissing the telemetry window, show my heart rate and oxygen level
EXPECTED TAGS: ['close_menu', 'open_menu_voice_assistant']
PREDICTED TAGS: ['close_menu', 'open_menu_voice_assistant', 'vitals_heart_rate']
EXPECTED TOKENS: ['TEXT', 'TEXT', 'TEXT', 'TEXT', 'TEXT', 'TEXT', 'TEXT', 'TEXT', 'TEXT', 'TEXT', 'TEXT', 'TEXT', 'TEXT', 'TEXT', 'TEXT', 'TEXT', 'TEXT', 'TEXT', 'TEXT', 'TEXT', 'TEXT', 'TEXT']
PREDICTED TOKENS: ['TEXT', 'TEXT', 'TEXT', 'TEXT', 'TEXT', 'TEXT', 'TEXT', 'TEXT', 'TEXT', 'TEXT', 'TEXT', 'TEXT', 'TEXT', 'TEXT', 'TEXT', 'TEXT', 'TEXT', 'TEXT', 'TEXT', 'TEXT', 'TEXT', 'TEXT']
----------------------------------------
PROMPT: gimme secondary o2 cylinder level and pressure while i suit up
EXPECTED TAGS: ['vitals_oxy_sec_pressure', 'vitals_oxy_sec_storage']
PREDICTED TAGS: ['vitals_oxy_sec_pressure', 'vitals_oxy_sec_storage', 'vitals_suit_pressure_total']
EXPECTED TOKENS: ['TEXT', 'TEXT', 'TEXT', 'TEXT', 'TEXT', 'TEXT', 'TEXT', 'TEXT', 'TEXT', 'TEXT', 'TEXT', 'TEXT', 'TEXT']
PREDICTED TOKENS: ['TEXT', 'TEXT', 'TEXT', 'TEXT', 'TEXT', 'TEXT', 'TEXT', 'TEXT', 'TEXT', 'TEXT', 'TEXT', 'TEXT', 'TEXT']
----------------------------------------
PROMPT: suit sensors display
EXPECTED TAGS: ['open_menu_vitals']
PREDICTED TAGS: ['open_menu_uia', 'open_menu_vitals']
EXPECTED TOKENS: ['TEXT', 'TEXT', 'TEXT']
PREDICTED TOKENS: ['TEXT', 'TEXT', 'TEXT']
----------------------------------------
PROMPT: start the uia ingress and then open fan rpm display
EXPECTED TAGS: ['start_procedure_uia_ingress', 'vitals_fan_sec_rpm']
PREDICTED TAGS: ['start_procedure_uia_ingress', 'vitals_fan_pri_rpm']
EXPECTED TOKENS: ['TEXT', 'TEXT', 'TEXT', 'TEXT', 'TEXT', 'TEXT', 'TEXT', 'TEXT', 'TEXT', 'TEXT', 'TEXT', 'TEXT']
PREDICTED TOKENS: ['TEXT', 'TEXT', 'TEXT', 'TEXT', 'TEXT', 'TEXT', 'TEXT', 'TEXT', 'TEXT', 'TEXT', 'TEXT', 'TEXT']
----------------------------------------
PROMPT: gimme primary o2 plus open ui
EXPECTED TAGS: ['open_menu_voice_assistant', 'vitals_oxy_pri_storage']
PREDICTED TAGS: ['open_menu_uia', 'open_menu_voice_assistant', 'vitals_oxy_pri_storage']
EXPECTED TOKENS: ['TEXT', 'TEXT', 'TEXT', 'TEXT', 'TEXT', 'TEXT', 'TEXT', 'TEXT']
PREDICTED TOKENS: ['TEXT', 'TEXT', 'TEXT', 'TEXT', 'TEXT', 'TEXT', 'TEXT', 'TEXT']
----------------------------------------
PROMPT: read my biometrics and after that open the rover status
EXPECTED TAGS: ['get_warnings', 'open_menu_rover']
PREDICTED TAGS: ['open_menu_rover', 'vitals_temperature']
EXPECTED TOKENS: ['TEXT', 'TEXT', 'TEXT', 'TEXT', 'TEXT', 'TEXT', 'TEXT', 'TEXT', 'TEXT', 'TEXT', 'TEXT', 'TEXT']
PREDICTED TOKENS: ['TEXT', 'TEXT', 'TEXT', 'TEXT', 'TEXT', 'TEXT', 'TEXT', 'TEXT', 'TEXT', 'TEXT', 'TEXT', 'TEXT']
----------------------------------------
PROMPT: kick off restart then display o2
EXPECTED TAGS: ['start_procedure_system_restart', 'vitals_suit_pressure_oxy']
PREDICTED TAGS: ['start_procedure_system_restart', 'vitals_oxy_pri_storage']
EXPECTED TOKENS: ['TEXT', 'TEXT', 'TEXT', 'TEXT', 'TEXT', 'TEXT', 'TEXT']
PREDICTED TOKENS: ['TEXT', 'TEXT', 'TEXT', 'TEXT', 'TEXT', 'TEXT', 'TEXT']
----------------------------------------
PROMPT: tell me o2 while opening dashboard
EXPECTED TAGS: ['open_menu_rover', 'vitals_suit_pressure_oxy']
PREDICTED TAGS: ['open_menu_rover', 'vitals_oxy_pri_pressure']
EXPECTED TOKENS: ['TEXT', 'TEXT', 'TEXT', 'TEXT', 'TEXT', 'TEXT', 'TEXT']
PREDICTED TOKENS: ['TEXT', 'TEXT', 'TEXT', 'TEXT', 'TEXT', 'TEXT', 'TEXT']
----------------------------------------
PROMPT: coolant then o2 readout please
EXPECTED TAGS: ['vitals_coolant_storage', 'vitals_oxy_pri_storage']
PREDICTED TAGS: ['vitals_coolant_storage', 'vitals_suit_pressure_oxy']
EXPECTED TOKENS: ['TEXT', 'TEXT', 'TEXT', 'TEXT', 'TEXT', 'TEXT', 'TEXT', 'TEXT']
PREDICTED TOKENS: ['TEXT', 'TEXT', 'TEXT', 'TEXT', 'TEXT', 'TEXT', 'TEXT', 'TEXT']
----------------------------------------
PROMPT: bring up biometrics in addition to starting erm procedure
EXPECTED TAGS: ['start_procedure_erm', 'vitals_batt_time_left']
PREDICTED TAGS: ['open_menu_vitals', 'start_procedure_erm']
EXPECTED TOKENS: ['TEXT', 'TEXT', 'TEXT', 'TEXT', 'TEXT', 'TEXT', 'TEXT', 'TEXT', 'TEXT', 'TEXT', 'TEXT', 'TEXT']
PREDICTED TOKENS: ['TEXT', 'TEXT', 'TEXT', 'TEXT', 'TEXT', 'TEXT', 'TEXT', 'TEXT', 'TEXT', 'TEXT', 'TEXT', 'TEXT']
----------------------------------------
PROMPT: i need you to display current coolant pressure, and in addition locate sample site alpha with coordinates
EXPECTED TAGS: ['Get_coordinates', 'vitals_coolant_liquid_pressure']
PREDICTED TAGS: ['Get_coordinates', 'vitals_coolant_gas_pressure']
EXPECTED TOKENS: ['TEXT', 'TEXT', 'TEXT', 'TEXT', 'TEXT', 'TEXT', 'TEXT', 'TEXT', 'TEXT', 'TEXT', 'TEXT', 'TEXT', 'TEXT', 'TEXT', 'COORDINATE_TARGET_NAME', 'COORDINATE_TARGET_NAME', 'COORDINATE_TARGET_NAME', 'TEXT', 'TEXT']
PREDICTED TOKENS: ['TEXT', 'TEXT', 'TEXT', 'TEXT', 'TEXT', 'TEXT', 'TEXT', 'TEXT', 'TEXT', 'TEXT', 'TEXT', 'TEXT', 'TEXT', 'TEXT', 'COORDINATE_TARGET_NAME', 'COORDINATE_TARGET_NAME', 'COORDINATE_TARGET_NAME', 'TEXT', 'TEXT']
----------------------------------------
PROMPT: show co2 levels as well as open the voice assistant
EXPECTED TAGS: ['open_menu_voice_assistant', 'vitals_co2_production']
PREDICTED TAGS: ['open_menu_voice_assistant', 'vitals_co2_production', 'vitals_suit_pressure_co2']
EXPECTED TOKENS: ['TEXT', 'TEXT', 'TEXT', 'TEXT', 'TEXT', 'TEXT', 'TEXT', 'TEXT', 'TEXT', 'TEXT', 'TEXT']
PREDICTED TOKENS: ['TEXT', 'TEXT', 'TEXT', 'TEXT', 'TEXT', 'TEXT', 'TEXT', 'TEXT', 'TEXT', 'TEXT', 'TEXT']
----------------------------------------
PROMPT: read my vitals and then reroute around debris field
EXPECTED TAGS: ['get_warnings', 'reroute_navigation']
PREDICTED TAGS: ['reroute_navigation', 'vitals_heart_rate']
EXPECTED TOKENS: ['TEXT', 'TEXT', 'TEXT', 'TEXT', 'TEXT', 'TEXT', 'TEXT', 'TEXT', 'TEXT', 'TEXT', 'TEXT', 'TEXT']
PREDICTED TOKENS: ['TEXT', 'TEXT', 'TEXT', 'TEXT', 'TEXT', 'TEXT', 'TEXT', 'TEXT', 'TEXT', 'TEXT', 'TEXT', 'TEXT']
----------------------------------------
PROMPT: could you open my biometrics display first and afterwards summarize any current alerts and anomalies?
EXPECTED TAGS: ['get_warnings', 'open_menu_vitals']
PREDICTED TAGS: ['get_warnings', 'vitals_co2_production']
EXPECTED TOKENS: ['TEXT', 'TEXT', 'TEXT', 'TEXT', 'TEXT', 'TEXT', 'TEXT', 'TEXT', 'TEXT', 'TEXT', 'TEXT', 'TEXT', 'TEXT', 'TEXT', 'TEXT', 'TEXT', 'TEXT', 'TEXT', 'TEXT', 'TEXT', 'TEXT', 'TEXT', 'TEXT']
PREDICTED TOKENS: ['TEXT', 'TEXT', 'TEXT', 'TEXT', 'TEXT', 'TEXT', 'TEXT', 'TEXT', 'TEXT', 'TEXT', 'TEXT', 'TEXT', 'TEXT', 'TEXT', 'TEXT', 'TEXT', 'TEXT', 'TEXT', 'TEXT', 'TEXT', 'TEXT', 'TEXT', 'TEXT']
----------------------------------------
PROMPT: yo mark suit seal test done and also tell me backup o2 reading
EXPECTED TAGS: ['Complete_task', 'vitals_oxy_sec_storage']
PREDICTED TAGS: ['Complete_task', 'vitals_oxy_sec_pressure']
EXPECTED TOKENS: ['TEXT', 'TEXT', 'COMPLETE_TASK_NAME', 'COMPLETE_TASK_NAME', 'COMPLETE_TASK_NAME', 'TEXT', 'TEXT', 'TEXT', 'TEXT', 'TEXT', 'TEXT', 'TEXT', 'TEXT', 'TEXT']
PREDICTED TOKENS: ['TEXT', 'TEXT', 'COMPLETE_TASK_NAME', 'COMPLETE_TASK_NAME', 'COMPLETE_TASK_NAME', 'TEXT', 'TEXT', 'TEXT', 'TEXT', 'TEXT', 'TEXT', 'TEXT', 'TEXT', 'TEXT']
----------------------------------------
PROMPT: add task seal leak and check co2
EXPECTED TAGS: ['Add_task', 'vitals_suit_pressure_co2']
PREDICTED TAGS: ['Add_task', 'vitals_co2_production']
EXPECTED TOKENS: ['TEXT', 'TEXT', 'TASK_NAME', 'TASK_NAME', 'TEXT', 'TEXT', 'TEXT', 'TEXT']
PREDICTED TOKENS: ['TEXT', 'TEXT', 'TASK_NAME', 'TASK_NAME', 'TEXT', 'TEXT', 'TEXT', 'TEXT']
----------------------------------------
PROMPT: bring up vitals and list alerts
EXPECTED TAGS: ['get_warnings', 'vitals_co2_production']
PREDICTED TAGS: ['get_warnings', 'open_menu_vitals', 'vitals_heart_rate']
EXPECTED TOKENS: ['TEXT', 'TEXT', 'TEXT', 'TEXT', 'TEXT', 'TEXT', 'TEXT', 'TEXT']
PREDICTED TOKENS: ['TEXT', 'TEXT', 'TEXT', 'TEXT', 'TEXT', 'TEXT', 'TEXT', 'TEXT']
----------------------------------------
PROMPT: please navigate to rover - 3 and mark antenna check complete
EXPECTED TAGS: ['Complete_task', 'Set_navigation_target']
PREDICTED TAGS: ['Complete_task', 'Set_navigation_target']
EXPECTED TOKENS: ['TEXT', 'TEXT', 'TEXT', 'NAVIGATION_TARGET_NAME', 'NAVIGATION_TARGET_NAME', 'NAVIGATION_TARGET_NAME', 'TEXT', 'TEXT', 'COMPLETE_TASK_NAME', 'COMPLETE_TASK_NAME', 'TEXT']
PREDICTED TOKENS: ['TEXT', 'TEXT', 'TEXT', 'NAVIGATION_TARGET_NAME', 'NAVIGATION_TARGET_NAME', 'NAVIGATION_TARGET_NAME', 'TEXT', 'TEXT', 'COMPLETE_TASK_NAME', 'COMPLETE_TASK_NAME', 'COMPLETE_TASK_NAME']
----------------------------------------
PROMPT: please display vitals as well as check coolant percentage
EXPECTED TAGS: ['open_menu_voice_assistant', 'vitals_coolant_storage']
PREDICTED TAGS: ['open_menu_vitals', 'vitals_coolant_storage']
EXPECTED TOKENS: ['TEXT', 'TEXT', 'TEXT', 'TEXT', 'TEXT', 'TEXT', 'TEXT', 'TEXT', 'TEXT', 'TEXT', 'TEXT']
PREDICTED TOKENS: ['TEXT', 'TEXT', 'TEXT', 'TEXT', 'TEXT', 'TEXT', 'TEXT', 'TEXT', 'TEXT', 'TEXT', 'TEXT']
----------------------------------------
PROMPT: can you display my battery charge and additionally start the power management module reboot sequence, please?
EXPECTED TAGS: ['open_menu_tasks', 'start_procedure_system_restart']
PREDICTED TAGS: ['open_menu_vitals', 'start_procedure_system_restart']
EXPECTED TOKENS: ['TEXT', 'TEXT', 'TEXT', 'TEXT', 'TEXT', 'TEXT', 'TEXT', 'TEXT', 'TEXT', 'TEXT', 'TEXT', 'TEXT', 'TEXT', 'TEXT', 'TEXT', 'TEXT', 'TEXT', 'TEXT', 'TEXT']
PREDICTED TOKENS: ['TEXT', 'TEXT', 'TEXT', 'TEXT', 'TEXT', 'TEXT', 'TEXT', 'TEXT', 'TEXT', 'TEXT', 'TEXT', 'TEXT', 'TEXT', 'TEXT', 'TEXT', 'TEXT', 'TEXT', 'TEXT', 'TEXT']
----------------------------------------
PROMPT: could you show corvus and after that check co2 levels?
EXPECTED TAGS: ['open_menu_voice_assistant', 'vitals_co2_production']
PREDICTED TAGS: ['open_menu_voice_assistant', 'vitals_suit_pressure_co2']
EXPECTED TOKENS: ['TEXT', 'TEXT', 'TEXT', 'TEXT', 'TEXT', 'TEXT', 'TEXT', 'TEXT', 'TEXT', 'TEXT', 'TEXT', 'TEXT', 'TEXT', 'TEXT']
PREDICTED TOKENS: ['TEXT', 'TEXT', 'TEXT', 'TEXT', 'TEXT', 'TEXT', 'TEXT', 'TEXT', 'TEXT', 'TEXT', 'TEXT', 'TEXT', 'TEXT', 'TEXT']
----------------------------------------
PROMPT: steps to complete
EXPECTED TAGS: ['open_menu_tasks']
PREDICTED TAGS: ['start_procedure_uia_ingress']
EXPECTED TOKENS: ['TEXT', 'TEXT', 'TEXT']
PREDICTED TOKENS: ['TEXT', 'TEXT', 'TEXT']
----------------------------------------
PROMPT: hey, can you open my suit vitals and then followed by that run diagnostics on the rover ' s power system?
EXPECTED TAGS: ['start_procedure_system_diagnosis', 'vitals_oxy_consumption']
PREDICTED TAGS: ['start_procedure_system_diagnosis', 'vitals_batt_time_left']
EXPECTED TOKENS: ['TEXT', 'TEXT', 'TEXT', 'TEXT', 'TEXT', 'TEXT', 'TEXT', 'TEXT', 'TEXT', 'TEXT', 'TEXT', 'TEXT', 'TEXT', 'TEXT', 'TEXT', 'TEXT', 'TEXT', 'TEXT', 'TEXT', 'TEXT', 'TEXT', 'TEXT', 'TEXT', 'TEXT', 'TEXT']
PREDICTED TOKENS: ['TEXT', 'TEXT', 'TEXT', 'TEXT', 'TEXT', 'TEXT', 'TEXT', 'TEXT', 'TEXT', 'TEXT', 'TEXT', 'TEXT', 'TEXT', 'TEXT', 'TEXT', 'TEXT', 'TEXT', 'TEXT', 'TEXT', 'TEXT', 'TEXT', 'TEXT', 'TEXT', 'TEXT', 'TEXT']
----------------------------------------
PROMPT: report co2 and oxygen burn.
EXPECTED TAGS: ['vitals_co2_production', 'vitals_oxy_consumption']
PREDICTED TAGS: ['vitals_oxy_consumption', 'vitals_suit_pressure_co2']
EXPECTED TOKENS: ['TEXT', 'TEXT', 'TEXT', 'TEXT', 'TEXT', 'TEXT', 'TEXT']
PREDICTED TOKENS: ['TEXT', 'TEXT', 'TEXT', 'TEXT', 'TEXT', 'TEXT', 'TEXT']
----------------------------------------
PROMPT: quick check coolant and add task swap
EXPECTED TAGS: ['Add_task', 'vitals_coolant_liquid_pressure']
PREDICTED TAGS: ['Add_task', 'vitals_coolant_storage']
EXPECTED TOKENS: ['TEXT', 'TEXT', 'TEXT', 'TEXT', 'TEXT', 'TEXT', 'TEXT', 'TASK_NAME']
PREDICTED TOKENS: ['TEXT', 'TEXT', 'TEXT', 'TEXT', 'TEXT', 'TEXT', 'TEXT', 'TASK_NAME']
----------------------------------------
PROMPT: show battery duration plus o2 psi
EXPECTED TAGS: ['vitals_batt_time_left', 'vitals_oxy_sec_pressure']
PREDICTED TAGS: ['vitals_batt_time_left', 'vitals_oxy_pri_pressure', 'vitals_oxy_sec_pressure']
EXPECTED TOKENS: ['TEXT', 'TEXT', 'TEXT', 'TEXT', 'TEXT', 'TEXT', 'TEXT']
PREDICTED TOKENS: ['TEXT', 'TEXT', 'TEXT', 'TEXT', 'TEXT', 'TEXT', 'TEXT']
----------------------------------------
PROMPT: bring up suit non - o2 gas, then coolant
EXPECTED TAGS: ['vitals_coolant_gas_pressure', 'vitals_suit_pressure_other']
PREDICTED TAGS: ['vitals_suit_pressure_other']
EXPECTED TOKENS: ['TEXT', 'TEXT', 'TEXT', 'TEXT', 'TEXT', 'TEXT', 'TEXT', 'TEXT', 'TEXT', 'TEXT', 'TEXT', 'TEXT']
PREDICTED TOKENS: ['TEXT', 'TEXT', 'TEXT', 'TEXT', 'TEXT', 'TEXT', 'TEXT', 'TEXT', 'TEXT', 'TEXT', 'TEXT', 'TEXT']
----------------------------------------
PROMPT: show suit data while you run a system diagnosis
EXPECTED TAGS: ['start_procedure_system_diagnosis', 'vitals_temperature']
PREDICTED TAGS: ['open_menu_vitals', 'start_procedure_system_diagnosis']
EXPECTED TOKENS: ['TEXT', 'TEXT', 'TEXT', 'TEXT', 'TEXT', 'TEXT', 'TEXT', 'TEXT', 'TEXT']
PREDICTED TOKENS: ['TEXT', 'TEXT', 'TEXT', 'TEXT', 'TEXT', 'TEXT', 'TEXT', 'TEXT', 'TEXT']
----------------------------------------
PROMPT: please stow the tether then show total suit pressure after that
EXPECTED TAGS: ['Complete_task', 'vitals_suit_pressure_total']
PREDICTED TAGS: ['Complete_task', 'vitals_suit_pressure_total']
EXPECTED TOKENS: ['TEXT', 'TEXT', 'TEXT', 'TEXT', 'TEXT', 'TEXT', 'TEXT', 'TEXT', 'TEXT', 'TEXT', 'TEXT', 'TEXT', 'TEXT']
PREDICTED TOKENS: ['TEXT', 'TEXT', 'TEXT', 'TEXT', 'COMPLETE_TASK_NAME', 'COMPLETE_TASK_NAME', 'TEXT', 'TEXT', 'TEXT', 'TEXT', 'TEXT', 'TEXT', 'TEXT']
----------------------------------------
PROMPT: open rover telemetry and then check my biometric readout please
EXPECTED TAGS: ['open_menu_rover', 'vitals_heart_rate']
PREDICTED TAGS: ['open_menu_rover', 'vitals_heart_rate', 'vitals_temperature']
EXPECTED TOKENS: ['TEXT', 'TEXT', 'TEXT', 'TEXT', 'TEXT', 'TEXT', 'TEXT', 'TEXT', 'TEXT', 'TEXT', 'TEXT', 'TEXT', 'TEXT', 'TEXT']
PREDICTED TOKENS: ['TEXT', 'TEXT', 'TEXT', 'TEXT', 'TEXT', 'TEXT', 'TEXT', 'TEXT', 'TEXT', 'TEXT', 'TEXT', 'TEXT', 'TEXT', 'TEXT']
----------------------------------------
PROMPT: show my biometrics and then start the erm sequence
EXPECTED TAGS: ['start_procedure_erm', 'vitals_temperature']
PREDICTED TAGS: ['open_menu_vitals', 'start_procedure_erm']
EXPECTED TOKENS: ['TEXT', 'TEXT', 'TEXT', 'TEXT', 'TEXT', 'TEXT', 'TEXT', 'TEXT', 'TEXT', 'TEXT', 'TEXT', 'TEXT']
PREDICTED TOKENS: ['TEXT', 'TEXT', 'TEXT', 'TEXT', 'TEXT', 'TEXT', 'TEXT', 'TEXT', 'TEXT', 'TEXT', 'TEXT', 'TEXT']
----------------------------------------
PROMPT: followed by checking fan rpm, next pull up my oxygen consumption report
EXPECTED TAGS: ['vitals_fan_sec_rpm', 'vitals_oxy_consumption']
PREDICTED TAGS: ['vitals_fan_pri_rpm', 'vitals_oxy_consumption']
EXPECTED TOKENS: ['TEXT', 'TEXT', 'TEXT', 'TEXT', 'TEXT', 'TEXT', 'TEXT', 'TEXT', 'TEXT', 'TEXT', 'TEXT', 'TEXT', 'TEXT']
PREDICTED TOKENS: ['TEXT', 'TEXT', 'TEXT', 'TEXT', 'TEXT', 'TEXT', 'TEXT', 'TEXT', 'TEXT', 'TEXT', 'TEXT', 'TEXT', 'TEXT']
----------------------------------------
PROMPT: bring up vitals meanwhile add task secure loose tethering and then confirm tension specs
EXPECTED TAGS: ['Add_task', 'vitals_heart_rate']
PREDICTED TAGS: ['Add_task', 'open_menu_vitals']
EXPECTED TOKENS: ['TEXT', 'TEXT', 'TEXT', 'TEXT', 'TEXT', 'TEXT', 'TEXT', 'TASK_NAME', 'TASK_NAME', 'TASK_NAME', 'TASK_NAME', 'TASK_NAME', 'TEXT', 'TEXT', 'TEXT', 'TEXT', 'TEXT', 'TEXT']
PREDICTED TOKENS: ['TEXT', 'TEXT', 'TEXT', 'TEXT', 'TEXT', 'TEXT', 'TEXT', 'TASK_NAME', 'TASK_NAME', 'TASK_NAME', 'TASK_NAME', 'TASK_NAME', 'TEXT', 'TEXT', 'TEXT', 'TEXT', 'TEXT', 'TEXT']
----------------------------------------
PROMPT: please start final checks and show coolant
EXPECTED TAGS: ['start_procedure_final_system_checks', 'vitals_coolant_gas_pressure']
PREDICTED TAGS: ['start_procedure_final_system_checks', 'vitals_coolant_storage']
EXPECTED TOKENS: ['TEXT', 'TEXT', 'TEXT', 'TEXT', 'TEXT', 'TEXT', 'TEXT', 'TEXT']
PREDICTED TOKENS: ['TEXT', 'TEXT', 'TEXT', 'TEXT', 'TEXT', 'TEXT', 'TEXT', 'TEXT']
----------------------------------------
PROMPT: set destination north ridge and also tell me o2 pressure
EXPECTED TAGS: ['Set_navigation_target', 'vitals_oxy_pri_pressure']
PREDICTED TAGS: ['Set_navigation_target', 'vitals_suit_pressure_oxy']
EXPECTED TOKENS: ['TEXT', 'TEXT', 'NAVIGATION_TARGET_NAME', 'NAVIGATION_TARGET_NAME', 'TEXT', 'TEXT', 'TEXT', 'TEXT', 'TEXT', 'TEXT', 'TEXT']
PREDICTED TOKENS: ['TEXT', 'TEXT', 'NAVIGATION_TARGET_NAME', 'NAVIGATION_TARGET_NAME', 'TEXT', 'TEXT', 'TEXT', 'TEXT', 'TEXT', 'TEXT', 'TEXT']
----------------------------------------
PROMPT: bring up messages in addition to checking heart rate and show any alerts
EXPECTED TAGS: ['open_menu_messaging', 'vitals_heart_rate']
PREDICTED TAGS: ['get_warnings', 'open_menu_messaging', 'vitals_heart_rate']
EXPECTED TOKENS: ['TEXT', 'TEXT', 'TEXT', 'TEXT', 'TEXT', 'TEXT', 'TEXT', 'TEXT', 'TEXT', 'TEXT', 'TEXT', 'TEXT', 'TEXT', 'TEXT']
PREDICTED TOKENS: ['TEXT', 'TEXT', 'TEXT', 'TEXT', 'TEXT', 'TEXT', 'TEXT', 'TEXT', 'TEXT', 'TEXT', 'TEXT', 'TEXT', 'TEXT', 'TEXT']
----------------------------------------
PROMPT: unschedule a and unschedule b
EXPECTED TAGS: ['Delete_task']
PREDICTED TAGS: []
EXPECTED TOKENS: ['TEXT', 'TEXT', 'TEXT', 'TEXT', 'DELETE_TASK_NAME', 'TEXT', 'TEXT', 'TEXT', 'TEXT', 'TEXT', 'DELETE_TASK_NAME']
PREDICTED TOKENS: ['TEXT', 'TEXT', 'TEXT', 'TEXT', 'DELETE_WAYPOINT_NAME', 'TEXT', 'TEXT', 'TEXT', 'TEXT', 'TEXT', 'DELETE_WAYPOINT_NAME']
----------------------------------------
PROMPT: quickly tell me primary o2 and co2 readings
EXPECTED TAGS: ['vitals_co2_production', 'vitals_oxy_pri_storage']
PREDICTED TAGS: ['vitals_oxy_pri_storage', 'vitals_suit_pressure_co2']
EXPECTED TOKENS: ['TEXT', 'TEXT', 'TEXT', 'TEXT', 'TEXT', 'TEXT', 'TEXT', 'TEXT', 'TEXT', 'TEXT']
PREDICTED TOKENS: ['TEXT', 'TEXT', 'TEXT', 'TEXT', 'TEXT', 'TEXT', 'TEXT', 'TEXT', 'TEXT', 'TEXT']
----------------------------------------
PROMPT: open fan telemetry and then display my current oxygen supply time
EXPECTED TAGS: ['vitals_fan_sec_rpm', 'vitals_oxy_time_left']
PREDICTED TAGS: ['vitals_fan_pri_rpm', 'vitals_oxy_time_left']
EXPECTED TOKENS: ['TEXT', 'TEXT', 'TEXT', 'TEXT', 'TEXT', 'TEXT', 'TEXT', 'TEXT', 'TEXT', 'TEXT', 'TEXT', 'TEXT', 'TEXT']
PREDICTED TOKENS: ['TEXT', 'TEXT', 'TEXT', 'TEXT', 'TEXT', 'TEXT', 'TEXT', 'TEXT', 'TEXT', 'TEXT', 'TEXT', 'TEXT', 'TEXT']
----------------------------------------
PROMPT: gimme co2 levels in addition open the messages, please
EXPECTED TAGS: ['open_menu_messaging', 'vitals_co2_production']
PREDICTED TAGS: ['open_menu_messaging', 'vitals_suit_pressure_co2']
EXPECTED TOKENS: ['TEXT', 'TEXT', 'TEXT', 'TEXT', 'TEXT', 'TEXT', 'TEXT', 'TEXT', 'TEXT', 'TEXT', 'TEXT', 'TEXT']
PREDICTED TOKENS: ['TEXT', 'TEXT', 'TEXT', 'TEXT', 'TEXT', 'TEXT', 'TEXT', 'TEXT', 'TEXT', 'TEXT', 'TEXT', 'TEXT']
----------------------------------------
PROMPT: please pull up primary o2 tank pressure readings, and then redirect my path away from the solar flare region
EXPECTED TAGS: ['reroute_navigation', 'vitals_oxy_pri_storage']
PREDICTED TAGS: ['reroute_navigation', 'vitals_oxy_pri_pressure']
EXPECTED TOKENS: ['TEXT', 'TEXT', 'TEXT', 'TEXT', 'TEXT', 'TEXT', 'TEXT', 'TEXT', 'TEXT', 'TEXT', 'TEXT', 'TEXT', 'TEXT', 'TEXT', 'TEXT', 'TEXT', 'TEXT', 'TEXT', 'TEXT', 'TEXT', 'TEXT', 'TEXT', 'TEXT']
PREDICTED TOKENS: ['TEXT', 'TEXT', 'TEXT', 'TEXT', 'TEXT', 'TEXT', 'TEXT', 'TEXT', 'TEXT', 'TEXT', 'TEXT', 'TEXT', 'TEXT', 'TEXT', 'TEXT', 'TEXT', 'TEXT', 'TEXT', 'TEXT', 'TEXT', 'TEXT', 'TEXT', 'TEXT']
----------------------------------------
PROMPT: seal repair done then show o2 tank storage and levels
EXPECTED TAGS: ['Complete_task', 'vitals_oxy_pri_storage']
PREDICTED TAGS: ['Complete_task', 'vitals_oxy_pri_storage']
EXPECTED TOKENS: ['TEXT', 'TEXT', 'TEXT', 'TEXT', 'TEXT', 'TEXT', 'TEXT', 'TEXT', 'TEXT', 'TEXT', 'TEXT']
PREDICTED TOKENS: ['COMPLETE_TASK_NAME', 'COMPLETE_TASK_NAME', 'TEXT', 'TEXT', 'TEXT', 'TEXT', 'TEXT', 'TEXT', 'TEXT', 'TEXT', 'TEXT']
----------------------------------------
PROMPT: show task list but first check fan
EXPECTED TAGS: ['open_menu_tasks', 'vitals_fan_sec_rpm']
PREDICTED TAGS: ['open_menu_tasks', 'vitals_fan_pri_rpm']
EXPECTED TOKENS: ['TEXT', 'TEXT', 'TEXT', 'TEXT', 'TEXT', 'TEXT', 'TEXT']
PREDICTED TOKENS: ['TEXT', 'TEXT', 'TEXT', 'TEXT', 'TEXT', 'TEXT', 'TEXT']
----------------------------------------
PROMPT: restart system then check fan
EXPECTED TAGS: ['start_procedure_system_restart', 'vitals_fan_sec_rpm']
PREDICTED TAGS: ['start_procedure_system_restart', 'vitals_fan_pri_rpm']
EXPECTED TOKENS: ['TEXT', 'TEXT', 'TEXT', 'TEXT', 'TEXT']
PREDICTED TOKENS: ['TEXT', 'TEXT', 'TEXT', 'TEXT', 'TEXT']
----------------------------------------
PROMPT: fetch coolant pressure and at same time show primary o2
EXPECTED TAGS: ['vitals_coolant_gas_pressure', 'vitals_oxy_pri_storage']
PREDICTED TAGS: ['vitals_coolant_liquid_pressure', 'vitals_oxy_pri_storage']
EXPECTED TOKENS: ['TEXT', 'TEXT', 'TEXT', 'TEXT', 'TEXT', 'TEXT', 'TEXT', 'TEXT', 'TEXT', 'TEXT', 'TEXT', 'TEXT']
PREDICTED TOKENS: ['TEXT', 'TEXT', 'TEXT', 'TEXT', 'TEXT', 'TEXT', 'TEXT', 'TEXT', 'TEXT', 'TEXT', 'TEXT', 'TEXT']
----------------------------------------
PROMPT: coolant pressure first, then initiate erm
EXPECTED TAGS: ['start_procedure_erm', 'vitals_coolant_liquid_pressure']
PREDICTED TAGS: ['start_procedure_erm', 'vitals_coolant_gas_pressure']
EXPECTED TOKENS: ['TEXT', 'TEXT', 'TEXT', 'TEXT', 'TEXT', 'TEXT', 'TEXT', 'TEXT', 'TEXT']
PREDICTED TOKENS: ['TEXT', 'TEXT', 'TEXT', 'TEXT', 'TEXT', 'TEXT', 'TEXT', 'TEXT', 'TEXT']
----------------------------------------
PROMPT: could you display o2 partial pressure and also report fan rpm?
EXPECTED TAGS: ['vitals_fan_sec_rpm', 'vitals_suit_pressure_oxy']
PREDICTED TAGS: ['vitals_fan_pri_rpm', 'vitals_fan_sec_rpm', 'vitals_suit_pressure_oxy']
EXPECTED TOKENS: ['TEXT', 'TEXT', 'TEXT', 'TEXT', 'TEXT', 'TEXT', 'TEXT', 'TEXT', 'TEXT', 'TEXT', 'TEXT', 'TEXT', 'TEXT']
PREDICTED TOKENS: ['TEXT', 'TEXT', 'TEXT', 'TEXT', 'TEXT', 'TEXT', 'TEXT', 'TEXT', 'TEXT', 'TEXT', 'TEXT', 'TEXT', 'TEXT']
----------------------------------------
PROMPT: bring up my o2 usage and then set west rim as a waypoint
EXPECTED TAGS: ['Add_waypoint', 'vitals_oxy_consumption']
PREDICTED TAGS: ['Add_waypoint', 'Set_navigation_target', 'vitals_oxy_consumption']
EXPECTED TOKENS: ['TEXT', 'TEXT', 'TEXT', 'TEXT', 'TEXT', 'TEXT', 'TEXT', 'TEXT', 'TEXT', 'WAYPOINT_NAME', 'WAYPOINT_NAME', 'TEXT', 'TEXT', 'TEXT', 'TEXT']
PREDICTED TOKENS: ['TEXT', 'TEXT', 'TEXT', 'TEXT', 'TEXT', 'TEXT', 'TEXT', 'TEXT', 'TEXT', 'WAYPOINT_NAME', 'WAYPOINT_NAME', 'TEXT', 'TEXT', 'TEXT', 'TEXT']
----------------------------------------
PROMPT: check secondary o2 and then suit?
EXPECTED TAGS: ['vitals_oxy_sec_pressure', 'vitals_suit_pressure_oxy']
PREDICTED TAGS: ['vitals_oxy_sec_pressure', 'vitals_suit_pressure_co2', 'vitals_suit_pressure_total']
EXPECTED TOKENS: ['TEXT', 'TEXT', 'TEXT', 'TEXT', 'TEXT', 'TEXT', 'TEXT', 'TEXT']
PREDICTED TOKENS: ['TEXT', 'TEXT', 'TEXT', 'TEXT', 'TEXT', 'TEXT', 'TEXT', 'TEXT']
----------------------------------------
PROMPT: show vitals and find new path
EXPECTED TAGS: ['reroute_navigation', 'vitals_temperature']
PREDICTED TAGS: ['open_menu_vitals', 'reroute_navigation']
EXPECTED TOKENS: ['TEXT', 'TEXT', 'TEXT', 'TEXT', 'TEXT', 'TEXT', 'TEXT']
PREDICTED TOKENS: ['TEXT', 'TEXT', 'TEXT', 'TEXT', 'TEXT', 'TEXT', 'TEXT']
----------------------------------------
PROMPT: open geosamples before i check o2
EXPECTED TAGS: ['open_menu_geosamples', 'vitals_oxy_pri_storage']
PREDICTED TAGS: ['open_menu_geosamples']
EXPECTED TOKENS: ['TEXT', 'TEXT', 'TEXT', 'TEXT', 'TEXT', 'TEXT', 'TEXT', 'TEXT', 'TEXT']
PREDICTED TOKENS: ['TEXT', 'TEXT', 'TEXT', 'TEXT', 'TEXT', 'TEXT', 'TEXT', 'TEXT', 'TEXT']
----------------------------------------
PROMPT: hey, open my vitals and show the secondary fan rpm
EXPECTED TAGS: ['vitals_fan_sec_rpm', 'vitals_heart_rate']
PREDICTED TAGS: ['vitals_fan_sec_rpm']
EXPECTED TOKENS: ['TEXT', 'TEXT', 'TEXT', 'TEXT', 'TEXT', 'TEXT', 'TEXT', 'TEXT', 'TEXT', 'TEXT', 'TEXT', 'TEXT']
PREDICTED TOKENS: ['TEXT', 'TEXT', 'TEXT', 'TEXT', 'TEXT', 'TEXT', 'TEXT', 'TEXT', 'TEXT', 'TEXT', 'TEXT', 'TEXT']
----------------------------------------
PROMPT: check o2 minutes left and then co2 concentration.
EXPECTED TAGS: ['vitals_co2_production', 'vitals_oxy_time_left']
PREDICTED TAGS: ['vitals_oxy_time_left', 'vitals_suit_pressure_co2']
EXPECTED TOKENS: ['TEXT', 'TEXT', 'TEXT', 'TEXT', 'TEXT', 'TEXT', 'TEXT', 'TEXT', 'TEXT', 'TEXT', 'TEXT']
PREDICTED TOKENS: ['TEXT', 'TEXT', 'TEXT', 'TEXT', 'TEXT', 'TEXT', 'TEXT', 'TEXT', 'TEXT', 'TEXT', 'TEXT']
----------------------------------------
PROMPT: update task display
EXPECTED TAGS: ['open_menu_tasks']
PREDICTED TAGS: ['Add_task']
EXPECTED TOKENS: ['TEXT', 'TEXT', 'TEXT']
PREDICTED TOKENS: ['TEXT', 'TEXT', 'TEXT']
----------------------------------------
PROMPT: check co2, diagnose rover next
EXPECTED TAGS: ['start_procedure_system_diagnosis', 'vitals_suit_pressure_co2']
PREDICTED TAGS: ['start_procedure_system_diagnosis']
EXPECTED TOKENS: ['TEXT', 'TEXT', 'TEXT', 'TEXT', 'TEXT', 'TEXT', 'TEXT', 'TEXT', 'TEXT']
PREDICTED TOKENS: ['TEXT', 'TEXT', 'TEXT', 'TEXT', 'TEXT', 'TEXT', 'TEXT', 'TEXT', 'TEXT']
----------------------------------------
PROMPT: suit pressure plus secondary oxygen status.
EXPECTED TAGS: ['vitals_oxy_sec_storage', 'vitals_suit_pressure_total']
PREDICTED TAGS: ['vitals_oxy_sec_pressure', 'vitals_suit_pressure_total']
EXPECTED TOKENS: ['TEXT', 'TEXT', 'TEXT', 'TEXT', 'TEXT', 'TEXT', 'TEXT']
PREDICTED TOKENS: ['TEXT', 'TEXT', 'TEXT', 'TEXT', 'TEXT', 'TEXT', 'TEXT']
----------------------------------------
PROMPT: finish battery check and then show my suit biometrics next
EXPECTED TAGS: ['Complete_task', 'vitals_batt_time_left']
PREDICTED TAGS: ['Complete_task']
EXPECTED TOKENS: ['TEXT', 'COMPLETE_TASK_NAME', 'COMPLETE_TASK_NAME', 'TEXT', 'TEXT', 'TEXT', 'TEXT', 'TEXT', 'TEXT', 'TEXT', 'TEXT', 'TEXT']
PREDICTED TOKENS: ['TEXT', 'COMPLETE_TASK_NAME', 'COMPLETE_TASK_NAME', 'TEXT', 'TEXT', 'TEXT', 'TEXT', 'TEXT', 'TEXT', 'TEXT', 'TEXT', 'TEXT']
----------------------------------------
PROMPT: check the primary o2 tank pressure followed by opening the geological sample recording panel so i can tag rocks
EXPECTED TAGS: ['open_menu_geosamples', 'vitals_oxy_pri_storage']
PREDICTED TAGS: ['open_menu_geosamples', 'vitals_oxy_pri_pressure']
EXPECTED TOKENS: ['TEXT', 'TEXT', 'TEXT', 'TEXT', 'TEXT', 'TEXT', 'TEXT', 'TEXT', 'TEXT', 'TEXT', 'TEXT', 'TEXT', 'TEXT', 'TEXT', 'TEXT', 'TEXT', 'TEXT', 'TEXT', 'TEXT', 'TEXT']
PREDICTED TOKENS: ['TEXT', 'TEXT', 'TEXT', 'TEXT', 'TEXT', 'TEXT', 'TEXT', 'TEXT', 'TEXT', 'TEXT', 'TEXT', 'TEXT', 'TEXT', 'TEXT', 'TEXT', 'TEXT', 'TEXT', 'TEXT', 'TEXT', 'TEXT']
----------------------------------------
PROMPT: open the coolant pressure gauge and then kick off final checks
EXPECTED TAGS: ['start_procedure_final_system_checks', 'vitals_coolant_liquid_pressure']
PREDICTED TAGS: ['start_procedure_final_system_checks', 'vitals_coolant_gas_pressure']
EXPECTED TOKENS: ['TEXT', 'TEXT', 'TEXT', 'TEXT', 'TEXT', 'TEXT', 'TEXT', 'TEXT', 'TEXT', 'TEXT', 'TEXT', 'TEXT']
PREDICTED TOKENS: ['TEXT', 'TEXT', 'TEXT', 'TEXT', 'TEXT', 'TEXT', 'TEXT', 'TEXT', 'TEXT', 'TEXT', 'TEXT', 'TEXT']
----------------------------------------
PROMPT: check co2 then delete radiation sensor
EXPECTED TAGS: ['Delete_task', 'vitals_co2_production']
PREDICTED TAGS: ['Delete_waypoint', 'vitals_suit_pressure_co2']
EXPECTED TOKENS: ['TEXT', 'TEXT', 'TEXT', 'TEXT', 'TEXT', 'TEXT', 'DELETE_TASK_NAME', 'DELETE_TASK_NAME']
PREDICTED TOKENS: ['TEXT', 'TEXT', 'TEXT', 'TEXT', 'TEXT', 'TEXT', 'DELETE_WAYPOINT_NAME', 'DELETE_WAYPOINT_NAME']
----------------------------------------
PROMPT: could you show coolant loop pressure and my pulse?
EXPECTED TAGS: ['vitals_coolant_liquid_pressure', 'vitals_heart_rate']
PREDICTED TAGS: ['vitals_coolant_gas_pressure', 'vitals_heart_rate']
EXPECTED TOKENS: ['TEXT', 'TEXT', 'TEXT', 'TEXT', 'TEXT', 'TEXT', 'TEXT', 'TEXT', 'TEXT', 'TEXT', 'TEXT']
PREDICTED TOKENS: ['TEXT', 'TEXT', 'TEXT', 'TEXT', 'TEXT', 'TEXT', 'TEXT', 'TEXT', 'TEXT', 'TEXT', 'TEXT']
----------------------------------------
PROMPT: please reroute around the crater and then show me power reserves along with oxygen and vitals
EXPECTED TAGS: ['reroute_navigation', 'vitals_batt_time_left']
PREDICTED TAGS: ['open_menu_vitals', 'reroute_navigation']
EXPECTED TOKENS: ['TEXT', 'TEXT', 'TEXT', 'TEXT', 'TEXT', 'TEXT', 'TEXT', 'TEXT', 'TEXT', 'TEXT', 'TEXT', 'TEXT', 'TEXT', 'TEXT', 'TEXT', 'TEXT', 'TEXT', 'TEXT', 'TEXT']
PREDICTED TOKENS: ['TEXT', 'TEXT', 'TEXT', 'TEXT', 'TEXT', 'TEXT', 'TEXT', 'TEXT', 'TEXT', 'TEXT', 'TEXT', 'TEXT', 'TEXT', 'TEXT', 'TEXT', 'TEXT', 'TEXT', 'TEXT', 'TEXT']
----------------------------------------
PROMPT: pull up o2 pressure plus show fan rpm at same time
EXPECTED TAGS: ['vitals_fan_sec_rpm', 'vitals_oxy_sec_pressure']
PREDICTED TAGS: ['vitals_fan_sec_rpm', 'vitals_oxy_pri_pressure']
EXPECTED TOKENS: ['TEXT', 'TEXT', 'TEXT', 'TEXT', 'TEXT', 'TEXT', 'TEXT', 'TEXT', 'TEXT', 'TEXT', 'TEXT', 'TEXT']
PREDICTED TOKENS: ['TEXT', 'TEXT', 'TEXT', 'TEXT', 'TEXT', 'TEXT', 'TEXT', 'TEXT', 'TEXT', 'TEXT', 'TEXT', 'TEXT']
----------------------------------------
PROMPT: could you show my vitals and then also start the antenna reboot procedure?
EXPECTED TAGS: ['start_procedure_system_restart', 'vitals_heart_rate']
PREDICTED TAGS: ['start_procedure_system_restart']
EXPECTED TOKENS: ['TEXT', 'TEXT', 'TEXT', 'TEXT', 'TEXT', 'TEXT', 'TEXT', 'TEXT', 'TEXT', 'TEXT', 'TEXT', 'TEXT', 'TEXT', 'TEXT', 'TEXT', 'TEXT']
PREDICTED TOKENS: ['TEXT', 'TEXT', 'TEXT', 'TEXT', 'TEXT', 'TEXT', 'TEXT', 'TEXT', 'TEXT', 'TEXT', 'TEXT', 'TEXT', 'TEXT', 'TEXT', 'TEXT', 'TEXT']
----------------------------------------
